Component: ARM Compiler 5.06 update 7 (build 960) Tool: armlink [4d3601]

==============================================================================

Section Cross References

    startup_stm32f103xb.o(STACK) refers (Special) to heapauxi.o(.text) for __use_two_region_memory
    startup_stm32f103xb.o(HEAP) refers (Special) to heapauxi.o(.text) for __use_two_region_memory
    startup_stm32f103xb.o(RESET) refers (Special) to heapauxi.o(.text) for __use_two_region_memory
    startup_stm32f103xb.o(RESET) refers to startup_stm32f103xb.o(STACK) for __initial_sp
    startup_stm32f103xb.o(RESET) refers to startup_stm32f103xb.o(.text) for Reset_Handler
    startup_stm32f103xb.o(RESET) refers to stm32f1xx_it.o(i.NMI_Handler) for NMI_Handler
    startup_stm32f103xb.o(RESET) refers to stm32f1xx_it.o(i.HardFault_Handler) for HardFault_Handler
    startup_stm32f103xb.o(RESET) refers to stm32f1xx_it.o(i.MemManage_Handler) for MemManage_Handler
    startup_stm32f103xb.o(RESET) refers to stm32f1xx_it.o(i.BusFault_Handler) for BusFault_Handler
    startup_stm32f103xb.o(RESET) refers to stm32f1xx_it.o(i.UsageFault_Handler) for UsageFault_Handler
    startup_stm32f103xb.o(RESET) refers to stm32f1xx_it.o(i.SVC_Handler) for SVC_Handler
    startup_stm32f103xb.o(RESET) refers to stm32f1xx_it.o(i.DebugMon_Handler) for DebugMon_Handler
    startup_stm32f103xb.o(RESET) refers to stm32f1xx_it.o(i.PendSV_Handler) for PendSV_Handler
    startup_stm32f103xb.o(RESET) refers to stm32f1xx_it.o(i.SysTick_Handler) for SysTick_Handler
    startup_stm32f103xb.o(RESET) refers to stm32f1xx_it.o(i.ADC1_2_IRQHandler) for ADC1_2_IRQHandler
    startup_stm32f103xb.o(RESET) refers to stm32f1xx_it.o(i.TIM2_IRQHandler) for TIM2_IRQHandler
    startup_stm32f103xb.o(.text) refers (Special) to heapauxi.o(.text) for __use_two_region_memory
    startup_stm32f103xb.o(.text) refers to system_stm32f1xx.o(i.SystemInit) for SystemInit
    startup_stm32f103xb.o(.text) refers to __main.o(!!!main) for __main
    startup_stm32f103xb.o(.text) refers to startup_stm32f103xb.o(HEAP) for Heap_Mem
    startup_stm32f103xb.o(.text) refers to startup_stm32f103xb.o(STACK) for Stack_Mem
    oled.o(i.IIC_Start) refers to stm32f1xx_hal_gpio.o(i.HAL_GPIO_WritePin) for HAL_GPIO_WritePin
    oled.o(i.IIC_Start) refers to oled.o(i.OledDelay) for OledDelay
    oled.o(i.IIC_Stop) refers to stm32f1xx_hal_gpio.o(i.HAL_GPIO_WritePin) for HAL_GPIO_WritePin
    oled.o(i.IIC_Stop) refers to oled.o(i.OledDelay) for OledDelay
    oled.o(i.IIC_Wait_Ack) refers to stm32f1xx_hal_gpio.o(i.HAL_GPIO_WritePin) for HAL_GPIO_WritePin
    oled.o(i.IIC_Wait_Ack) refers to oled.o(i.OledDelay) for OledDelay
    oled.o(i.OLED_Clear) refers to oled.o(i.OLED_WR_Byte) for OLED_WR_Byte
    oled.o(i.OLED_Display_Off) refers to oled.o(i.OLED_WR_Byte) for OLED_WR_Byte
    oled.o(i.OLED_Display_On) refers to oled.o(i.OLED_WR_Byte) for OLED_WR_Byte
    oled.o(i.OLED_DrawBMP) refers to oled.o(i.OLED_Set_Pos) for OLED_Set_Pos
    oled.o(i.OLED_DrawBMP) refers to oled.o(i.OLED_WR_Byte) for OLED_WR_Byte
    oled.o(i.OLED_Init) refers to stm32f1xx_hal_gpio.o(i.HAL_GPIO_Init) for HAL_GPIO_Init
    oled.o(i.OLED_Init) refers to stm32f1xx_hal_gpio.o(i.HAL_GPIO_WritePin) for HAL_GPIO_WritePin
    oled.o(i.OLED_Init) refers to stm32f1xx_hal.o(i.HAL_Delay) for HAL_Delay
    oled.o(i.OLED_Init) refers to oled.o(i.OLED_WR_Byte) for OLED_WR_Byte
    oled.o(i.OLED_Init) refers to oled.o(i.OLED_Clear) for OLED_Clear
    oled.o(i.OLED_Set_Pos) refers to oled.o(i.OLED_WR_Byte) for OLED_WR_Byte
    oled.o(i.OLED_ShowCHinese) refers to oled.o(i.OLED_Set_Pos) for OLED_Set_Pos
    oled.o(i.OLED_ShowCHinese) refers to oled.o(i.OLED_WR_Byte) for OLED_WR_Byte
    oled.o(i.OLED_ShowCHinese) refers to oled.o(.constdata) for .constdata
    oled.o(i.OLED_ShowChar) refers to oled.o(i.OLED_Set_Pos) for OLED_Set_Pos
    oled.o(i.OLED_ShowChar) refers to oled.o(i.OLED_WR_Byte) for OLED_WR_Byte
    oled.o(i.OLED_ShowChar) refers to oled.o(.constdata) for .constdata
    oled.o(i.OLED_ShowNum) refers to oled.o(i.OLED_ShowChar) for OLED_ShowChar
    oled.o(i.OLED_ShowString) refers to oled.o(i.OLED_ShowChar) for OLED_ShowChar
    oled.o(i.OLED_WR_Byte) refers to oled.o(i.IIC_Start) for IIC_Start
    oled.o(i.OLED_WR_Byte) refers to oled.o(i.Write_IIC_Byte) for Write_IIC_Byte
    oled.o(i.OLED_WR_Byte) refers to oled.o(i.IIC_Wait_Ack) for IIC_Wait_Ack
    oled.o(i.OLED_WR_Byte) refers to oled.o(i.IIC_Stop) for IIC_Stop
    oled.o(i.Write_IIC_Byte) refers to stm32f1xx_hal_gpio.o(i.HAL_GPIO_WritePin) for HAL_GPIO_WritePin
    oled.o(i.Write_IIC_Byte) refers to oled.o(i.OledDelay) for OledDelay
    main.o(i.ADC1_Select_Channel) refers to stm32f1xx_hal_adc.o(i.HAL_ADC_ConfigChannel) for HAL_ADC_ConfigChannel
    main.o(i.ADC1_Select_Channel) refers to adc.o(.bss) for hadc1
    main.o(i.ADC_ReadVoltage_HAL) refers to fflt_clz.o(x$fpl$ffltu) for __aeabi_ui2f
    main.o(i.ADC_ReadVoltage_HAL) refers to fmul.o(x$fpl$fmul) for __aeabi_fmul
[...]
    i.HAL_RCCEx_GetPeriphCLKFreq             0x08002018   Section        0  stm32f1xx_hal_rcc_ex.o(i.HAL_RCCEx_GetPeriphCLKFreq)
    i.HAL_RCCEx_PeriphCLKConfig              0x080020bc   Section        0  stm32f1xx_hal_rcc_ex.o(i.HAL_RCCEx_PeriphCLKConfig)
    i.HAL_RCC_ClockConfig                    0x080021a8   Section        0  stm32f1xx_hal_rcc.o(i.HAL_RCC_ClockConfig)
    i.HAL_RCC_GetPCLK2Freq                   0x080022d4   Section        0  stm32f1xx_hal_rcc.o(i.HAL_RCC_GetPCLK2Freq)
    i.HAL_RCC_GetSysClockFreq                0x080022f4   Section        0  stm32f1xx_hal_rcc.o(i.HAL_RCC_GetSysClockFreq)
    i.HAL_RCC_OscConfig                      0x08002340   Section        0  stm32f1xx_hal_rcc.o(i.HAL_RCC_OscConfig)
    i.HAL_SYSTICK_Config                     0x08002660   Section        0  stm32f1xx_hal_cortex.o(i.HAL_SYSTICK_Config)
    i.HAL_TIMEx_BreakCallback                0x08002688   Section        0  stm32f1xx_hal_tim_ex.o(i.HAL_TIMEx_BreakCallback)
    i.HAL_TIMEx_CommutCallback               0x0800268a   Section        0  stm32f1xx_hal_tim_ex.o(i.HAL_TIMEx_CommutCallback)
    i.HAL_TIMEx_ConfigBreakDeadTime          0x0800268c   Section        0  stm32f1xx_hal_tim_ex.o(i.HAL_TIMEx_ConfigBreakDeadTime)
    i.HAL_TIMEx_MasterConfigSynchronization  0x080026e0   Section        0  stm32f1xx_hal_tim_ex.o(i.HAL_TIMEx_MasterConfigSynchronization)
    i.HAL_TIM_Base_Init                      0x08002748   Section        0  stm32f1xx_hal_tim.o(i.HAL_TIM_Base_Init)
    i.HAL_TIM_Base_MspInit                   0x080027a4   Section        0  tim.o(i.HAL_TIM_Base_MspInit)
    i.HAL_TIM_Base_Start_IT                  0x080027f4   Section        0  stm32f1xx_hal_tim.o(i.HAL_TIM_Base_Start_IT)
    i.HAL_TIM_ConfigClockSource              0x0800284c   Section        0  stm32f1xx_hal_tim.o(i.HAL_TIM_ConfigClockSource)
    i.HAL_TIM_IC_CaptureCallback             0x08002928   Section        0  stm32f1xx_hal_tim.o(i.HAL_TIM_IC_CaptureCallback)
    i.HAL_TIM_IRQHandler                     0x0800292a   Section        0  stm32f1xx_hal_tim.o(i.HAL_TIM_IRQHandler)
    i.HAL_TIM_MspPostInit                    0x08002a5c   Section        0  tim.o(i.HAL_TIM_MspPostInit)
    i.HAL_TIM_OC_DelayElapsedCallback        0x08002ac0   Section        0  stm32f1xx_hal_tim.o(i.HAL_TIM_OC_DelayElapsedCallback)
    i.HAL_TIM_PWM_ConfigChannel              0x08002ac2   Section        0  stm32f1xx_hal_tim.o(i.HAL_TIM_PWM_ConfigChannel)
    i.HAL_TIM_PWM_Init                       0x08002b8e   Section        0  stm32f1xx_hal_tim.o(i.HAL_TIM_PWM_Init)
    i.HAL_TIM_PWM_MspInit                    0x08002be8   Section        0  stm32f1xx_hal_tim.o(i.HAL_TIM_PWM_MspInit)
    i.HAL_TIM_PWM_PulseFinishedCallback      0x08002bea   Section        0  stm32f1xx_hal_tim.o(i.HAL_TIM_PWM_PulseFinishedCallback)
    i.HAL_TIM_PWM_Start                      0x08002bec   Section        0  stm32f1xx_hal_tim.o(i.HAL_TIM_PWM_Start)
    i.HAL_TIM_PeriodElapsedCallback          0x08002c88   Section        0  main.o(i.HAL_TIM_PeriodElapsedCallback)
    i.HAL_TIM_TriggerCallback                0x08002cac   Section        0  stm32f1xx_hal_tim.o(i.HAL_TIM_TriggerCallback)
    i.HardFault_Handler                      0x08002cae   Section        0  stm32f1xx_it.o(i.HardFault_Handler)
    i.IIC_Start                              0x08002cb0   Section        0  oled.o(i.IIC_Start)
    IIC_Start                                0x08002cb1   Thumb Code    60  oled.o(i.IIC_Start)
    i.IIC_Stop                               0x08002cf0   Section        0  oled.o(i.IIC_Stop)
    IIC_Stop                                 0x08002cf1   Thumb Code    48  oled.o(i.IIC_Stop)
    i.IIC_Wait_Ack                           0x08002d24   Section        0  oled.o(i.IIC_Wait_Ack)
    IIC_Wait_Ack                             0x08002d25   Thumb Code    38  oled.o(i.IIC_Wait_Ack)
    i.MX_ADC1_Init                           0x08002d50   Section        0  adc.o(i.MX_ADC1_Init)
    i.MX_ADC2_Init                           0x08002da0   Section        0  adc.o(i.MX_ADC2_Init)
    i.MX_GPIO_Init                           0x08002df0   Section        0  gpio.o(i.MX_GPIO_Init)
    i.MX_TIM1_Init                           0x08002e9c   Section        0  tim.o(i.MX_TIM1_Init)
    i.MX_TIM2_Init                           0x08002f64   Section        0  tim.o(i.MX_TIM2_Init)
    i.MemManage_Handler                      0x08002ffc   Section        0  stm32f1xx_it.o(i.MemManage_Handler)
    i.NMI_Handler                            0x08002ffe   Section        0  stm32f1xx_it.o(i.NMI_Handler)
    i.OLED_Clear                             0x08003000   Section        0  oled.o(i.OLED_Clear)
    i.OLED_Init                              0x0800303c   Section        0  oled.o(i.OLED_Init)
    i.OLED_Set_Pos                           0x08003174   Section        0  oled.o(i.OLED_Set_Pos)
    i.OLED_ShowChar                          0x0800319c   Section        0  oled.o(i.OLED_ShowChar)
    i.OLED_ShowString                        0x08003228   Section        0  oled.o(i.OLED_ShowString)
    i.OLED_WR_Byte                           0x0800325e   Section        0  oled.o(i.OLED_WR_Byte)
    OLED_WR_Byte                             0x0800325f   Thumb Code    68  oled.o(i.OLED_WR_Byte)
    i.OledDelay                              0x080032a2   Section        0  oled.o(i.OledDelay)
    OledDelay                                0x080032a3   Thumb Code    28  oled.o(i.OledDelay)
    i.PI_Init                                0x080032be   Section        0  main.o(i.PI_Init)
    i.PI_Update                              0x080032d0   Section        0  main.o(i.PI_Update)
    i.PendSV_Handler                         0x08003350   Section        0  stm32f1xx_it.o(i.PendSV_Handler)
    i.SVC_Handler                            0x08003352   Section        0  stm32f1xx_it.o(i.SVC_Handler)
    i.SysTick_Handler                        0x08003354   Section        0  stm32f1xx_it.o(i.SysTick_Handler)
    i.SystemClock_Config                     0x08003358   Section        0  main.o(i.SystemClock_Config)
    i.SystemInit                             0x080033d0   Section        0  system_stm32f1xx.o(i.SystemInit)
    i.TIM2_IRQHandler                        0x080033d4   Section        0  stm32f1xx_it.o(i.TIM2_IRQHandler)
    i.TIM_Base_SetConfig                     0x080033e0   Section        0  stm32f1xx_hal_tim.o(i.TIM_Base_SetConfig)
    i.TIM_CCxChannelCmd                      0x08003458   Section        0  stm32f1xx_hal_tim.o(i.TIM_CCxChannelCmd)
    i.TIM_ETR_SetConfig                      0x08003472   Section        0  stm32f1xx_hal_tim.o(i.TIM_ETR_SetConfig)
    i.TIM_ITRx_SetConfig                     0x08003486   Section        0  stm32f1xx_hal_tim.o(i.TIM_ITRx_SetConfig)
    TIM_ITRx_SetConfig                       0x08003487   Thumb Code    16  stm32f1xx_hal_tim.o(i.TIM_ITRx_SetConfig)
    i.TIM_OC1_SetConfig                      0x08003498   Section        0  stm32f1xx_hal_tim.o(i.TIM_OC1_SetConfig)
    TIM_OC1_SetConfig                        0x08003499   Thumb Code    74  stm32f1xx_hal_tim.o(i.TIM_OC1_SetConfig)
    i.TIM_OC2_SetConfig                      0x080034e8   Section        0  stm32f1xx_hal_tim.o(i.TIM_OC2_SetConfig)
    i.TIM_OC3_SetConfig                      0x08003540   Section        0  stm32f1xx_hal_tim.o(i.TIM_OC3_SetConfig)
    TIM_OC3_SetConfig                        0x08003541   Thumb Code    82  stm32f1xx_hal_tim.o(i.TIM_OC3_SetConfig)
    i.TIM_OC4_SetConfig                      0x08003598   Section        0  stm32f1xx_hal_tim.o(i.TIM_OC4_SetConfig)
    TIM_OC4_SetConfig                        0x08003599   Thumb Code    64  stm32f1xx_hal_tim.o(i.TIM_OC4_SetConfig)
    i.TIM_TI1_ConfigInputStage               0x080035dc   Section        0  stm32f1xx_hal_tim.o(i.TIM_TI1_ConfigInputStage)
    TIM_TI1_ConfigInputStage                 0x080035dd   Thumb Code    34  stm32f1xx_hal_tim.o(i.TIM_TI1_ConfigInputStage)
    i.TIM_TI2_ConfigInputStage               0x080035fe   Section        0  stm32f1xx_hal_tim.o(i.TIM_TI2_ConfigInputStage)
    TIM_TI2_ConfigInputStage                 0x080035ff   Thumb Code    36  stm32f1xx_hal_tim.o(i.TIM_TI2_ConfigInputStage)
    i.UsageFault_Handler                     0x08003622   Section        0  stm32f1xx_it.o(i.UsageFault_Handler)
    i.Write_IIC_Byte                         0x08003624   Section        0  oled.o(i.Write_IIC_Byte)
    Write_IIC_Byte                           0x08003625   Thumb Code    78  oled.o(i.Write_IIC_Byte)
    i.__ARM_fpclassify                       0x08003678   Section        0  fpclassify.o(i.__ARM_fpclassify)
    i.__NVIC_SetPriority                     0x080036a0   Section        0  stm32f1xx_hal_cortex.o(i.__NVIC_SetPriority)
    __NVIC_SetPriority                       0x080036a1   Thumb Code    32  stm32f1xx_hal_cortex.o(i.__NVIC_SetPriority)
    i.__kernel_poly                          0x080036c0   Section        0  poly.o(i.__kernel_poly)
    i.__mathlib_dbl_divzero                  0x0800376c   Section        0  dunder.o(i.__mathlib_dbl_divzero)
    i.__mathlib_dbl_infnan                   0x0800377c   Section        0  dunder.o(i.__mathlib_dbl_infnan)
    i.__mathlib_dbl_invalid                  0x08003782   Section        0  dunder.o(i.__mathlib_dbl_invalid)
    i._is_digit                              0x0800378e   Section        0  __printf_wp.o(i._is_digit)
    i.log                                    0x0800379c   Section        0  log.o(i.log)
    i.main                                   0x08003af8   Section        0  main.o(i.main)
    i.sqrtf                                  0x08003c78   Section        0  sqrtf.o(i.sqrtf)
    locale$$code                             0x08003ca4   Section       44  lc_numeric_c.o(locale$$code)
    x$fpl$d2f                                0x08003cd0   Section       98  d2f.o(x$fpl$d2f)
    x$fpl$dadd                               0x08003d34   Section      336  daddsub_clz.o(x$fpl$dadd)
    _dadd1                                   0x08003d45   Thumb Code     0  daddsub_clz.o(x$fpl$dadd)
    x$fpl$dcheck1                            0x08003e84   Section       16  dcheck1.o(x$fpl$dcheck1)
    x$fpl$dcmpinf                            0x08003e94   Section       24  dcmpi.o(x$fpl$dcmpinf)
    x$fpl$ddiv                               0x08003eac   Section      688  ddiv.o(x$fpl$ddiv)
    ddiv_entry                               0x08003eb3   Thumb Code     0  ddiv.o(x$fpl$ddiv)
    x$fpl$deqf                               0x0800415c   Section      120  deqf.o(x$fpl$deqf)
    x$fpl$dflt                               0x080041d4   Section       46  dflt_clz.o(x$fpl$dflt)
    x$fpl$dmul                               0x08004204   Section      340  dmul.o(x$fpl$dmul)
    x$fpl$dnaninf                            0x08004358   Section      156  dnaninf.o(x$fpl$dnaninf)
    x$fpl$dretinf                            0x080043f4   Section       12  dretinf.o(x$fpl$dretinf)
    x$fpl$drsb                               0x08004400   Section       22  daddsub_clz.o(x$fpl$drsb)
    x$fpl$dsub                               0x08004418   Section      468  daddsub_clz.o(x$fpl$dsub)
    _dsub1                                   0x08004429   Thumb Code     0  daddsub_clz.o(x$fpl$dsub)
    x$fpl$f2d                                0x080045ec   Section       86  f2d.o(x$fpl$f2d)
    x$fpl$fadd                               0x08004644   Section      196  faddsub_clz.o(x$fpl$fadd)
    _fadd1                                   0x08004653   Thumb Code     0  faddsub_clz.o(x$fpl$fadd)
    x$fpl$fcheck1                            0x08004708   Section       12  fcheck1.o(x$fpl$fcheck1)
    x$fpl$fcmpinf                            0x08004714   Section       24  fcmpi.o(x$fpl$fcmpinf)
    x$fpl$fdiv                               0x0800472c   Section      388  fdiv.o(x$fpl$fdiv)
    _fdiv1                                   0x0800472d   Thumb Code     0  fdiv.o(x$fpl$fdiv)
    x$fpl$ffixu                              0x080048b0   Section       62  ffixu.o(x$fpl$ffixu)
    x$fpl$ffltll                             0x080048ee   Section       96  ffltll_clz.o(x$fpl$ffltll)
    x$fpl$ffltu                              0x08004950   Section       38  fflt_clz.o(x$fpl$ffltu)
    x$fpl$fleqf                              0x08004978   Section      104  fleqf.o(x$fpl$fleqf)
    x$fpl$fmul                               0x080049e0   Section      258  fmul.o(x$fpl$fmul)
    x$fpl$fnaninf                            0x08004ae2   Section      140  fnaninf.o(x$fpl$fnaninf)
    x$fpl$fretinf                            0x08004b6e   Section       10  fretinf.o(x$fpl$fretinf)
    x$fpl$frleqf                             0x08004b78   Section       98  frleqf.o(x$fpl$frleqf)
    x$fpl$fsqrt                              0x08004bdc   Section      272  fsqrt.o(x$fpl$fsqrt)
    x$fpl$fsub                               0x08004cec   Section      234  faddsub_clz.o(x$fpl$fsub)
    _fsub1                                   0x08004cfb   Thumb Code     0  faddsub_clz.o(x$fpl$fsub)
    x$fpl$printf1                            0x08004dd6   Section        4  printf1.o(x$fpl$printf1)
    x$fpl$retnan                             0x08004dda   Section      100  retnan.o(x$fpl$retnan)
    x$fpl$scalbn                             0x08004e3e   Section       92  scalbn.o(x$fpl$scalbn)
    x$fpl$scalbnf                            0x08004e9a   Section       76  scalbnf.o(x$fpl$scalbnf)
    x$fpl$trapveneer                         0x08004ee6   Section       48  trapv.o(x$fpl$trapveneer)
    .constdata                               0x08004f16   Section     3480  oled.o(.constdata)
    x$fpl$usenofp                            0x08004f16   Section        0  usenofp.o(x$fpl$usenofp)
    F6x8                                     0x08004f16   Data         552  oled.o(.constdata)
    F8X16                                    0x0800513e   Data        2576  oled.o(.constdata)
    Hzk                                      0x08005b4e   Data         352  oled.o(.constdata)
    .constdata                               0x08005cae   Section       18  stm32f1xx_hal_rcc.o(.constdata)
    aPredivFactorTable                       0x08005cae   Data           2  stm32f1xx_hal_rcc.o(.constdata)
    aPLLMULFactorTable                       0x08005cb0   Data          16  stm32f1xx_hal_rcc.o(.constdata)
    .constdata                               0x08005cc0   Section       18  stm32f1xx_hal_rcc_ex.o(.constdata)
    aPredivFactorTable                       0x08005cc0   Data           2  stm32f1xx_hal_rcc_ex.o(.constdata)
    aPLLMULFactorTable                       0x08005cc2   Data          16  stm32f1xx_hal_rcc_ex.o(.constdata)
    .constdata                               0x08005cd2   Section       16  system_stm32f1xx.o(.constdata)
    .constdata                               0x08005ce2   Section        8  system_stm32f1xx.o(.constdata)
    .constdata                               0x08005cea   Section       17  __printf_flags_wp.o(.constdata)
    maptable                                 0x08005cea   Data          17  __printf_flags_wp.o(.constdata)
    .constdata                               0x08005d00   Section       56  log.o(.constdata)
    Lg2                                      0x08005d00   Data          24  log.o(.constdata)
    Lg                                       0x08005d18   Data          32  log.o(.constdata)
    .constdata                               0x08005d38   Section        8  qnan.o(.constdata)
    .constdata                               0x08005d40   Section      148  bigflt0.o(.constdata)
    tenpwrs_x                                0x08005d40   Data          60  bigflt0.o(.constdata)
    tenpwrs_i                                0x08005d7c   Data          64  bigflt0.o(.constdata)
    locale$$data                             0x08005df4   Section       28  lc_numeric_c.o(locale$$data)
    __lcnum_c_name                           0x08005df8   Data           2  lc_numeric_c.o(locale$$data)
    __lcnum_c_start                          0x08005e00   Data           0  lc_numeric_c.o(locale$$data)
    __lcnum_c_point                          0x08005e0c   Data           0  lc_numeric_c.o(locale$$data)
    __lcnum_c_thousands                      0x08005e0e   Data           0  lc_numeric_c.o(locale$$data)
    __lcnum_c_grouping                       0x08005e0f   Data           0  lc_numeric_c.o(locale$$data)
    __lcnum_c_end                            0x08005e10   Data           0  lc_numeric_c.o(locale$$data)
    .data                                    0x20000000   Section       56  main.o(.data)
    .data                                    0x20000038   Section       12  stm32f1xx_hal.o(.data)
    .data                                    0x20000044   Section        4  system_stm32f1xx.o(.data)
    .bss                                     0x20000048   Section      168  main.o(.bss)
    .bss                                     0x200000f0   Section       96  adc.o(.bss)
    .bss                                     0x20000150   Section      144  tim.o(.bss)
    .bss                                     0x200001e0   Section       96  libspace.o(.bss)
    HEAP                                     0x20000240   Section      512  startup_stm32f103xb.o(HEAP)
    Heap_Mem                                 0x20000240   Data         512  startup_stm32f103xb.o(HEAP)
    STACK                                    0x20000440   Section     1024  startup_stm32f103xb.o(STACK)
    Stack_Mem                                0x20000440   Data        1024  startup_stm32f103xb.o(STACK)
    __initial_sp                             0x20000840   Data           0  startup_stm32f103xb.o(STACK)

    Global Symbols

    Symbol Name                              Value     Ov Type        Size  Object(Section)

    BuildAttributes$$THM_ISAv4$P$D$K$B$S$PE$A:L22UL41UL21$X:L11$S22US41US21$IEEE1$IW$USESV6$~STKCKD$USESV7$~SHL$OTIME$ROPI$IEEEX$EBA8$UX$STANDARDLIB$REQ8$PRES8$EABIv2 0x00000000   Number         0  anon$$obj.o ABSOLUTE
    __ARM_use_no_argv                        0x00000000   Number         0  main.o ABSOLUTE
    _printf_flags                            0x00000000   Number         0  printf_stubs.o ABSOLUTE
    _printf_return_value                     0x00000000   Number         0  printf_stubs.o ABSOLUTE
    _printf_sizespec                         0x00000000   Number         0  printf_stubs.o ABSOLUTE
    _printf_widthprec                        0x00000000   Number         0  printf_stubs.o ABSOLUTE
    __ARM_exceptions_init                     - Undefined Weak Reference
    __alloca_initialize                       - Undefined Weak Reference
    __arm_fini_                               - Undefined Weak Reference
    __arm_preinit_                            - Undefined Weak Reference
    __cpp_initialize__aeabi_                  - Undefined Weak Reference
    __cxa_finalize                            - Undefined Weak Reference
    __sigvec_lookup                           - Undefined Weak Reference
    _atexit_init                              - Undefined Weak Reference
    _call_atexit_fns                          - Undefined Weak Reference
    _clock_init                               - Undefined Weak Reference
    _fp_trap_init                             - Undefined Weak Reference
    _fp_trap_shutdown                         - Undefined Weak Reference
    _get_lc_collate                           - Undefined Weak Reference
    _get_lc_ctype                             - Undefined Weak Reference
    _get_lc_monetary                          - Undefined Weak Reference
    _get_lc_time                              - Undefined Weak Reference
    _getenv_init                              - Undefined Weak Reference
    _handle_redirection                       - Undefined Weak Reference
    _init_alloc                               - Undefined Weak Reference
    _init_user_alloc                          - Undefined Weak Reference
    _initio                                   - Undefined Weak Reference
    _rand_init                                - Undefined Weak Reference
    _signal_finish                            - Undefined Weak Reference
    _signal_init                              - Undefined Weak Reference
    _terminate_alloc                          - Undefined Weak Reference
    _terminate_user_alloc                     - Undefined Weak Reference
    _terminateio                              - Undefined Weak Reference
    __Vectors_Size                           0x000000ec   Number         0  startup_stm32f103xb.o ABSOLUTE
    __Vectors                                0x08000000   Data           4  startup_stm32f103xb.o(RESET)
    __Vectors_End                            0x080000ec   Data           0  startup_stm32f103xb.o(RESET)
    __main                                   0x080000ed   Thumb Code     8  __main.o(!!!main)
    __scatterload                            0x080000f5   Thumb Code     0  __scatter.o(!!!scatter)
    __scatterload_rt2                        0x080000f5   Thumb Code    44  __scatter.o(!!!scatter)
    __scatterload_rt2_thumb_only             0x080000f5   Thumb Code     0  __scatter.o(!!!scatter)
    __scatterload_null                       0x08000103   Thumb Code     0  __scatter.o(!!!scatter)
    __scatterload_copy                       0x08000129   Thumb Code    26  __scatter_copy.o(!!handler_copy)
    __scatterload_zeroinit                   0x08000145   Thumb Code    28  __scatter_zi.o(!!handler_zi)
    _printf_f                                0x08000161   Thumb Code     0  _printf_f.o(.ARM.Collect$$_printf_percent$$00000003)
    _printf_percent                          0x08000161   Thumb Code     0  _printf_percent.o(.ARM.Collect$$_printf_percent$$00000000)
    _printf_percent_end                      0x08000167   Thumb Code     0  _printf_percent_end.o(.ARM.Collect$$_printf_percent$$00000017)
    __rt_lib_init                            0x0800016b   Thumb Code     0  libinit.o(.ARM.Collect$$libinit$$00000000)
    __rt_lib_init_fp_1                       0x0800016d   Thumb Code     0  libinit2.o(.ARM.Collect$$libinit$$00000002)
    __rt_lib_init_heap_1                     0x0800016d   Thumb Code     0  libinit2.o(.ARM.Collect$$libinit$$0000000A)
    __rt_lib_init_lc_common                  0x0800016d   Thumb Code     0  libinit2.o(.ARM.Collect$$libinit$$0000000F)
    __rt_lib_init_preinit_1                  0x0800016d   Thumb Code     0  libinit2.o(.ARM.Collect$$libinit$$00000004)
    __rt_lib_init_rand_1                     0x0800016d   Thumb Code     0  libinit2.o(.ARM.Collect$$libinit$$0000000E)
    __rt_lib_init_user_alloc_1               0x0800016d   Thumb Code     0  libinit2.o(.ARM.Collect$$libinit$$0000000C)
    __rt_lib_init_lc_collate_1               0x08000173   Thumb Code     0  libinit2.o(.ARM.Collect$$libinit$$00000011)
    __rt_lib_init_lc_ctype_1                 0x08000173   Thumb Code     0  libinit2.o(.ARM.Collect$$libinit$$00000013)
    __rt_lib_init_lc_monetary_1              0x08000173   Thumb Code     0  libinit2.o(.ARM.Collect$$libinit$$00000015)
    __rt_lib_init_lc_numeric_2               0x08000173   Thumb Code     0  libinit2.o(.ARM.Collect$$libinit$$00000016)
    __rt_lib_init_alloca_1                   0x0800017d   Thumb Code     0  libinit2.o(.ARM.Collect$$libinit$$0000002E)
    __rt_lib_init_argv_1                     0x0800017d   Thumb Code     0  libinit2.o(.ARM.Collect$$libinit$$0000002C)
    __rt_lib_init_atexit_1                   0x0800017d   Thumb Code     0  libinit2.o(.ARM.Collect$$libinit$$0000001B)
    __rt_lib_init_clock_1                    0x0800017d   Thumb Code     0  libinit2.o(.ARM.Collect$$libinit$$00000021)
    __rt_lib_init_cpp_1                      0x0800017d   Thumb Code     0  libinit2.o(.ARM.Collect$$libinit$$00000032)
    __rt_lib_init_exceptions_1               0x0800017d   Thumb Code     0  libinit2.o(.ARM.Collect$$libinit$$00000030)
    __rt_lib_init_fp_trap_1                  0x0800017d   Thumb Code     0  libinit2.o(.ARM.Collect$$libinit$$0000001F)
    __rt_lib_init_getenv_1                   0x0800017d   Thumb Code     0  libinit2.o(.ARM.Collect$$libinit$$00000023)
    __rt_lib_init_lc_numeric_1               0x0800017d   Thumb Code     0  libinit2.o(.ARM.Collect$$libinit$$00000017)
    __rt_lib_init_lc_time_1                  0x0800017d   Thumb Code     0  libinit2.o(.ARM.Collect$$libinit$$00000019)
    __rt_lib_init_return                     0x0800017d   Thumb Code     0  libinit2.o(.ARM.Collect$$libinit$$00000033)
    __rt_lib_init_signal_1                   0x0800017d   Thumb Code     0  libinit2.o(.ARM.Collect$$libinit$$0000001D)
    __rt_lib_init_stdio_1                    0x0800017d   Thumb Code     0  libinit2.o(.ARM.Collect$$libinit$$00000025)
    __rt_lib_shutdown                        0x0800017f   Thumb Code     0  libshutdown.o(.ARM.Collect$$libshutdown$$00000000)
    __rt_lib_shutdown_cpp_1                  0x08000181   Thumb Code     0  libshutdown2.o(.ARM.Collect$$libshutdown$$00000004)
    __rt_lib_shutdown_fini_1                 0x08000181   Thumb Code     0  libshutdown2.o(.ARM.Collect$$libshutdown$$00000002)
    __rt_lib_shutdown_fp_trap_1              0x08000181   Thumb Code     0  libshutdown2.o(.ARM.Collect$$libshutdown$$00000009)
    __rt_lib_shutdown_heap_1                 0x08000181   Thumb Code     0  libshutdown2.o(.ARM.Collect$$libshutdown$$00000011)
    __rt_lib_shutdown_return                 0x08000181   Thumb Code     0  libshutdown2.o(.ARM.Collect$$libshutdown$$00000012)
    __rt_lib_shutdown_signal_1               0x08000181   Thumb Code     0  libshutdown2.o(.ARM.Collect$$libshutdown$$0000000C)
    __rt_lib_shutdown_stdio_1                0x08000181   Thumb Code     0  libshutdown2.o(.ARM.Collect$$libshutdown$$00000006)
    __rt_lib_shutdown_user_alloc_1           0x08000181   Thumb Code     0  libshutdown2.o(.ARM.Collect$$libshutdown$$0000000E)
    __rt_entry                               0x08000183   Thumb Code     0  __rtentry.o(.ARM.Collect$$rtentry$$00000000)
    __rt_entry_presh_1                       0x08000183   Thumb Code     0  __rtentry2.o(.ARM.Collect$$rtentry$$00000002)
    __rt_entry_sh                            0x08000183   Thumb Code     0  __rtentry4.o(.ARM.Collect$$rtentry$$00000004)
    __rt_entry_li                            0x08000189   Thumb Code     0  __rtentry2.o(.ARM.Collect$$rtentry$$0000000A)
    __rt_entry_postsh_1                      0x08000189   Thumb Code     0  __rtentry2.o(.ARM.Collect$$rtentry$$00000009)
    __rt_entry_main                          0x0800018d   Thumb Code     0  __rtentry2.o(.ARM.Collect$$rtentry$$0000000D)
    __rt_entry_postli_1                      0x0800018d   Thumb Code     0  __rtentry2.o(.ARM.Collect$$rtentry$$0000000C)
    __rt_exit                                0x08000195   Thumb Code     0  rtexit.o(.ARM.Collect$$rtexit$$00000000)
    __rt_exit_ls                             0x08000197   Thumb Code     0  rtexit2.o(.ARM.Collect$$rtexit$$00000003)
    __rt_exit_prels_1                        0x08000197   Thumb Code     0  rtexit2.o(.ARM.Collect$$rtexit$$00000002)
    __rt_exit_exit                           0x0800019b   Thumb Code     0  rtexit2.o(.ARM.Collect$$rtexit$$00000004)
    Reset_Handler                            0x080001a1   Thumb Code     8  startup_stm32f103xb.o(.text)
    CAN1_RX1_IRQHandler                      0x080001bb   Thumb Code     0  startup_stm32f103xb.o(.text)
    CAN1_SCE_IRQHandler                      0x080001bb   Thumb Code     0  startup_stm32f103xb.o(.text)
    DMA1_Channel1_IRQHandler                 0x080001bb   Thumb Code     0  startup_stm32f103xb.o(.text)
    DMA1_Channel2_IRQHandler                 0x080001bb   Thumb Code     0  startup_stm32f103xb.o(.text)
    DMA1_Channel3_IRQHandler                 0x080001bb   Thumb Code     0  startup_stm32f103xb.o(.text)
    DMA1_Channel4_IRQHandler                 0x080001bb   Thumb Code     0  startup_stm32f103xb.o(.text)
    DMA1_Channel5_IRQHandler                 0x080001bb   Thumb Code     0  startup_stm32f103xb.o(.text)
    DMA1_Channel6_IRQHandler                 0x080001bb   Thumb Code     0  startup_stm32f103xb.o(.text)
    DMA1_Channel7_IRQHandler                 0x080001bb   Thumb Code     0  startup_stm32f103xb.o(.text)
    EXTI0_IRQHandler                         0x080001bb   Thumb Code     0  startup_stm32f103xb.o(.text)
    EXTI15_10_IRQHandler                     0x080001bb   Thumb Code     0  startup_stm32f103xb.o(.text)
    EXTI1_IRQHandler                         0x080001bb   Thumb Code     0  startup_stm32f103xb.o(.text)
    EXTI2_IRQHandler                         0x080001bb   Thumb Code     0  startup_stm32f103xb.o(.text)
    EXTI3_IRQHandler                         0x080001bb   Thumb Code     0  startup_stm32f103xb.o(.text)
    EXTI4_IRQHandler                         0x080001bb   Thumb Code     0  startup_stm32f103xb.o(.text)
    EXTI9_5_IRQHandler                       0x080001bb   Thumb Code     0  startup_stm32f103xb.o(.text)
    FLASH_IRQHandler                         0x080001bb   Thumb Code     0  startup_stm32f103xb.o(.text)
    I2C1_ER_IRQHandler                       0x080001bb   Thumb Code     0  startup_stm32f103xb.o(.text)
    I2C1_EV_IRQHandler                       0x080001bb   Thumb Code     0  startup_stm32f103xb.o(.text)
    I2C2_ER_IRQHandler                       0x080001bb   Thumb Code     0  startup_stm32f103xb.o(.text)
    I2C2_EV_IRQHandler                       0x080001bb   Thumb Code     0  startup_stm32f103xb.o(.text)
    PVD_IRQHandler                           0x080001bb   Thumb Code     0  startup_stm32f103xb.o(.text)
    RCC_IRQHandler                           0x080001bb   Thumb Code     0  startup_stm32f103xb.o(.text)
    RTC_Alarm_IRQHandler                     0x080001bb   Thumb Code     0  startup_stm32f103xb.o(.text)
    RTC_IRQHandler                           0x080001bb   Thumb Code     0  startup_stm32f103xb.o(.text)
    SPI1_IRQHandler                          0x080001bb   Thumb Code     0  startup_stm32f103xb.o(.text)
    SPI2_IRQHandler                          0x080001bb   Thumb Code     0  startup_stm32f103xb.o(.text)
    TAMPER_IRQHandler                        0x080001bb   Thumb Code     0  startup_stm32f103xb.o(.text)
    TIM1_BRK_IRQHandler                      0x080001bb   Thumb Code     0  startup_stm32f103xb.o(.text)
    TIM1_CC_IRQHandler                       0x080001bb   Thumb Code     0  startup_stm32f103xb.o(.text)
    TIM1_TRG_COM_IRQHandler                  0x080001bb   Thumb Code     0  startup_stm32f103xb.o(.text)
    TIM1_UP_IRQHandler                       0x080001bb   Thumb Code     0  startup_stm32f103xb.o(.text)
    TIM3_IRQHandler                          0x080001bb   Thumb Code     0  startup_stm32f103xb.o(.text)
    TIM4_IRQHandler                          0x080001bb   Thumb Code     0  startup_stm32f103xb.o(.text)
    USART1_IRQHandler                        0x080001bb   Thumb Code     0  startup_stm32f103xb.o(.text)
    USART2_IRQHandler                        0x080001bb   Thumb Code     0  startup_stm32f103xb.o(.text)
    USART3_IRQHandler                        0x080001bb   Thumb Code     0  startup_stm32f103xb.o(.text)
    USBWakeUp_IRQHandler                     0x080001bb   Thumb Code     0  startup_stm32f103xb.o(.text)
    USB_HP_CAN1_TX_IRQHandler                0x080001bb   Thumb Code     0  startup_stm32f103xb.o(.text)
    USB_LP_CAN1_RX0_IRQHandler               0x080001bb   Thumb Code     0  startup_stm32f103xb.o(.text)
    WWDG_IRQHandler                          0x080001bb   Thumb Code     0  startup_stm32f103xb.o(.text)
    __user_initial_stackheap                 0x080001bd   Thumb Code     0  startup_stm32f103xb.o(.text)
    __2snprintf                              0x080001e1   Thumb Code    48  noretval__2snprintf.o(.text)
    _printf_pre_padding                      0x08000215   Thumb Code    44  _printf_pad.o(.text)
    _printf_post_padding                     0x08000241   Thumb Code    34  _printf_pad.o(.text)
    __printf                                 0x08000265   Thumb Code   308  __printf_flags_wp.o(.text)
    __aeabi_memclr4                          0x0800039d   Thumb Code     0  rt_memclr_w.o(.text)
    __aeabi_memclr8                          0x0800039d   Thumb Code     0  rt_memclr_w.o(.text)
    __rt_memclr_w                            0x0800039d   Thumb Code    78  rt_memclr_w.o(.text)
    _memset_w                                0x080003a1   Thumb Code     0  rt_memclr_w.o(.text)
    __use_two_region_memory                  0x080003eb   Thumb Code     2  heapauxi.o(.text)
    __rt_heap_escrow$2region                 0x080003ed   Thumb Code     2  heapauxi.o(.text)
    __rt_heap_expand$2region                 0x080003ef   Thumb Code     2  heapauxi.o(.text)
    __read_errno                             0x080003f1   Thumb Code    10  _rserrno.o(.text)
    __set_errno                              0x080003fb   Thumb Code    12  _rserrno.o(.text)
    __lib_sel_fp_printf                      0x08000407   Thumb Code     2  _printf_fp_dec.o(.text)
    _printf_fp_dec_real                      0x080005b9   Thumb Code   620  _printf_fp_dec.o(.text)
    _printf_char_common                      0x0800082f   Thumb Code    32  _printf_char_common.o(.text)
    _sputc                                   0x08000855   Thumb Code    10  _sputc.o(.text)
    _snputc                                  0x0800085f   Thumb Code    16  _snputc.o(.text)
    __rt_locale                              0x08000871   Thumb Code     8  rt_locale_intlibspace.o(.text)
    __aeabi_errno_addr                       0x08000879   Thumb Code     8  rt_errno_addr_intlibspace.o(.text)
    __errno$intlibspace                      0x08000879   Thumb Code     0  rt_errno_addr_intlibspace.o(.text)
    __rt_errno_addr$intlibspace              0x08000879   Thumb Code     0  rt_errno_addr_intlibspace.o(.text)
    _ll_udiv10                               0x08000881   Thumb Code   138  lludiv10.o(.text)
    _printf_fp_infnan                        0x0800090d   Thumb Code   112  _printf_fp_infnan.o(.text)
    _btod_etento                             0x0800098d   Thumb Code   224  bigflt0.o(.text)
    __user_libspace                          0x08000a71   Thumb Code     8  libspace.o(.text)
    __user_perproc_libspace                  0x08000a71   Thumb Code     0  libspace.o(.text)
    __user_perthread_libspace                0x08000a71   Thumb Code     0  libspace.o(.text)
    __user_setup_stackheap                   0x08000a79   Thumb Code    74  sys_stackheap_outer.o(.text)
    exit                                     0x08000ac3   Thumb Code    18  exit.o(.text)
    strcmp                                   0x08000ad5   Thumb Code   128  strcmpv7m.o(.text)
    _sys_exit                                0x08000b55   Thumb Code     8  sys_exit.o(.text)
    __I$use$semihosting                      0x08000b61   Thumb Code     0  use_no_semi.o(.text)
    __use_no_semihosting_swi                 0x08000b61   Thumb Code     2  use_no_semi.o(.text)
    __semihosting_library_function           0x08000b63   Thumb Code     0  indicate_semi.o(.text)
    _btod_d2e                                0x08000b63   Thumb Code    62  btod.o(CL$$btod_d2e)
    _d2e_denorm_low                          0x08000ba1   Thumb Code    70  btod.o(CL$$btod_d2e_denorm_low)
    _d2e_norm_op1                            0x08000be7   Thumb Code    96  btod.o(CL$$btod_d2e_norm_op1)
    __btod_div_common                        0x08000c47   Thumb Code   696  btod.o(CL$$btod_div_common)
    _e2e                                     0x08000f7f   Thumb Code   220  btod.o(CL$$btod_e2e)
    _btod_ediv                               0x0800105b   Thumb Code    42  btod.o(CL$$btod_ediv)
    _btod_emul                               0x08001085   Thumb Code    42  btod.o(CL$$btod_emul)
    __btod_mult_common                       0x080010af   Thumb Code   580  btod.o(CL$$btod_mult_common)
    ADC1_2_IRQHandler                        0x080012f5   Thumb Code    18  stm32f1xx_it.o(i.ADC1_2_IRQHandler)
    ADC1_Select_Channel                      0x08001311   Thumb Code    30  main.o(i.ADC1_Select_Channel)
    ADC_ConversionStop_Disable               0x08001335   Thumb Code    86  stm32f1xx_hal_adc.o(i.ADC_ConversionStop_Disable)
    ADC_Enable                               0x0800138d   Thumb Code   114  stm32f1xx_hal_adc.o(i.ADC_Enable)
    ADC_ReadVoltage_HAL                      0x08001409   Thumb Code    34  main.o(i.ADC_ReadVoltage_HAL)
    Apply_Filter                             0x08001439   Thumb Code    60  main.o(i.Apply_Filter)
    Apply_Filter_Float                       0x08001475   Thumb Code    92  main.o(i.Apply_Filter_Float)
    BusFault_Handler                         0x080014d1   Thumb Code     2  stm32f1xx_it.o(i.BusFault_Handler)
    Control_Loop_HAL                         0x080014d5   Thumb Code    74  main.o(i.Control_Loop_HAL)
    DebugMon_Handler                         0x0800153d   Thumb Code     2  stm32f1xx_it.o(i.DebugMon_Handler)
    Error_Handler                            0x0800153f   Thumb Code     4  main.o(i.Error_Handler)
    Get_Temperature                          0x08001545   Thumb Code   140  main.o(i.Get_Temperature)
    HAL_ADCEx_Calibration_Start              0x080015f5   Thumb Code   210  stm32f1xx_hal_adc_ex.o(i.HAL_ADCEx_Calibration_Start)
    HAL_ADCEx_InjectedConvCpltCallback       0x080016cd   Thumb Code     2  stm32f1xx_hal_adc_ex.o(i.HAL_ADCEx_InjectedConvCpltCallback)
    HAL_ADC_ConfigChannel                    0x080016d1   Thumb Code   240  stm32f1xx_hal_adc.o(i.HAL_ADC_ConfigChannel)
    HAL_ADC_ConvCpltCallback                 0x080017cd   Thumb Code   334  main.o(i.HAL_ADC_ConvCpltCallback)
    HAL_ADC_GetValue                         0x0800193d   Thumb Code     6  stm32f1xx_hal_adc.o(i.HAL_ADC_GetValue)
    HAL_ADC_IRQHandler                       0x08001943   Thumb Code   220  stm32f1xx_hal_adc.o(i.HAL_ADC_IRQHandler)
    HAL_ADC_Init                             0x08001a21   Thumb Code   272  stm32f1xx_hal_adc.o(i.HAL_ADC_Init)
    HAL_ADC_LevelOutOfWindowCallback         0x08001b3d   Thumb Code     2  stm32f1xx_hal_adc.o(i.HAL_ADC_LevelOutOfWindowCallback)
    HAL_ADC_MspInit                          0x08001b41   Thumb Code   160  adc.o(i.HAL_ADC_MspInit)
    HAL_ADC_Start_IT                         0x08001bf1   Thumb Code   194  stm32f1xx_hal_adc.o(i.HAL_ADC_Start_IT)
    HAL_Delay                                0x08001cbd   Thumb Code    32  stm32f1xx_hal.o(i.HAL_Delay)
    HAL_GPIO_Init                            0x08001ce1   Thumb Code   446  stm32f1xx_hal_gpio.o(i.HAL_GPIO_Init)
    HAL_GPIO_TogglePin                       0x08001ec1   Thumb Code    16  stm32f1xx_hal_gpio.o(i.HAL_GPIO_TogglePin)
    HAL_GPIO_WritePin                        0x08001ed1   Thumb Code    10  stm32f1xx_hal_gpio.o(i.HAL_GPIO_WritePin)
    HAL_GetTick                              0x08001edd   Thumb Code     6  stm32f1xx_hal.o(i.HAL_GetTick)
    HAL_IncTick                              0x08001ee9   Thumb Code    12  stm32f1xx_hal.o(i.HAL_IncTick)
    HAL_Init                                 0x08001ef9   Thumb Code    32  stm32f1xx_hal.o(i.HAL_Init)
    HAL_InitTick                             0x08001f1d   Thumb Code    54  stm32f1xx_hal.o(i.HAL_InitTick)
    HAL_MspInit                              0x08001f5d   Thumb Code    52  stm32f1xx_hal_msp.o(i.HAL_MspInit)
    HAL_NVIC_EnableIRQ                       0x08001f99   Thumb Code    26  stm32f1xx_hal_cortex.o(i.HAL_NVIC_EnableIRQ)
    HAL_NVIC_SetPriority                     0x08001fb5   Thumb Code    60  stm32f1xx_hal_cortex.o(i.HAL_NVIC_SetPriority)
    HAL_NVIC_SetPriorityGrouping             0x08001ff5   Thumb Code    26  stm32f1xx_hal_cortex.o(i.HAL_NVIC_SetPriorityGrouping)
    HAL_RCCEx_GetPeriphCLKFreq               0x08002019   Thumb Code   148  stm32f1xx_hal_rcc_ex.o(i.HAL_RCCEx_GetPeriphCLKFreq)
    HAL_RCCEx_PeriphCLKConfig                0x080020bd   Thumb Code   224  stm32f1xx_hal_rcc_ex.o(i.HAL_RCCEx_PeriphCLKConfig)
    HAL_RCC_ClockConfig                      0x080021a9   Thumb Code   280  stm32f1xx_hal_rcc.o(i.HAL_RCC_ClockConfig)
    HAL_RCC_GetPCLK2Freq                     0x080022d5   Thumb Code    20  stm32f1xx_hal_rcc.o(i.HAL_RCC_GetPCLK2Freq)
    HAL_RCC_GetSysClockFreq                  0x080022f5   Thumb Code    58  stm32f1xx_hal_rcc.o(i.HAL_RCC_GetSysClockFreq)
    HAL_RCC_OscConfig                        0x08002341   Thumb Code   778  stm32f1xx_hal_rcc.o(i.HAL_RCC_OscConfig)
    HAL_SYSTICK_Config                       0x08002661   Thumb Code    40  stm32f1xx_hal_cortex.o(i.HAL_SYSTICK_Config)
    HAL_TIMEx_BreakCallback                  0x08002689   Thumb Code     2  stm32f1xx_hal_tim_ex.o(i.HAL_TIMEx_BreakCallback)
    HAL_TIMEx_CommutCallback                 0x0800268b   Thumb Code     2  stm32f1xx_hal_tim_ex.o(i.HAL_TIMEx_CommutCallback)
    HAL_TIMEx_ConfigBreakDeadTime            0x0800268d   Thumb Code    84  stm32f1xx_hal_tim_ex.o(i.HAL_TIMEx_ConfigBreakDeadTime)
    HAL_TIMEx_MasterConfigSynchronization    0x080026e1   Thumb Code    92  stm32f1xx_hal_tim_ex.o(i.HAL_TIMEx_MasterConfigSynchronization)
    HAL_TIM_Base_Init                        0x08002749   Thumb Code    90  stm32f1xx_hal_tim.o(i.HAL_TIM_Base_Init)
    HAL_TIM_Base_MspInit                     0x080027a5   Thumb Code    72  tim.o(i.HAL_TIM_Base_MspInit)
    HAL_TIM_Base_Start_IT                    0x080027f5   Thumb Code    76  stm32f1xx_hal_tim.o(i.HAL_TIM_Base_Start_IT)
    HAL_TIM_ConfigClockSource                0x0800284d   Thumb Code   220  stm32f1xx_hal_tim.o(i.HAL_TIM_ConfigClockSource)
    HAL_TIM_IC_CaptureCallback               0x08002929   Thumb Code     2  stm32f1xx_hal_tim.o(i.HAL_TIM_IC_CaptureCallback)
    HAL_TIM_IRQHandler                       0x0800292b   Thumb Code   304  stm32f1xx_hal_tim.o(i.HAL_TIM_IRQHandler)
    HAL_TIM_MspPostInit                      0x08002a5d   Thumb Code    88  tim.o(i.HAL_TIM_MspPostInit)
    HAL_TIM_OC_DelayElapsedCallback          0x08002ac1   Thumb Code     2  stm32f1xx_hal_tim.o(i.HAL_TIM_OC_DelayElapsedCallback)
    HAL_TIM_PWM_ConfigChannel                0x08002ac3   Thumb Code   204  stm32f1xx_hal_tim.o(i.HAL_TIM_PWM_ConfigChannel)
    HAL_TIM_PWM_Init                         0x08002b8f   Thumb Code    90  stm32f1xx_hal_tim.o(i.HAL_TIM_PWM_Init)
    HAL_TIM_PWM_MspInit                      0x08002be9   Thumb Code     2  stm32f1xx_hal_tim.o(i.HAL_TIM_PWM_MspInit)
    HAL_TIM_PWM_PulseFinishedCallback        0x08002beb   Thumb Code     2  stm32f1xx_hal_tim.o(i.HAL_TIM_PWM_PulseFinishedCallback)
    HAL_TIM_PWM_Start                        0x08002bed   Thumb Code   144  stm32f1xx_hal_tim.o(i.HAL_TIM_PWM_Start)
    HAL_TIM_PeriodElapsedCallback            0x08002c89   Thumb Code    30  main.o(i.HAL_TIM_PeriodElapsedCallback)
    HAL_TIM_TriggerCallback                  0x08002cad   Thumb Code     2  stm32f1xx_hal_tim.o(i.HAL_TIM_TriggerCallback)
    HardFault_Handler                        0x08002caf   Thumb Code     2  stm32f1xx_it.o(i.HardFault_Handler)
    MX_ADC1_Init                             0x08002d51   Thumb Code    72  adc.o(i.MX_ADC1_Init)
    MX_ADC2_Init                             0x08002da1   Thumb Code    72  adc.o(i.MX_ADC2_Init)
    MX_GPIO_Init                             0x08002df1   Thumb Code   160  gpio.o(i.MX_GPIO_Init)
    MX_TIM1_Init                             0x08002e9d   Thumb Code   190  tim.o(i.MX_TIM1_Init)
    MX_TIM2_Init                             0x08002f65   Thumb Code   146  tim.o(i.MX_TIM2_Init)
    MemManage_Handler                        0x08002ffd   Thumb Code     2  stm32f1xx_it.o(i.MemManage_Handler)
    NMI_Handler                              0x08002fff   Thumb Code     2  stm32f1xx_it.o(i.NMI_Handler)
    OLED_Clear                               0x08003001   Thumb Code    60  oled.o(i.OLED_Clear)
    OLED_Init                                0x0800303d   Thumb Code   302  oled.o(i.OLED_Init)
    OLED_Set_Pos                             0x08003175   Thumb Code    40  oled.o(i.OLED_Set_Pos)
    OLED_ShowChar                            0x0800319d   Thumb Code   132  oled.o(i.OLED_ShowChar)
    OLED_ShowString                          0x08003229   Thumb Code    54  oled.o(i.OLED_ShowString)
    PI_Init                                  0x080032bf   Thumb Code    16  main.o(i.PI_Init)
    PI_Update                                0x080032d1   Thumb Code   124  main.o(i.PI_Update)
    PendSV_Handler                           0x08003351   Thumb Code     2  stm32f1xx_it.o(i.PendSV_Handler)
    SVC_Handler                              0x08003353   Thumb Code     2  stm32f1xx_it.o(i.SVC_Handler)
    SysTick_Handler                          0x08003355   Thumb Code     4  stm32f1xx_it.o(i.SysTick_Handler)
    SystemClock_Config                       0x08003359   Thumb Code   120  main.o(i.SystemClock_Config)
    SystemInit                               0x080033d1   Thumb Code     2  system_stm32f1xx.o(i.SystemInit)
    TIM2_IRQHandler                          0x080033d5   Thumb Code     6  stm32f1xx_it.o(i.TIM2_IRQHandler)
    TIM_Base_SetConfig                       0x080033e1   Thumb Code   108  stm32f1xx_hal_tim.o(i.TIM_Base_SetConfig)
    TIM_CCxChannelCmd                        0x08003459   Thumb Code    26  stm32f1xx_hal_tim.o(i.TIM_CCxChannelCmd)
    TIM_ETR_SetConfig                        0x08003473   Thumb Code    20  stm32f1xx_hal_tim.o(i.TIM_ETR_SetConfig)
    TIM_OC2_SetConfig                        0x080034e9   Thumb Code    84  stm32f1xx_hal_tim.o(i.TIM_OC2_SetConfig)
    UsageFault_Handler                       0x08003623   Thumb Code     2  stm32f1xx_it.o(i.UsageFault_Handler)
    __ARM_fpclassify                         0x08003679   Thumb Code    40  fpclassify.o(i.__ARM_fpclassify)
    __kernel_poly                            0x080036c1   Thumb Code   170  poly.o(i.__kernel_poly)
    __mathlib_dbl_divzero                    0x0800376d   Thumb Code    12  dunder.o(i.__mathlib_dbl_divzero)
    __mathlib_dbl_infnan                     0x0800377d   Thumb Code     6  dunder.o(i.__mathlib_dbl_infnan)
    __mathlib_dbl_invalid                    0x08003783   Thumb Code    12  dunder.o(i.__mathlib_dbl_invalid)
    _is_digit                                0x0800378f   Thumb Code    14  __printf_wp.o(i._is_digit)
    log                                      0x0800379d   Thumb Code   808  log.o(i.log)
    main                                     0x08003af9   Thumb Code   294  main.o(i.main)
    sqrtf                                    0x08003c79   Thumb Code    44  sqrtf.o(i.sqrtf)
    _get_lc_numeric                          0x08003ca5   Thumb Code    44  lc_numeric_c.o(locale$$code)
    __aeabi_d2f                              0x08003cd1   Thumb Code     0  d2f.o(x$fpl$d2f)
    _d2f                                     0x08003cd1   Thumb Code    98  d2f.o(x$fpl$d2f)
    __aeabi_dadd                             0x08003d35   Thumb Code     0  daddsub_clz.o(x$fpl$dadd)
    _dadd                                    0x08003d35   Thumb Code   332  daddsub_clz.o(x$fpl$dadd)
    __fpl_dcheck_NaN1                        0x08003e85   Thumb Code    10  dcheck1.o(x$fpl$dcheck1)
    __fpl_dcmp_Inf                           0x08003e95   Thumb Code    24  dcmpi.o(x$fpl$dcmpinf)
    __aeabi_ddiv                             0x08003ead   Thumb Code     0  ddiv.o(x$fpl$ddiv)
    _ddiv                                    0x08003ead   Thumb Code   552  ddiv.o(x$fpl$ddiv)
    __aeabi_cdcmpeq                          0x0800415d   Thumb Code     0  deqf.o(x$fpl$deqf)
    _dcmpeq                                  0x0800415d   Thumb Code   120  deqf.o(x$fpl$deqf)
    __aeabi_i2d                              0x080041d5   Thumb Code     0  dflt_clz.o(x$fpl$dflt)
    _dflt                                    0x080041d5   Thumb Code    46  dflt_clz.o(x$fpl$dflt)
    __aeabi_dmul                             0x08004205   Thumb Code     0  dmul.o(x$fpl$dmul)
    _dmul                                    0x08004205   Thumb Code   332  dmul.o(x$fpl$dmul)
    __fpl_dnaninf                            0x08004359   Thumb Code   156  dnaninf.o(x$fpl$dnaninf)
    __fpl_dretinf                            0x080043f5   Thumb Code    12  dretinf.o(x$fpl$dretinf)
    __aeabi_drsub                            0x08004401   Thumb Code     0  daddsub_clz.o(x$fpl$drsb)
    _drsb                                    0x08004401   Thumb Code    22  daddsub_clz.o(x$fpl$drsb)
    __aeabi_dsub                             0x08004419   Thumb Code     0  daddsub_clz.o(x$fpl$dsub)
    _dsub                                    0x08004419   Thumb Code   464  daddsub_clz.o(x$fpl$dsub)
    __aeabi_f2d                              0x080045ed   Thumb Code     0  f2d.o(x$fpl$f2d)
    _f2d                                     0x080045ed   Thumb Code    86  f2d.o(x$fpl$f2d)
    __aeabi_fadd                             0x08004645   Thumb Code     0  faddsub_clz.o(x$fpl$fadd)
    _fadd                                    0x08004645   Thumb Code   196  faddsub_clz.o(x$fpl$fadd)
    __fpl_fcheck_NaN1                        0x08004709   Thumb Code     6  fcheck1.o(x$fpl$fcheck1)
    __fpl_fcmp_Inf                           0x08004715   Thumb Code    24  fcmpi.o(x$fpl$fcmpinf)
    __aeabi_fdiv                             0x0800472d   Thumb Code     0  fdiv.o(x$fpl$fdiv)
    _fdiv                                    0x0800472d   Thumb Code   384  fdiv.o(x$fpl$fdiv)
    __aeabi_f2uiz                            0x080048b1   Thumb Code     0  ffixu.o(x$fpl$ffixu)
    _ffixu                                   0x080048b1   Thumb Code    62  ffixu.o(x$fpl$ffixu)
    __aeabi_ul2f                             0x080048ef   Thumb Code     0  ffltll_clz.o(x$fpl$ffltll)
    _ll_uto_f                                0x080048ef   Thumb Code     6  ffltll_clz.o(x$fpl$ffltll)
    __aeabi_l2f                              0x080048f5   Thumb Code     0  ffltll_clz.o(x$fpl$ffltll)
    _ll_sto_f                                0x080048f5   Thumb Code    90  ffltll_clz.o(x$fpl$ffltll)
    __aeabi_ui2f                             0x08004951   Thumb Code     0  fflt_clz.o(x$fpl$ffltu)
    _ffltu                                   0x08004951   Thumb Code    38  fflt_clz.o(x$fpl$ffltu)
    __aeabi_cfcmple                          0x08004979   Thumb Code     0  fleqf.o(x$fpl$fleqf)
    _fcmple                                  0x08004979   Thumb Code   104  fleqf.o(x$fpl$fleqf)
    __fpl_fcmple_InfNaN                      0x080049cb   Thumb Code     0  fleqf.o(x$fpl$fleqf)
    __aeabi_fmul                             0x080049e1   Thumb Code     0  fmul.o(x$fpl$fmul)
    _fmul                                    0x080049e1   Thumb Code   258  fmul.o(x$fpl$fmul)
    __fpl_fnaninf                            0x08004ae3   Thumb Code   140  fnaninf.o(x$fpl$fnaninf)
    __fpl_fretinf                            0x08004b6f   Thumb Code    10  fretinf.o(x$fpl$fretinf)
    __aeabi_cfrcmple                         0x08004b79   Thumb Code     0  frleqf.o(x$fpl$frleqf)
    _frcmple                                 0x08004b79   Thumb Code    98  frleqf.o(x$fpl$frleqf)
    _fsqrt                                   0x08004bdd   Thumb Code   272  fsqrt.o(x$fpl$fsqrt)
    __aeabi_fsub                             0x08004ced   Thumb Code     0  faddsub_clz.o(x$fpl$fsub)
    _fsub                                    0x08004ced   Thumb Code   234  faddsub_clz.o(x$fpl$fsub)
    _printf_fp_dec                           0x08004dd7   Thumb Code     4  printf1.o(x$fpl$printf1)
    __fpl_return_NaN                         0x08004ddb   Thumb Code   100  retnan.o(x$fpl$retnan)
    __ARM_scalbn                             0x08004e3f   Thumb Code    92  scalbn.o(x$fpl$scalbn)
    __ARM_scalbnf                            0x08004e9b   Thumb Code    76  scalbnf.o(x$fpl$scalbnf)
    __fpl_cmpreturn                          0x08004ee7   Thumb Code    48  trapv.o(x$fpl$trapveneer)
    __I$use$fp                               0x08004f16   Number         0  usenofp.o(x$fpl$usenofp)
    AHBPrescTable                            0x08005cd2   Data          16  system_stm32f1xx.o(.constdata)
    APBPrescTable                            0x08005ce2   Data           8  system_stm32f1xx.o(.constdata)
    __mathlib_zero                           0x08005d38   Data           8  qnan.o(.constdata)
    Region$$Table$$Base                      0x08005dd4   Number         0  anon$$obj.o(Region$$Table)
    Region$$Table$$Limit                     0x08005df4   Number         0  anon$$obj.o(Region$$Table)
    adc_ready                                0x20000000   Data           1  main.o(.data)
    adc1_state                               0x20000001   Data           1  main.o(.data)
    pwm_duty                                 0x20000002   Data           2  main.o(.data)
    adc_value                                0x20000004   Data           2  main.o(.data)
    adc_sample_cnt                           0x20000006   Data           2  main.o(.data)
    adc_vac_raw                              0x20000008   Data           2  main.o(.data)
    adc_temp_raw                             0x2000000a   Data           2  main.o(.data)
    adc_bat_raw                              0x2000000c   Data           2  main.o(.data)
    adc_current_raw                          0x2000000e   Data           2  main.o(.data)
    adc_temp_flt                             0x20000010   Data           2  main.o(.data)
    adc_bat_flt                              0x20000012   Data           2  main.o(.data)
    adc_current_flt                          0x20000014   Data           2  main.o(.data)
    vac_sample_cnt                           0x20000016   Data           2  main.o(.data)
    voltage_setpoint                         0x20000018   Data           4  main.o(.data)
    voltage_feedback                         0x2000001c   Data           4  main.o(.data)
    adc_rms_voltage                          0x20000020   Data           4  main.o(.data)
    vac_rms_flt                              0x20000024   Data           4  main.o(.data)
    vac_rms_voltage                          0x20000028   Data           4  main.o(.data)
    vac_sq_sum                               0x2000002c   Data           4  main.o(.data)
    adc_sq_sum                               0x20000030   Data           8  main.o(.data)
    uwTickFreq                               0x20000038   Data           1  stm32f1xx_hal.o(.data)
    uwTickPrio                               0x2000003c   Data           4  stm32f1xx_hal.o(.data)
    uwTick                                   0x20000040   Data           4  stm32f1xx_hal.o(.data)
    SystemCoreClock                          0x20000044   Data           4  system_stm32f1xx.o(.data)
    flt_temp                                 0x20000048   Data          32  main.o(.bss)
    flt_bat                                  0x20000068   Data          32  main.o(.bss)
    flt_current                              0x20000088   Data          32  main.o(.bss)
    flt_vac                                  0x200000a8   Data          52  main.o(.bss)
    voltage_pi                               0x200000dc   Data          20  main.o(.bss)
    hadc1                                    0x200000f0   Data          48  adc.o(.bss)
    hadc2                                    0x20000120   Data          48  adc.o(.bss)
    htim1                                    0x20000150   Data          72  tim.o(.bss)
    htim2                                    0x20000198   Data          72  tim.o(.bss)
    __libspace_start                         0x200001e0   Data          96  libspace.o(.bss)
    __temporary_stack_top$libspace           0x20000240   Data           0  libspace.o(.bss)



==============================================================================

Memory Map of the image

  Image Entry point : 0x080000ed

  Load Region LR_IROM1 (Base: 0x08000000, Size: 0x00005e58, Max: 0x00010000, ABSOLUTE)

    Execution Region ER_IROM1 (Exec base: 0x08000000, Load base: 0x08000000, Size: 0x00005e10, Max: 0x00010000, ABSOLUTE)

    Exec Addr    Load Addr    Size         Type   Attr      Idx    E Section Name        Object

    0x08000000   0x08000000   0x000000ec   Data   RO            3    RESET               startup_stm32f103xb.o
    0x080000ec   0x080000ec   0x00000008   Code   RO         2999  * !!!main             c_w.l(__main.o)
    0x080000f4   0x080000f4   0x00000034   Code   RO         3335    !!!scatter          c_w.l(__scatter.o)
    0x08000128   0x08000128   0x0000001a   Code   RO         3337    !!handler_copy      c_w.l(__scatter_copy.o)
    0x08000142   0x08000142   0x00000002   PAD
    0x08000144   0x08000144   0x0000001c   Code   RO         3339    !!handler_zi        c_w.l(__scatter_zi.o)
    0x08000160   0x08000160   0x00000000   Code   RO         2994    .ARM.Collect$$_printf_percent$$00000000  c_w.l(_printf_percent.o)
    0x08000160   0x08000160   0x00000006   Code   RO         2993    .ARM.Collect$$_printf_percent$$00000003  c_w.l(_printf_f.o)
    0x08000166   0x08000166   0x00000004   Code   RO         3066    .ARM.Collect$$_printf_percent$$00000017  c_w.l(_printf_percent_end.o)
    0x0800016a   0x0800016a   0x00000002   Code   RO         3204    .ARM.Collect$$libinit$$00000000  c_w.l(libinit.o)
    0x0800016c   0x0800016c   0x00000000   Code   RO         3206    .ARM.Collect$$libinit$$00000002  c_w.l(libinit2.o)
    0x0800016c   0x0800016c   0x00000000   Code   RO         3208    .ARM.Collect$$libinit$$00000004  c_w.l(libinit2.o)
    0x0800016c   0x0800016c   0x00000000   Code   RO         3211    .ARM.Collect$$libinit$$0000000A  c_w.l(libinit2.o)
    0x0800016c   0x0800016c   0x00000000   Code   RO         3213    .ARM.Collect$$libinit$$0000000C  c_w.l(libinit2.o)
    0x0800016c   0x0800016c   0x00000000   Code   RO         3215    .ARM.Collect$$libinit$$0000000E  c_w.l(libinit2.o)
    0x0800016c   0x0800016c   0x00000006   Code   RO         3216    .ARM.Collect$$libinit$$0000000F  c_w.l(libinit2.o)
    0x08000172   0x08000172   0x00000000   Code   RO         3218    .ARM.Collect$$libinit$$00000011  c_w.l(libinit2.o)
    0x08000172   0x08000172   0x00000000   Code   RO         3220    .ARM.Collect$$libinit$$00000013  c_w.l(libinit2.o)
    0x08000172   0x08000172   0x00000000   Code   RO         3222    .ARM.Collect$$libinit$$00000015  c_w.l(libinit2.o)
    0x08000172   0x08000172   0x0000000a   Code   RO         3223    .ARM.Collect$$libinit$$00000016  c_w.l(libinit2.o)
    0x0800017c   0x0800017c   0x00000000   Code   RO         3224    .ARM.Collect$$libinit$$00000017  c_w.l(libinit2.o)
    0x0800017c   0x0800017c   0x00000000   Code   RO         3226    .ARM.Collect$$libinit$$00000019  c_w.l(libinit2.o)
    0x0800017c   0x0800017c   0x00000000   Code   RO         3228    .ARM.Collect$$libinit$$0000001B  c_w.l(libinit2.o)
    0x0800017c   0x0800017c   0x00000000   Code   RO         3230    .ARM.Collect$$libinit$$0000001D  c_w.l(libinit2.o)
    0x0800017c   0x0800017c   0x00000000   Code   RO         3232    .ARM.Collect$$libinit$$0000001F  c_w.l(libinit2.o)
    0x0800017c   0x0800017c   0x00000000   Code   RO         3234    .ARM.Collect$$libinit$$00000021  c_w.l(libinit2.o)
    0x0800017c   0x0800017c   0x00000000   Code   RO         3236    .ARM.Collect$$libinit$$00000023  c_w.l(libinit2.o)
    0x0800017c   0x0800017c   0x00000000   Code   RO         3238    .ARM.Collect$$libinit$$00000025  c_w.l(libinit2.o)
    0x0800017c   0x0800017c   0x00000000   Code   RO         3242    .ARM.Collect$$libinit$$0000002C  c_w.l(libinit2.o)
    0x0800017c   0x0800017c   0x00000000   Code   RO         3244    .ARM.Collect$$libinit$$0000002E  c_w.l(libinit2.o)
    0x0800017c   0x0800017c   0x00000000   Code   RO         3246    .ARM.Collect$$libinit$$00000030  c_w.l(libinit2.o)
    0x0800017c   0x0800017c   0x00000000   Code   RO         3248    .ARM.Collect$$libinit$$00000032  c_w.l(libinit2.o)
    0x0800017c   0x0800017c   0x00000002   Code   RO         3249    .ARM.Collect$$libinit$$00000033  c_w.l(libinit2.o)
    0x0800017e   0x0800017e   0x00000002   Code   RO         3281    .ARM.Collect$$libshutdown$$00000000  c_w.l(libshutdown.o)
    0x08000180   0x08000180   0x00000000   Code   RO         3292    .ARM.Collect$$libshutdown$$00000002  c_w.l(libshutdown2.o)
    0x08000180   0x08000180   0x00000000   Code   RO         3294    .ARM.Collect$$libshutdown$$00000004  c_w.l(libshutdown2.o)
    0x08000180   0x08000180   0x00000000   Code   RO         3296    .ARM.Collect$$libshutdown$$00000006  c_w.l(libshutdown2.o)
    0x08000180   0x08000180   0x00000000   Code   RO         3299    .ARM.Collect$$libshutdown$$00000009  c_w.l(libshutdown2.o)
    0x08000180   0x08000180   0x00000000   Code   RO         3302    .ARM.Collect$$libshutdown$$0000000C  c_w.l(libshutdown2.o)
    0x08000180   0x08000180   0x00000000   Code   RO         3304    .ARM.Collect$$libshutdown$$0000000E  c_w.l(libshutdown2.o)
    0x08000180   0x08000180   0x00000000   Code   RO         3307    .ARM.Collect$$libshutdown$$00000011  c_w.l(libshutdown2.o)
    0x08000180   0x08000180   0x00000002   Code   RO         3308    .ARM.Collect$$libshutdown$$00000012  c_w.l(libshutdown2.o)
    0x08000182   0x08000182   0x00000000   Code   RO         3055    .ARM.Collect$$rtentry$$00000000  c_w.l(__rtentry.o)
    0x08000182   0x08000182   0x00000000   Code   RO         3122    .ARM.Collect$$rtentry$$00000002  c_w.l(__rtentry2.o)
    0x08000182   0x08000182   0x00000006   Code   RO         3134    .ARM.Collect$$rtentry$$00000004  c_w.l(__rtentry4.o)
    0x08000188   0x08000188   0x00000000   Code   RO         3124    .ARM.Collect$$rtentry$$00000009  c_w.l(__rtentry2.o)
    0x08000188   0x08000188   0x00000004   Code   RO         3125    .ARM.Collect$$rtentry$$0000000A  c_w.l(__rtentry2.o)
    0x0800018c   0x0800018c   0x00000000   Code   RO         3127    .ARM.Collect$$rtentry$$0000000C  c_w.l(__rtentry2.o)
    0x0800018c   0x0800018c   0x00000008   Code   RO         3128    .ARM.Collect$$rtentry$$0000000D  c_w.l(__rtentry2.o)
    0x08000194   0x08000194   0x00000002   Code   RO         3252    .ARM.Collect$$rtexit$$00000000  c_w.l(rtexit.o)
    0x08000196   0x08000196   0x00000000   Code   RO         3259    .ARM.Collect$$rtexit$$00000002  c_w.l(rtexit2.o)
    0x08000196   0x08000196   0x00000004   Code   RO         3260    .ARM.Collect$$rtexit$$00000003  c_w.l(rtexit2.o)
    0x0800019a   0x0800019a   0x00000006   Code   RO         3261    .ARM.Collect$$rtexit$$00000004  c_w.l(rtexit2.o)
    0x080001a0   0x080001a0   0x00000040   Code   RO            4    .text               startup_stm32f103xb.o
    0x080001e0   0x080001e0   0x00000034   Code   RO         2967    .text               c_w.l(noretval__2snprintf.o)
    0x08000214   0x08000214   0x0000004e   Code   RO         2971    .text               c_w.l(_printf_pad.o)
    0x08000262   0x08000262   0x00000002   PAD
    0x08000264   0x08000264   0x00000138   Code   RO         2985    .text               c_w.l(__printf_flags_wp.o)
    0x0800039c   0x0800039c   0x0000004e   Code   RO         2995    .text               c_w.l(rt_memclr_w.o)
    0x080003ea   0x080003ea   0x00000006   Code   RO         2997    .text               c_w.l(heapauxi.o)
    0x080003f0   0x080003f0   0x00000016   Code   RO         3056    .text               c_w.l(_rserrno.o)
    0x08000406   0x08000406   0x0000041e   Code   RO         3058    .text               c_w.l(_printf_fp_dec.o)
    0x08000824   0x08000824   0x00000030   Code   RO         3060    .text               c_w.l(_printf_char_common.o)
    0x08000854   0x08000854   0x0000000a   Code   RO         3062    .text               c_w.l(_sputc.o)
    0x0800085e   0x0800085e   0x00000010   Code   RO         3064    .text               c_w.l(_snputc.o)
    0x0800086e   0x0800086e   0x00000002   PAD
    0x08000870   0x08000870   0x00000008   Code   RO         3139    .text               c_w.l(rt_locale_intlibspace.o)
    0x08000878   0x08000878   0x00000008   Code   RO         3144    .text               c_w.l(rt_errno_addr_intlibspace.o)
    0x08000880   0x08000880   0x0000008a   Code   RO         3146    .text               c_w.l(lludiv10.o)
    0x0800090a   0x0800090a   0x00000002   PAD
    0x0800090c   0x0800090c   0x00000080   Code   RO         3148    .text               c_w.l(_printf_fp_infnan.o)
    0x0800098c   0x0800098c   0x000000e4   Code   RO         3152    .text               c_w.l(bigflt0.o)
    0x08000a70   0x08000a70   0x00000008   Code   RO         3190    .text               c_w.l(libspace.o)
    0x08000a78   0x08000a78   0x0000004a   Code   RO         3193    .text               c_w.l(sys_stackheap_outer.o)
    0x08000ac2   0x08000ac2   0x00000012   Code   RO         3195    .text               c_w.l(exit.o)
    0x08000ad4   0x08000ad4   0x00000080   Code   RO         3197    .text               c_w.l(strcmpv7m.o)
    0x08000b54   0x08000b54   0x0000000c   Code   RO         3271    .text               c_w.l(sys_exit.o)
    0x08000b60   0x08000b60   0x00000002   Code   RO         3282    .text               c_w.l(use_no_semi.o)
    0x08000b62   0x08000b62   0x00000000   Code   RO         3284    .text               c_w.l(indicate_semi.o)
    0x08000b62   0x08000b62   0x0000003e   Code   RO         3155    CL$$btod_d2e        c_w.l(btod.o)
    0x08000ba0   0x08000ba0   0x00000046   Code   RO         3157    CL$$btod_d2e_denorm_low  c_w.l(btod.o)
    0x08000be6   0x08000be6   0x00000060   Code   RO         3156    CL$$btod_d2e_norm_op1  c_w.l(btod.o)
    0x08000c46   0x08000c46   0x00000338   Code   RO         3165    CL$$btod_div_common  c_w.l(btod.o)
    0x08000f7e   0x08000f7e   0x000000dc   Code   RO         3162    CL$$btod_e2e        c_w.l(btod.o)
    0x0800105a   0x0800105a   0x0000002a   Code   RO         3159    CL$$btod_ediv       c_w.l(btod.o)
    0x08001084   0x08001084   0x0000002a   Code   RO         3158    CL$$btod_emul       c_w.l(btod.o)
    0x080010ae   0x080010ae   0x00000244   Code   RO         3164    CL$$btod_mult_common  c_w.l(btod.o)
    0x080012f2   0x080012f2   0x00000002   PAD
    0x080012f4   0x080012f4   0x0000001c   Code   RO          471    i.ADC1_2_IRQHandler  stm32f1xx_it.o
    0x08001310   0x08001310   0x00000024   Code   RO          227    i.ADC1_Select_Channel  main.o
    0x08001334   0x08001334   0x00000056   Code   RO          700    i.ADC_ConversionStop_Disable  stm32f1xx_hal_adc.o
    0x0800138a   0x0800138a   0x00000002   PAD
    0x0800138c   0x0800138c   0x0000007c   Code   RO          704    i.ADC_Enable        stm32f1xx_hal_adc.o
    0x08001408   0x08001408   0x00000030   Code   RO          228    i.ADC_ReadVoltage_HAL  main.o
    0x08001438   0x08001438   0x0000003c   Code   RO          229    i.Apply_Filter      main.o
    0x08001474   0x08001474   0x0000005c   Code   RO          230    i.Apply_Filter_Float  main.o
    0x080014d0   0x080014d0   0x00000002   Code   RO          472    i.BusFault_Handler  stm32f1xx_it.o
    0x080014d2   0x080014d2   0x00000002   PAD
    0x080014d4   0x080014d4   0x00000068   Code   RO          231    i.Control_Loop_HAL  main.o
    0x0800153c   0x0800153c   0x00000002   Code   RO          473    i.DebugMon_Handler  stm32f1xx_it.o
    0x0800153e   0x0800153e   0x00000004   Code   RO          232    i.Error_Handler     main.o
    0x08001542   0x08001542   0x00000002   PAD
    0x08001544   0x08001544   0x000000b0   Code   RO          233    i.Get_Temperature   main.o
    0x080015f4   0x080015f4   0x000000d8   Code   RO          880    i.HAL_ADCEx_Calibration_Start  stm32f1xx_hal_adc_ex.o
    0x080016cc   0x080016cc   0x00000002   Code   RO          882    i.HAL_ADCEx_InjectedConvCpltCallback  stm32f1xx_hal_adc_ex.o
    0x080016ce   0x080016ce   0x00000002   PAD
    0x080016d0   0x080016d0   0x000000fc   Code   RO          706    i.HAL_ADC_ConfigChannel  stm32f1xx_hal_adc.o
    0x080017cc   0x080017cc   0x00000170   Code   RO          234    i.HAL_ADC_ConvCpltCallback  main.o
    0x0800193c   0x0800193c   0x00000006   Code   RO          713    i.HAL_ADC_GetValue  stm32f1xx_hal_adc.o
    0x08001942   0x08001942   0x000000dc   Code   RO          714    i.HAL_ADC_IRQHandler  stm32f1xx_hal_adc.o
    0x08001a1e   0x08001a1e   0x00000002   PAD
    0x08001a20   0x08001a20   0x0000011c   Code   RO          715    i.HAL_ADC_Init      stm32f1xx_hal_adc.o
    0x08001b3c   0x08001b3c   0x00000002   Code   RO          716    i.HAL_ADC_LevelOutOfWindowCallback  stm32f1xx_hal_adc.o
    0x08001b3e   0x08001b3e   0x00000002   PAD
    0x08001b40   0x08001b40   0x000000b0   Code   RO          370    i.HAL_ADC_MspInit   adc.o
    0x08001bf0   0x08001bf0   0x000000cc   Code   RO          723    i.HAL_ADC_Start_IT  stm32f1xx_hal_adc.o
    0x08001cbc   0x08001cbc   0x00000024   Code   RO          983    i.HAL_Delay         stm32f1xx_hal.o
    0x08001ce0   0x08001ce0   0x000001e0   Code   RO         1293    i.HAL_GPIO_Init     stm32f1xx_hal_gpio.o
    0x08001ec0   0x08001ec0   0x00000010   Code   RO         1296    i.HAL_GPIO_TogglePin  stm32f1xx_hal_gpio.o
    0x08001ed0   0x08001ed0   0x0000000a   Code   RO         1297    i.HAL_GPIO_WritePin  stm32f1xx_hal_gpio.o
    0x08001eda   0x08001eda   0x00000002   PAD
    0x08001edc   0x08001edc   0x0000000c   Code   RO          987    i.HAL_GetTick       stm32f1xx_hal.o
    0x08001ee8   0x08001ee8   0x00000010   Code   RO          993    i.HAL_IncTick       stm32f1xx_hal.o
    0x08001ef8   0x08001ef8   0x00000024   Code   RO          994    i.HAL_Init          stm32f1xx_hal.o
    0x08001f1c   0x08001f1c   0x00000040   Code   RO          995    i.HAL_InitTick      stm32f1xx_hal.o
    0x08001f5c   0x08001f5c   0x0000003c   Code   RO          559    i.HAL_MspInit       stm32f1xx_hal_msp.o
    0x08001f98   0x08001f98   0x0000001a   Code   RO         1453    i.HAL_NVIC_EnableIRQ  stm32f1xx_hal_cortex.o
    0x08001fb2   0x08001fb2   0x00000002   PAD
    0x08001fb4   0x08001fb4   0x00000040   Code   RO         1459    i.HAL_NVIC_SetPriority  stm32f1xx_hal_cortex.o
    0x08001ff4   0x08001ff4   0x00000024   Code   RO         1460    i.HAL_NVIC_SetPriorityGrouping  stm32f1xx_hal_cortex.o
    0x08002018   0x08002018   0x000000a4   Code   RO         1254    i.HAL_RCCEx_GetPeriphCLKFreq  stm32f1xx_hal_rcc_ex.o
    0x080020bc   0x080020bc   0x000000ec   Code   RO         1255    i.HAL_RCCEx_PeriphCLKConfig  stm32f1xx_hal_rcc_ex.o
    0x080021a8   0x080021a8   0x0000012c   Code   RO         1151    i.HAL_RCC_ClockConfig  stm32f1xx_hal_rcc.o
    0x080022d4   0x080022d4   0x00000020   Code   RO         1159    i.HAL_RCC_GetPCLK2Freq  stm32f1xx_hal_rcc.o
    0x080022f4   0x080022f4   0x0000004c   Code   RO         1160    i.HAL_RCC_GetSysClockFreq  stm32f1xx_hal_rcc.o
    0x08002340   0x08002340   0x00000320   Code   RO         1163    i.HAL_RCC_OscConfig  stm32f1xx_hal_rcc.o
    0x08002660   0x08002660   0x00000028   Code   RO         1464    i.HAL_SYSTICK_Config  stm32f1xx_hal_cortex.o
    0x08002688   0x08002688   0x00000002   Code   RO         2659    i.HAL_TIMEx_BreakCallback  stm32f1xx_hal_tim_ex.o
    0x0800268a   0x0800268a   0x00000002   Code   RO         2660    i.HAL_TIMEx_CommutCallback  stm32f1xx_hal_tim_ex.o
    0x0800268c   0x0800268c   0x00000054   Code   RO         2662    i.HAL_TIMEx_ConfigBreakDeadTime  stm32f1xx_hal_tim_ex.o
    0x080026e0   0x080026e0   0x00000068   Code   RO         2678    i.HAL_TIMEx_MasterConfigSynchronization  stm32f1xx_hal_tim_ex.o
    0x08002748   0x08002748   0x0000005a   Code   RO         1955    i.HAL_TIM_Base_Init  stm32f1xx_hal_tim.o
    0x080027a2   0x080027a2   0x00000002   PAD
    0x080027a4   0x080027a4   0x00000050   Code   RO          418    i.HAL_TIM_Base_MspInit  tim.o
    0x080027f4   0x080027f4   0x00000058   Code   RO         1960    i.HAL_TIM_Base_Start_IT  stm32f1xx_hal_tim.o
    0x0800284c   0x0800284c   0x000000dc   Code   RO         1964    i.HAL_TIM_ConfigClockSource  stm32f1xx_hal_tim.o
    0x08002928   0x08002928   0x00000002   Code   RO         1989    i.HAL_TIM_IC_CaptureCallback  stm32f1xx_hal_tim.o
    0x0800292a   0x0800292a   0x00000130   Code   RO         2003    i.HAL_TIM_IRQHandler  stm32f1xx_hal_tim.o
    0x08002a5a   0x08002a5a   0x00000002   PAD
    0x08002a5c   0x08002a5c   0x00000064   Code   RO          419    i.HAL_TIM_MspPostInit  tim.o
    0x08002ac0   0x08002ac0   0x00000002   Code   RO         2006    i.HAL_TIM_OC_DelayElapsedCallback  stm32f1xx_hal_tim.o
    0x08002ac2   0x08002ac2   0x000000cc   Code   RO         2027    i.HAL_TIM_PWM_ConfigChannel  stm32f1xx_hal_tim.o
    0x08002b8e   0x08002b8e   0x0000005a   Code   RO         2030    i.HAL_TIM_PWM_Init  stm32f1xx_hal_tim.o
    0x08002be8   0x08002be8   0x00000002   Code   RO         2032    i.HAL_TIM_PWM_MspInit  stm32f1xx_hal_tim.o
    0x08002bea   0x08002bea   0x00000002   Code   RO         2033    i.HAL_TIM_PWM_PulseFinishedCallback  stm32f1xx_hal_tim.o
    0x08002bec   0x08002bec   0x0000009c   Code   RO         2035    i.HAL_TIM_PWM_Start  stm32f1xx_hal_tim.o
    0x08002c88   0x08002c88   0x00000024   Code   RO          235    i.HAL_TIM_PeriodElapsedCallback  main.o
    0x08002cac   0x08002cac   0x00000002   Code   RO         2046    i.HAL_TIM_TriggerCallback  stm32f1xx_hal_tim.o
    0x08002cae   0x08002cae   0x00000002   Code   RO          474    i.HardFault_Handler  stm32f1xx_it.o
    0x08002cb0   0x08002cb0   0x00000040   Code   RO           13    i.IIC_Start         oled.o
    0x08002cf0   0x08002cf0   0x00000034   Code   RO           14    i.IIC_Stop          oled.o
    0x08002d24   0x08002d24   0x0000002c   Code   RO           15    i.IIC_Wait_Ack      oled.o
    0x08002d50   0x08002d50   0x00000050   Code   RO          371    i.MX_ADC1_Init      adc.o
    0x08002da0   0x08002da0   0x00000050   Code   RO          372    i.MX_ADC2_Init      adc.o
    0x08002df0   0x08002df0   0x000000ac   Code   RO          345    i.MX_GPIO_Init      gpio.o
    0x08002e9c   0x08002e9c   0x000000c8   Code   RO          420    i.MX_TIM1_Init      tim.o
    0x08002f64   0x08002f64   0x00000098   Code   RO          421    i.MX_TIM2_Init      tim.o
    0x08002ffc   0x08002ffc   0x00000002   Code   RO          475    i.MemManage_Handler  stm32f1xx_it.o
    0x08002ffe   0x08002ffe   0x00000002   Code   RO          476    i.NMI_Handler       stm32f1xx_it.o
    0x08003000   0x08003000   0x0000003c   Code   RO           16    i.OLED_Clear        oled.o
    0x0800303c   0x0800303c   0x00000138   Code   RO           20    i.OLED_Init         oled.o
    0x08003174   0x08003174   0x00000028   Code   RO           21    i.OLED_Set_Pos      oled.o
    0x0800319c   0x0800319c   0x0000008c   Code   RO           23    i.OLED_ShowChar     oled.o
    0x08003228   0x08003228   0x00000036   Code   RO           25    i.OLED_ShowString   oled.o
    0x0800325e   0x0800325e   0x00000044   Code   RO           26    i.OLED_WR_Byte      oled.o
    0x080032a2   0x080032a2   0x0000001c   Code   RO           27    i.OledDelay         oled.o
    0x080032be   0x080032be   0x00000010   Code   RO          236    i.PI_Init           main.o
    0x080032ce   0x080032ce   0x00000002   PAD
    0x080032d0   0x080032d0   0x00000080   Code   RO          237    i.PI_Update         main.o
    0x08003350   0x08003350   0x00000002   Code   RO          477    i.PendSV_Handler    stm32f1xx_it.o
    0x08003352   0x08003352   0x00000002   Code   RO          478    i.SVC_Handler       stm32f1xx_it.o
    0x08003354   0x08003354   0x00000004   Code   RO          479    i.SysTick_Handler   stm32f1xx_it.o
    0x08003358   0x08003358   0x00000078   Code   RO          238    i.SystemClock_Config  main.o
    0x080033d0   0x080033d0   0x00000002   Code   RO         2927    i.SystemInit        system_stm32f1xx.o
    0x080033d2   0x080033d2   0x00000002   PAD
    0x080033d4   0x080033d4   0x0000000c   Code   RO          480    i.TIM2_IRQHandler   stm32f1xx_it.o
    0x080033e0   0x080033e0   0x00000078   Code   RO         2048    i.TIM_Base_SetConfig  stm32f1xx_hal_tim.o
    0x08003458   0x08003458   0x0000001a   Code   RO         2049    i.TIM_CCxChannelCmd  stm32f1xx_hal_tim.o
    0x08003472   0x08003472   0x00000014   Code   RO         2059    i.TIM_ETR_SetConfig  stm32f1xx_hal_tim.o
    0x08003486   0x08003486   0x00000010   Code   RO         2060    i.TIM_ITRx_SetConfig  stm32f1xx_hal_tim.o
    0x08003496   0x08003496   0x00000002   PAD
    0x08003498   0x08003498   0x00000050   Code   RO         2061    i.TIM_OC1_SetConfig  stm32f1xx_hal_tim.o
    0x080034e8   0x080034e8   0x00000058   Code   RO         2062    i.TIM_OC2_SetConfig  stm32f1xx_hal_tim.o
    0x08003540   0x08003540   0x00000058   Code   RO         2063    i.TIM_OC3_SetConfig  stm32f1xx_hal_tim.o
    0x08003598   0x08003598   0x00000044   Code   RO         2064    i.TIM_OC4_SetConfig  stm32f1xx_hal_tim.o
    0x080035dc   0x080035dc   0x00000022   Code   RO         2066    i.TIM_TI1_ConfigInputStage  stm32f1xx_hal_tim.o
    0x080035fe   0x080035fe   0x00000024   Code   RO         2068    i.TIM_TI2_ConfigInputStage  stm32f1xx_hal_tim.o
    0x08003622   0x08003622   0x00000002   Code   RO          481    i.UsageFault_Handler  stm32f1xx_it.o
    0x08003624   0x08003624   0x00000054   Code   RO           28    i.Write_IIC_Byte    oled.o
    0x08003678   0x08003678   0x00000028   Code   RO         3188    i.__ARM_fpclassify  m_ws.l(fpclassify.o)
    0x080036a0   0x080036a0   0x00000020   Code   RO         1466    i.__NVIC_SetPriority  stm32f1xx_hal_cortex.o
    0x080036c0   0x080036c0   0x000000aa   Code   RO         3118    i.__kernel_poly     m_ws.l(poly.o)
    0x0800376a   0x0800376a   0x00000002   PAD
    0x0800376c   0x0800376c   0x00000010   Code   RO         3104    i.__mathlib_dbl_divzero  m_ws.l(dunder.o)
    0x0800377c   0x0800377c   0x00000006   Code   RO         3105    i.__mathlib_dbl_infnan  m_ws.l(dunder.o)
    0x08003782   0x08003782   0x0000000c   Code   RO         3107    i.__mathlib_dbl_invalid  m_ws.l(dunder.o)
    0x0800378e   0x0800378e   0x0000000e   Code   RO         2983    i._is_digit         c_w.l(__printf_wp.o)
    0x0800379c   0x0800379c   0x0000035c   Code   RO         3038    i.log               m_ws.l(log.o)
    0x08003af8   0x08003af8   0x00000180   Code   RO          239    i.main              main.o
    0x08003c78   0x08003c78   0x0000002c   Code   RO         3048    i.sqrtf             m_ws.l(sqrtf.o)
    0x08003ca4   0x08003ca4   0x0000002c   Code   RO         3178    locale$$code        c_w.l(lc_numeric_c.o)
    0x08003cd0   0x08003cd0   0x00000062   Code   RO         3001    x$fpl$d2f           fz_ws.l(d2f.o)
    0x08003d32   0x08003d32   0x00000002   PAD
    0x08003d34   0x08003d34   0x00000150   Code   RO         3067    x$fpl$dadd          fz_ws.l(daddsub_clz.o)
    0x08003e84   0x08003e84   0x00000010   Code   RO         3180    x$fpl$dcheck1       fz_ws.l(dcheck1.o)
    0x08003e94   0x08003e94   0x00000018   Code   RO         3182    x$fpl$dcmpinf       fz_ws.l(dcmpi.o)
    0x08003eac   0x08003eac   0x000002b0   Code   RO         3074    x$fpl$ddiv          fz_ws.l(ddiv.o)
    0x0800415c   0x0800415c   0x00000078   Code   RO         3077    x$fpl$deqf          fz_ws.l(deqf.o)
    0x080041d4   0x080041d4   0x0000002e   Code   RO         3080    x$fpl$dflt          fz_ws.l(dflt_clz.o)
    0x08004202   0x08004202   0x00000002   PAD
    0x08004204   0x08004204   0x00000154   Code   RO         3085    x$fpl$dmul          fz_ws.l(dmul.o)
    0x08004358   0x08004358   0x0000009c   Code   RO         3087    x$fpl$dnaninf       fz_ws.l(dnaninf.o)
    0x080043f4   0x080043f4   0x0000000c   Code   RO         3089    x$fpl$dretinf       fz_ws.l(dretinf.o)
    0x08004400   0x08004400   0x00000016   Code   RO         3068    x$fpl$drsb          fz_ws.l(daddsub_clz.o)
    0x08004416   0x08004416   0x00000002   PAD
    0x08004418   0x08004418   0x000001d4   Code   RO         3069    x$fpl$dsub          fz_ws.l(daddsub_clz.o)
    0x080045ec   0x080045ec   0x00000056   Code   RO         3003    x$fpl$f2d           fz_ws.l(f2d.o)
    0x08004642   0x08004642   0x00000002   PAD
    0x08004644   0x08004644   0x000000c4   Code   RO         3005    x$fpl$fadd          fz_ws.l(faddsub_clz.o)
    0x08004708   0x08004708   0x0000000c   Code   RO         3091    x$fpl$fcheck1       fz_ws.l(fcheck1.o)
    0x08004714   0x08004714   0x00000018   Code   RO         3093    x$fpl$fcmpinf       fz_ws.l(fcmpi.o)
    0x0800472c   0x0800472c   0x00000184   Code   RO         3012    x$fpl$fdiv          fz_ws.l(fdiv.o)
    0x080048b0   0x080048b0   0x0000003e   Code   RO         3015    x$fpl$ffixu         fz_ws.l(ffixu.o)
    0x080048ee   0x080048ee   0x00000060   Code   RO         3025    x$fpl$ffltll        fz_ws.l(ffltll_clz.o)
    0x0800494e   0x0800494e   0x00000002   PAD
    0x08004950   0x08004950   0x00000026   Code   RO         3019    x$fpl$ffltu         fz_ws.l(fflt_clz.o)
    0x08004976   0x08004976   0x00000002   PAD
    0x08004978   0x08004978   0x00000068   Code   RO         3027    x$fpl$fleqf         fz_ws.l(fleqf.o)
    0x080049e0   0x080049e0   0x00000102   Code   RO         3029    x$fpl$fmul          fz_ws.l(fmul.o)
    0x08004ae2   0x08004ae2   0x0000008c   Code   RO         3095    x$fpl$fnaninf       fz_ws.l(fnaninf.o)
    0x08004b6e   0x08004b6e   0x0000000a   Code   RO         3097    x$fpl$fretinf       fz_ws.l(fretinf.o)
    0x08004b78   0x08004b78   0x00000062   Code   RO         3031    x$fpl$frleqf        fz_ws.l(frleqf.o)
    0x08004bda   0x08004bda   0x00000002   PAD
    0x08004bdc   0x08004bdc   0x00000110   Code   RO         3099    x$fpl$fsqrt         fz_ws.l(fsqrt.o)
    0x08004cec   0x08004cec   0x000000ea   Code   RO         3007    x$fpl$fsub          fz_ws.l(faddsub_clz.o)
    0x08004dd6   0x08004dd6   0x00000004   Code   RO         3033    x$fpl$printf1       fz_ws.l(printf1.o)
    0x08004dda   0x08004dda   0x00000064   Code   RO         3186    x$fpl$retnan        fz_ws.l(retnan.o)
    0x08004e3e   0x08004e3e   0x0000005c   Code   RO         3101    x$fpl$scalbn        fz_ws.l(scalbn.o)
    0x08004e9a   0x08004e9a   0x0000004c   Code   RO         3035    x$fpl$scalbnf       fz_ws.l(scalbnf.o)
    0x08004ee6   0x08004ee6   0x00000030   Code   RO         3250    x$fpl$trapveneer    fz_ws.l(trapv.o)
    0x08004f16   0x08004f16   0x00000000   Code   RO         3103    x$fpl$usenofp       fz_ws.l(usenofp.o)
    0x08004f16   0x08004f16   0x00000d98   Data   RO           29    .constdata          oled.o
    0x08005cae   0x08005cae   0x00000012   Data   RO         1164    .constdata          stm32f1xx_hal_rcc.o
    0x08005cc0   0x08005cc0   0x00000012   Data   RO         1256    .constdata          stm32f1xx_hal_rcc_ex.o
    0x08005cd2   0x08005cd2   0x00000010   Data   RO         2928    .constdata          system_stm32f1xx.o
    0x08005ce2   0x08005ce2   0x00000008   Data   RO         2929    .constdata          system_stm32f1xx.o
    0x08005cea   0x08005cea   0x00000011   Data   RO         2986    .constdata          c_w.l(__printf_flags_wp.o)
    0x08005cfb   0x08005cfb   0x00000005   PAD
    0x08005d00   0x08005d00   0x00000038   Data   RO         3039    .constdata          m_ws.l(log.o)
    0x08005d38   0x08005d38   0x00000008   Data   RO         3120    .constdata          m_ws.l(qnan.o)
    0x08005d40   0x08005d40   0x00000094   Data   RO         3153    .constdata          c_w.l(bigflt0.o)
    0x08005dd4   0x08005dd4   0x00000020   Data   RO         3333    Region$$Table       anon$$obj.o
    0x08005df4   0x08005df4   0x0000001c   Data   RO         3177    locale$$data        c_w.l(lc_numeric_c.o)


    Execution Region RW_IRAM1 (Exec base: 0x20000000, Load base: 0x08005e10, Size: 0x00000840, Max: 0x00005000, ABSOLUTE)

    Exec Addr    Load Addr    Size         Type   Attr      Idx    E Section Name        Object

    0x20000000   0x08005e10   0x00000038   Data   RW          241    .data               main.o
    0x20000038   0x08005e48   0x0000000c   Data   RW         1001    .data               stm32f1xx_hal.o
    0x20000044   0x08005e54   0x00000004   Data   RW         2930    .data               system_stm32f1xx.o
    0x20000048        -       0x000000a8   Zero   RW          240    .bss                main.o
    0x200000f0        -       0x00000060   Zero   RW          373    .bss                adc.o
    0x20000150        -       0x00000090   Zero   RW          422    .bss                tim.o
    0x200001e0        -       0x00000060   Zero   RW         3191    .bss                c_w.l(libspace.o)
    0x20000240        -       0x00000200   Zero   RW            2    HEAP                startup_stm32f103xb.o
    0x20000440        -       0x00000400   Zero   RW            1    STACK               startup_stm32f103xb.o


==============================================================================

Image component sizes


      Code (inc. data)   RO Data    RW Data    ZI Data      Debug   Object Name

       336         32          0          0         96       2246   adc.o
       172         12          0          0          0        943   gpio.o
      1572        220          0         56        168      10741   main.o
       946         38       3480          0          0     438622   oled.o
        64         26        236          0       1536        796   startup_stm32f103xb.o
       164         28          0         12          0       5729   stm32f1xx_hal.o
      1178         44          0          0          0       6627   stm32f1xx_hal_adc.o
       218          6          0          0          0       1911   stm32f1xx_hal_adc_ex.o
       198         14          0          0          0      28803   stm32f1xx_hal_cortex.o
       506         34          0          0          0       3409   stm32f1xx_hal_gpio.o
         0          0          0          0          0     433420   stm32f1xx_hal_gpio_ex.o
        60          8          0          0          0        846   stm32f1xx_hal_msp.o
      1208         72         18          0          0       4441   stm32f1xx_hal_rcc.o
       400         28         18          0          0       2405   stm32f1xx_hal_rcc_ex.o
      1738         56          0          0          0      15622   stm32f1xx_hal_tim.o
       192         12          0          0          0       3077   stm32f1xx_hal_tim_ex.o
        60         16          0          0          0       4612   stm32f1xx_it.o
         2          0         24          4          0       1047   system_stm32f1xx.o
       532         36          0          0        144       3093   tim.o

    ----------------------------------------------------------------------
      9572        682       3808         72       1944     968390   Object Totals
         0          0         32          0          0          0   (incl. Generated)
        26          0          0          0          0          0   (incl. Padding)

    ----------------------------------------------------------------------

      Code (inc. data)   RO Data    RW Data    ZI Data      Debug   Library Member Name

         8          0          0          0          0         68   __main.o
       312          4         17          0          0         92   __printf_flags_wp.o
        14          0          0          0          0         68   __printf_wp.o
         0          0          0          0          0          0   __rtentry.o
        12          0          0          0          0          0   __rtentry2.o
         6          0          0          0          0          0   __rtentry4.o
        52          8          0          0          0          0   __scatter.o
        26          0          0          0          0          0   __scatter_copy.o
        28          0          0          0          0          0   __scatter_zi.o
        48          6          0          0          0         96   _printf_char_common.o
         6          0          0          0          0          0   _printf_f.o
      1054          0          0          0          0        216   _printf_fp_dec.o
       128         16          0          0          0         84   _printf_fp_infnan.o
        78          0          0          0          0        108   _printf_pad.o
         0          0          0          0          0          0   _printf_percent.o
         4          0          0          0          0          0   _printf_percent_end.o
        22          0          0          0          0        100   _rserrno.o
        16          0          0          0          0         68   _snputc.o
        10          0          0          0          0         68   _sputc.o
       228          4        148          0          0         96   bigflt0.o
      1936        128          0          0          0        672   btod.o
        18          0          0          0          0         80   exit.o
         6          0          0          0          0        152   heapauxi.o
         0          0          0          0          0          0   indicate_semi.o
        44         10         28          0          0         76   lc_numeric_c.o
         2          0          0          0          0          0   libinit.o
        18          0          0          0          0          0   libinit2.o
         2          0          0          0          0          0   libshutdown.o
         2          0          0          0          0          0   libshutdown2.o
         8          4          0          0         96         68   libspace.o
       138          0          0          0          0         80   lludiv10.o
        52          4          0          0          0         84   noretval__2snprintf.o
         8          4          0          0          0         68   rt_errno_addr_intlibspace.o
         8          4          0          0          0         68   rt_locale_intlibspace.o
        78          0          0          0          0         80   rt_memclr_w.o
         2          0          0          0          0          0   rtexit.o
        10          0          0          0          0          0   rtexit2.o
       128          0          0          0          0         68   strcmpv7m.o
        12          4          0          0          0         68   sys_exit.o
        74          0          0          0          0         80   sys_stackheap_outer.o
         2          0          0          0          0         68   use_no_semi.o
        98          4          0          0          0         92   d2f.o
       826         16          0          0          0        348   daddsub_clz.o
        16          4          0          0          0         68   dcheck1.o
        24          0          0          0          0         68   dcmpi.o
       688        140          0          0          0        208   ddiv.o
       120          4          0          0          0         92   deqf.o
        46          0          0          0          0         68   dflt_clz.o
       340         12          0          0          0        104   dmul.o
       156          4          0          0          0         92   dnaninf.o
        12          0          0          0          0         68   dretinf.o
        86          4          0          0          0         84   f2d.o
       430          8          0          0          0        168   faddsub_clz.o
        12          4          0          0          0         68   fcheck1.o
        24          0          0          0          0         68   fcmpi.o
       388         76          0          0          0         96   fdiv.o
        62          4          0          0          0         84   ffixu.o
        38          0          0          0          0         68   fflt_clz.o
        96          0          0          0          0         84   ffltll_clz.o
       104          4          0          0          0         84   fleqf.o
       258          4          0          0          0         84   fmul.o
       140          4          0          0          0         84   fnaninf.o
        10          0          0          0          0         68   fretinf.o
        98          0          0          0          0         68   frleqf.o
       272        100          0          0          0         88   fsqrt.o
         4          0          0          0          0         68   printf1.o
       100          0          0          0          0         68   retnan.o
        92          0          0          0          0         68   scalbn.o
        76          0          0          0          0         68   scalbnf.o
        48          0          0          0          0         68   trapv.o
         0          0          0          0          0          0   usenofp.o
        34          4          0          0          0        204   dunder.o
        40          0          0          0          0         68   fpclassify.o
       860         52         56          0          0        256   log.o
       170          0          0          0          0         96   poly.o
         0          0          8          0          0          0   qnan.o
        44          0          0          0          0         80   sqrtf.o

    ----------------------------------------------------------------------
     10438        644        262          0         96       6224   Library Totals
        26          0          5          0          0          0   (incl. Padding)

    ----------------------------------------------------------------------

      Code (inc. data)   RO Data    RW Data    ZI Data      Debug   Library Name

      4600        196        193          0         96       2776   c_w.l
      4664        392          0          0          0       2744   fz_ws.l
      1148         56         64          0          0        704   m_ws.l

    ----------------------------------------------------------------------
     10438        644        262          0         96       6224   Library Totals

    ----------------------------------------------------------------------

==============================================================================


      Code (inc. data)   RO Data    RW Data    ZI Data      Debug   

     20010       1326       4070         72       2040     966134   Grand Totals
     20010       1326       4070         72       2040     966134   ELF Image Totals
     20010       1326       4070         72          0          0   ROM Totals

==============================================================================

    Total RO  Size (Code + RO Data)                24080 (  23.52kB)
    Total RW  Size (RW Data + ZI Data)              2112 (   2.06kB)
    Total ROM Size (Code + RO Data + RW Data)      24152 (  23.59kB)

==============================================================================

