Component: ARM Compiler 5.06 update 7 (build 960) Tool: armlink [4d3601]

==============================================================================

Section Cross References

    startup_stm32f103xb.o(STACK) refers (Special) to heapauxi.o(.text) for __use_two_region_memory
    startup_stm32f103xb.o(HEAP) refers (Special) to heapauxi.o(.text) for __use_two_region_memory
    startup_stm32f103xb.o(RESET) refers (Special) to heapauxi.o(.text) for __use_two_region_memory
    startup_stm32f103xb.o(RESET) refers to startup_stm32f103xb.o(STACK) for __initial_sp
    startup_stm32f103xb.o(RESET) refers to startup_stm32f103xb.o(.text) for Reset_Handler
    startup_stm32f103xb.o(RESET) refers to stm32f1xx_it.o(i.NMI_Handler) for NMI_Handler
    startup_stm32f103xb.o(RESET) refers to stm32f1xx_it.o(i.HardFault_Handler) for HardFault_Handler
    startup_stm32f103xb.o(RESET) refers to stm32f1xx_it.o(i.MemManage_Handler) for MemManage_Handler
    startup_stm32f103xb.o(RESET) refers to stm32f1xx_it.o(i.BusFault_Handler) for BusFault_Handler
    startup_stm32f103xb.o(RESET) refers to stm32f1xx_it.o(i.UsageFault_Handler) for UsageFault_Handler
    startup_stm32f103xb.o(RESET) refers to stm32f1xx_it.o(i.SVC_Handler) for SVC_Handler
    startup_stm32f103xb.o(RESET) refers to stm32f1xx_it.o(i.DebugMon_Handler) for DebugMon_Handler
    startup_stm32f103xb.o(RESET) refers to stm32f1xx_it.o(i.PendSV_Handler) for PendSV_Handler
    startup_stm32f103xb.o(RESET) refers to stm32f1xx_it.o(i.SysTick_Handler) for SysTick_Handler
    startup_stm32f103xb.o(RESET) refers to stm32f1xx_it.o(i.DMA1_Channel1_IRQHandler) for DMA1_Channel1_IRQHandler
    startup_stm32f103xb.o(RESET) refers to stm32f1xx_it.o(i.ADC1_2_IRQHandler) for ADC1_2_IRQHandler
    startup_stm32f103xb.o(RESET) refers to stm32f1xx_it.o(i.TIM2_IRQHandler) for TIM2_IRQHandler
    startup_stm32f103xb.o(.text) refers (Special) to heapauxi.o(.text) for __use_two_region_memory
    startup_stm32f103xb.o(.text) refers to system_stm32f1xx.o(i.SystemInit) for SystemInit
    startup_stm32f103xb.o(.text) refers to __main.o(!!!main) for __main
    startup_stm32f103xb.o(.text) refers to startup_stm32f103xb.o(HEAP) for Heap_Mem
    startup_stm32f103xb.o(.text) refers to startup_stm32f103xb.o(STACK) for Stack_Mem
    oled.o(i.IIC_Start) refers to stm32f1xx_hal_gpio.o(i.HAL_GPIO_WritePin) for HAL_GPIO_WritePin
    oled.o(i.IIC_Start) refers to oled.o(i.OledDelay) for OledDelay
    oled.o(i.IIC_Stop) refers to stm32f1xx_hal_gpio.o(i.HAL_GPIO_WritePin) for HAL_GPIO_WritePin
    oled.o(i.IIC_Stop) refers to oled.o(i.OledDelay) for OledDelay
    oled.o(i.IIC_Wait_Ack) refers to stm32f1xx_hal_gpio.o(i.HAL_GPIO_WritePin) for HAL_GPIO_WritePin
    oled.o(i.IIC_Wait_Ack) refers to oled.o(i.OledDelay) for OledDelay
    oled.o(i.OLED_Clear) refers to oled.o(i.OLED_WR_Byte) for OLED_WR_Byte
    oled.o(i.OLED_Display_Off) refers to oled.o(i.OLED_WR_Byte) for OLED_WR_Byte
    oled.o(i.OLED_Display_On) refers to oled.o(i.OLED_WR_Byte) for OLED_WR_Byte
    oled.o(i.OLED_DrawBMP) refers to oled.o(i.OLED_Set_Pos) for OLED_Set_Pos
    oled.o(i.OLED_DrawBMP) refers to oled.o(i.OLED_WR_Byte) for OLED_WR_Byte
    oled.o(i.OLED_Init) refers to stm32f1xx_hal_gpio.o(i.HAL_GPIO_Init) for HAL_GPIO_Init
    oled.o(i.OLED_Init) refers to stm32f1xx_hal_gpio.o(i.HAL_GPIO_WritePin) for HAL_GPIO_WritePin
    oled.o(i.OLED_Init) refers to stm32f1xx_hal.o(i.HAL_Delay) for HAL_Delay
    oled.o(i.OLED_Init) refers to oled.o(i.OLED_WR_Byte) for OLED_WR_Byte
    oled.o(i.OLED_Init) refers to oled.o(i.OLED_Clear) for OLED_Clear
    oled.o(i.OLED_Set_Pos) refers to oled.o(i.OLED_WR_Byte) for OLED_WR_Byte
    oled.o(i.OLED_ShowCHinese) refers to oled.o(i.OLED_Set_Pos) for OLED_Set_Pos
    oled.o(i.OLED_ShowCHinese) refers to oled.o(i.OLED_WR_Byte) for OLED_WR_Byte
    oled.o(i.OLED_ShowCHinese) refers to oled.o(.constdata) for .constdata
    oled.o(i.OLED_ShowChar) refers to oled.o(i.OLED_Set_Pos) for OLED_Set_Pos
    oled.o(i.OLED_ShowChar) refers to oled.o(i.OLED_WR_Byte) for OLED_WR_Byte
    oled.o(i.OLED_ShowChar) refers to oled.o(.constdata) for .constdata
    oled.o(i.OLED_ShowNum) refers to oled.o(i.OLED_ShowChar) for OLED_ShowChar
    oled.o(i.OLED_ShowString) refers to oled.o(i.OLED_ShowChar) for OLED_ShowChar
    oled.o(i.OLED_WR_Byte) refers to oled.o(i.IIC_Start) for IIC_Start
    oled.o(i.OLED_WR_Byte) refers to oled.o(i.Write_IIC_Byte) for Write_IIC_Byte
    oled.o(i.OLED_WR_Byte) refers to oled.o(i.IIC_Wait_Ack) for IIC_Wait_Ack
    oled.o(i.OLED_WR_Byte) refers to oled.o(i.IIC_Stop) for IIC_Stop
    oled.o(i.Write_IIC_Byte) refers to stm32f1xx_hal_gpio.o(i.HAL_GPIO_WritePin) for HAL_GPIO_WritePin
    oled.o(i.Write_IIC_Byte) refers to oled.o(i.OledDelay) for OledDelay
    main.o(i.Apply_Filter_Float) refers to faddsub_clz.o(x$fpl$fsub) for __aeabi_fsub
    main.o(i.Apply_Filter_Float) refers to faddsub_clz.o(x$fpl$fadd) for __aeabi_fadd
[...]
    i.HAL_MspInit                            0x080022e8   Section        0  stm32f1xx_hal_msp.o(i.HAL_MspInit)
    i.HAL_NVIC_EnableIRQ                     0x08002324   Section        0  stm32f1xx_hal_cortex.o(i.HAL_NVIC_EnableIRQ)
    i.HAL_NVIC_SetPriority                   0x08002340   Section        0  stm32f1xx_hal_cortex.o(i.HAL_NVIC_SetPriority)
    i.HAL_NVIC_SetPriorityGrouping           0x08002380   Section        0  stm32f1xx_hal_cortex.o(i.HAL_NVIC_SetPriorityGrouping)
    i.HAL_RCCEx_GetPeriphCLKFreq             0x080023a4   Section        0  stm32f1xx_hal_rcc_ex.o(i.HAL_RCCEx_GetPeriphCLKFreq)
    i.HAL_RCCEx_PeriphCLKConfig              0x08002448   Section        0  stm32f1xx_hal_rcc_ex.o(i.HAL_RCCEx_PeriphCLKConfig)
    i.HAL_RCC_ClockConfig                    0x08002534   Section        0  stm32f1xx_hal_rcc.o(i.HAL_RCC_ClockConfig)
    i.HAL_RCC_GetPCLK1Freq                   0x08002660   Section        0  stm32f1xx_hal_rcc.o(i.HAL_RCC_GetPCLK1Freq)
    i.HAL_RCC_GetPCLK2Freq                   0x08002680   Section        0  stm32f1xx_hal_rcc.o(i.HAL_RCC_GetPCLK2Freq)
    i.HAL_RCC_GetSysClockFreq                0x080026a0   Section        0  stm32f1xx_hal_rcc.o(i.HAL_RCC_GetSysClockFreq)
    i.HAL_RCC_OscConfig                      0x080026ec   Section        0  stm32f1xx_hal_rcc.o(i.HAL_RCC_OscConfig)
    i.HAL_SYSTICK_Config                     0x08002a0c   Section        0  stm32f1xx_hal_cortex.o(i.HAL_SYSTICK_Config)
    i.HAL_TIMEx_BreakCallback                0x08002a34   Section        0  stm32f1xx_hal_tim_ex.o(i.HAL_TIMEx_BreakCallback)
    i.HAL_TIMEx_CommutCallback               0x08002a36   Section        0  stm32f1xx_hal_tim_ex.o(i.HAL_TIMEx_CommutCallback)
    i.HAL_TIMEx_ConfigBreakDeadTime          0x08002a38   Section        0  stm32f1xx_hal_tim_ex.o(i.HAL_TIMEx_ConfigBreakDeadTime)
    i.HAL_TIMEx_MasterConfigSynchronization  0x08002a8c   Section        0  stm32f1xx_hal_tim_ex.o(i.HAL_TIMEx_MasterConfigSynchronization)
    i.HAL_TIM_Base_Init                      0x08002af4   Section        0  stm32f1xx_hal_tim.o(i.HAL_TIM_Base_Init)
    i.HAL_TIM_Base_MspInit                   0x08002b50   Section        0  tim.o(i.HAL_TIM_Base_MspInit)
    i.HAL_TIM_Base_Start_IT                  0x08002ba0   Section        0  stm32f1xx_hal_tim.o(i.HAL_TIM_Base_Start_IT)
    i.HAL_TIM_ConfigClockSource              0x08002bf8   Section        0  stm32f1xx_hal_tim.o(i.HAL_TIM_ConfigClockSource)
    i.HAL_TIM_IC_CaptureCallback             0x08002cd4   Section        0  stm32f1xx_hal_tim.o(i.HAL_TIM_IC_CaptureCallback)
    i.HAL_TIM_IRQHandler                     0x08002cd6   Section        0  stm32f1xx_hal_tim.o(i.HAL_TIM_IRQHandler)
    i.HAL_TIM_MspPostInit                    0x08002e08   Section        0  tim.o(i.HAL_TIM_MspPostInit)
    i.HAL_TIM_OC_DelayElapsedCallback        0x08002e6c   Section        0  stm32f1xx_hal_tim.o(i.HAL_TIM_OC_DelayElapsedCallback)
    i.HAL_TIM_PWM_ConfigChannel              0x08002e6e   Section        0  stm32f1xx_hal_tim.o(i.HAL_TIM_PWM_ConfigChannel)
    i.HAL_TIM_PWM_Init                       0x08002f3a   Section        0  stm32f1xx_hal_tim.o(i.HAL_TIM_PWM_Init)
    i.HAL_TIM_PWM_MspInit                    0x08002f94   Section        0  stm32f1xx_hal_tim.o(i.HAL_TIM_PWM_MspInit)
    i.HAL_TIM_PWM_PulseFinishedCallback      0x08002f96   Section        0  stm32f1xx_hal_tim.o(i.HAL_TIM_PWM_PulseFinishedCallback)
    i.HAL_TIM_PWM_Start                      0x08002f98   Section        0  stm32f1xx_hal_tim.o(i.HAL_TIM_PWM_Start)
    i.HAL_TIM_PeriodElapsedCallback          0x08003034   Section        0  main.o(i.HAL_TIM_PeriodElapsedCallback)
    i.HAL_TIM_TriggerCallback                0x08003042   Section        0  stm32f1xx_hal_tim.o(i.HAL_TIM_TriggerCallback)
    i.HAL_UART_Init                          0x08003044   Section        0  stm32f1xx_hal_uart.o(i.HAL_UART_Init)
    i.HAL_UART_MspInit                       0x080030a8   Section        0  usart.o(i.HAL_UART_MspInit)
    i.HAL_UART_Transmit                      0x08003118   Section        0  stm32f1xx_hal_uart.o(i.HAL_UART_Transmit)
    i.HardFault_Handler                      0x080031b8   Section        0  stm32f1xx_it.o(i.HardFault_Handler)
    i.IIC_Start                              0x080031bc   Section        0  oled.o(i.IIC_Start)
    IIC_Start                                0x080031bd   Thumb Code    60  oled.o(i.IIC_Start)
    i.IIC_Stop                               0x080031fc   Section        0  oled.o(i.IIC_Stop)
    IIC_Stop                                 0x080031fd   Thumb Code    48  oled.o(i.IIC_Stop)
    i.IIC_Wait_Ack                           0x08003230   Section        0  oled.o(i.IIC_Wait_Ack)
    IIC_Wait_Ack                             0x08003231   Thumb Code    38  oled.o(i.IIC_Wait_Ack)
    i.MX_ADC1_Init                           0x0800325c   Section        0  adc.o(i.MX_ADC1_Init)
    i.MX_ADC2_Init                           0x080032ec   Section        0  adc.o(i.MX_ADC2_Init)
    i.MX_DMA_Init                            0x0800333c   Section        0  dma.o(i.MX_DMA_Init)
    i.MX_GPIO_Init                           0x08003368   Section        0  gpio.o(i.MX_GPIO_Init)
    i.MX_TIM1_Init                           0x08003414   Section        0  tim.o(i.MX_TIM1_Init)
    i.MX_TIM2_Init                           0x080034dc   Section        0  tim.o(i.MX_TIM2_Init)
    i.MX_USART3_UART_Init                    0x08003574   Section        0  usart.o(i.MX_USART3_UART_Init)
    i.MemManage_Handler                      0x080035ac   Section        0  stm32f1xx_it.o(i.MemManage_Handler)
    i.NMI_Handler                            0x080035ae   Section        0  stm32f1xx_it.o(i.NMI_Handler)
    i.OLED_Clear                             0x080035b0   Section        0  oled.o(i.OLED_Clear)
    i.OLED_Init                              0x080035ec   Section        0  oled.o(i.OLED_Init)
    i.OLED_Set_Pos                           0x08003724   Section        0  oled.o(i.OLED_Set_Pos)
    i.OLED_ShowChar                          0x0800374c   Section        0  oled.o(i.OLED_ShowChar)
    i.OLED_ShowString                        0x080037d8   Section        0  oled.o(i.OLED_ShowString)
    i.OLED_WR_Byte                           0x0800380e   Section        0  oled.o(i.OLED_WR_Byte)
    OLED_WR_Byte                             0x0800380f   Thumb Code    68  oled.o(i.OLED_WR_Byte)
    i.OledDelay                              0x08003852   Section        0  oled.o(i.OledDelay)
    OledDelay                                0x08003853   Thumb Code    28  oled.o(i.OledDelay)
    i.PI_Init                                0x0800386e   Section        0  main.o(i.PI_Init)
    i.PI_Update                              0x08003880   Section        0  main.o(i.PI_Update)
    i.PendSV_Handler                         0x08003900   Section        0  stm32f1xx_it.o(i.PendSV_Handler)
    i.SVC_Handler                            0x08003902   Section        0  stm32f1xx_it.o(i.SVC_Handler)
    i.SysTick_Handler                        0x08003904   Section        0  stm32f1xx_it.o(i.SysTick_Handler)
    i.SystemClock_Config                     0x08003908   Section        0  main.o(i.SystemClock_Config)
    i.SystemInit                             0x08003980   Section        0  system_stm32f1xx.o(i.SystemInit)
    i.TIM2_IRQHandler                        0x08003984   Section        0  stm32f1xx_it.o(i.TIM2_IRQHandler)
    i.TIM_Base_SetConfig                     0x08003990   Section        0  stm32f1xx_hal_tim.o(i.TIM_Base_SetConfig)
    i.TIM_CCxChannelCmd                      0x08003a08   Section        0  stm32f1xx_hal_tim.o(i.TIM_CCxChannelCmd)
    i.TIM_ETR_SetConfig                      0x08003a22   Section        0  stm32f1xx_hal_tim.o(i.TIM_ETR_SetConfig)
    i.TIM_ITRx_SetConfig                     0x08003a36   Section        0  stm32f1xx_hal_tim.o(i.TIM_ITRx_SetConfig)
    TIM_ITRx_SetConfig                       0x08003a37   Thumb Code    16  stm32f1xx_hal_tim.o(i.TIM_ITRx_SetConfig)
    i.TIM_OC1_SetConfig                      0x08003a48   Section        0  stm32f1xx_hal_tim.o(i.TIM_OC1_SetConfig)
    TIM_OC1_SetConfig                        0x08003a49   Thumb Code    74  stm32f1xx_hal_tim.o(i.TIM_OC1_SetConfig)
    i.TIM_OC2_SetConfig                      0x08003a98   Section        0  stm32f1xx_hal_tim.o(i.TIM_OC2_SetConfig)
    i.TIM_OC3_SetConfig                      0x08003af0   Section        0  stm32f1xx_hal_tim.o(i.TIM_OC3_SetConfig)
    TIM_OC3_SetConfig                        0x08003af1   Thumb Code    82  stm32f1xx_hal_tim.o(i.TIM_OC3_SetConfig)
    i.TIM_OC4_SetConfig                      0x08003b48   Section        0  stm32f1xx_hal_tim.o(i.TIM_OC4_SetConfig)
    TIM_OC4_SetConfig                        0x08003b49   Thumb Code    64  stm32f1xx_hal_tim.o(i.TIM_OC4_SetConfig)
    i.TIM_TI1_ConfigInputStage               0x08003b8c   Section        0  stm32f1xx_hal_tim.o(i.TIM_TI1_ConfigInputStage)
    TIM_TI1_ConfigInputStage                 0x08003b8d   Thumb Code    34  stm32f1xx_hal_tim.o(i.TIM_TI1_ConfigInputStage)
    i.TIM_TI2_ConfigInputStage               0x08003bae   Section        0  stm32f1xx_hal_tim.o(i.TIM_TI2_ConfigInputStage)
    TIM_TI2_ConfigInputStage                 0x08003baf   Thumb Code    36  stm32f1xx_hal_tim.o(i.TIM_TI2_ConfigInputStage)
    i.UART_EndRxTransfer                     0x08003bd2   Section        0  stm32f1xx_hal_uart.o(i.UART_EndRxTransfer)
    UART_EndRxTransfer                       0x08003bd3   Thumb Code    78  stm32f1xx_hal_uart.o(i.UART_EndRxTransfer)
    i.UART_SetConfig                         0x08003c20   Section        0  stm32f1xx_hal_uart.o(i.UART_SetConfig)
    UART_SetConfig                           0x08003c21   Thumb Code   178  stm32f1xx_hal_uart.o(i.UART_SetConfig)
    i.UART_WaitOnFlagUntilTimeout            0x08003cd8   Section        0  stm32f1xx_hal_uart.o(i.UART_WaitOnFlagUntilTimeout)
    UART_WaitOnFlagUntilTimeout              0x08003cd9   Thumb Code   114  stm32f1xx_hal_uart.o(i.UART_WaitOnFlagUntilTimeout)
    i.UsageFault_Handler                     0x08003d4a   Section        0  stm32f1xx_it.o(i.UsageFault_Handler)
    i.Write_IIC_Byte                         0x08003d4c   Section        0  oled.o(i.Write_IIC_Byte)
    Write_IIC_Byte                           0x08003d4d   Thumb Code    78  oled.o(i.Write_IIC_Byte)
    i.__ARM_fpclassify                       0x08003da0   Section        0  fpclassify.o(i.__ARM_fpclassify)
    i.__NVIC_SetPriority                     0x08003dc8   Section        0  stm32f1xx_hal_cortex.o(i.__NVIC_SetPriority)
    __NVIC_SetPriority                       0x08003dc9   Thumb Code    32  stm32f1xx_hal_cortex.o(i.__NVIC_SetPriority)
    i.__mathlib_flt_divzero                  0x08003de8   Section        0  funder.o(i.__mathlib_flt_divzero)
    i.__mathlib_flt_infnan                   0x08003df2   Section        0  funder.o(i.__mathlib_flt_infnan)
    i.__mathlib_flt_invalid                  0x08003df8   Section        0  funder.o(i.__mathlib_flt_invalid)
    i._is_digit                              0x08003e00   Section        0  __printf_wp.o(i._is_digit)
    i.logf                                   0x08003e10   Section        0  logf.o(i.logf)
    i.main                                   0x08003fa0   Section        0  main.o(i.main)
    i.sqrtf                                  0x08004248   Section        0  sqrtf.o(i.sqrtf)
    locale$$code                             0x08004274   Section       44  lc_numeric_c.o(locale$$code)
    x$fpl$dretinf                            0x080042a0   Section       12  dretinf.o(x$fpl$dretinf)
    x$fpl$f2d                                0x080042ac   Section       86  f2d.o(x$fpl$f2d)
    x$fpl$fadd                               0x08004304   Section      196  faddsub_clz.o(x$fpl$fadd)
    _fadd1                                   0x08004313   Thumb Code     0  faddsub_clz.o(x$fpl$fadd)
    x$fpl$fcheck1                            0x080043c8   Section       12  fcheck1.o(x$fpl$fcheck1)
    x$fpl$fcmpinf                            0x080043d4   Section       24  fcmpi.o(x$fpl$fcmpinf)
    x$fpl$fdiv                               0x080043ec   Section      388  fdiv.o(x$fpl$fdiv)
    _fdiv1                                   0x080043ed   Thumb Code     0  fdiv.o(x$fpl$fdiv)
    x$fpl$ffixu                              0x08004570   Section       62  ffixu.o(x$fpl$ffixu)
    x$fpl$fflt                               0x080045b0   Section       48  fflt_clz.o(x$fpl$fflt)
    x$fpl$ffltll                             0x080045e0   Section       96  ffltll_clz.o(x$fpl$ffltll)
    x$fpl$ffltu                              0x08004640   Section       38  fflt_clz.o(x$fpl$ffltu)
    x$fpl$fleqf                              0x08004668   Section      104  fleqf.o(x$fpl$fleqf)
    x$fpl$fmul                               0x080046d0   Section      258  fmul.o(x$fpl$fmul)
    x$fpl$fnaninf                            0x080047d2   Section      140  fnaninf.o(x$fpl$fnaninf)
    x$fpl$fretinf                            0x0800485e   Section       10  fretinf.o(x$fpl$fretinf)
    x$fpl$frleqf                             0x08004868   Section       98  frleqf.o(x$fpl$frleqf)
    x$fpl$fsqrt                              0x080048cc   Section      272  fsqrt.o(x$fpl$fsqrt)
    x$fpl$fsub                               0x080049dc   Section      234  faddsub_clz.o(x$fpl$fsub)
    _fsub1                                   0x080049eb   Thumb Code     0  faddsub_clz.o(x$fpl$fsub)
    x$fpl$printf1                            0x08004ac6   Section        4  printf1.o(x$fpl$printf1)
    x$fpl$retnan                             0x08004aca   Section      100  retnan.o(x$fpl$retnan)
    x$fpl$scalbnf                            0x08004b2e   Section       76  scalbnf.o(x$fpl$scalbnf)
    x$fpl$trapveneer                         0x08004b7a   Section       48  trapv.o(x$fpl$trapveneer)
    .constdata                               0x08004baa   Section     3480  oled.o(.constdata)
    x$fpl$usenofp                            0x08004baa   Section        0  usenofp.o(x$fpl$usenofp)
    F6x8                                     0x08004baa   Data         552  oled.o(.constdata)
    F8X16                                    0x08004dd2   Data        2576  oled.o(.constdata)
    Hzk                                      0x080057e2   Data         352  oled.o(.constdata)
    .constdata                               0x08005942   Section       18  stm32f1xx_hal_rcc.o(.constdata)
    aPredivFactorTable                       0x08005942   Data           2  stm32f1xx_hal_rcc.o(.constdata)
    aPLLMULFactorTable                       0x08005944   Data          16  stm32f1xx_hal_rcc.o(.constdata)
    .constdata                               0x08005954   Section       18  stm32f1xx_hal_rcc_ex.o(.constdata)
    aPredivFactorTable                       0x08005954   Data           2  stm32f1xx_hal_rcc_ex.o(.constdata)
    aPLLMULFactorTable                       0x08005956   Data          16  stm32f1xx_hal_rcc_ex.o(.constdata)
    .constdata                               0x08005966   Section       16  system_stm32f1xx.o(.constdata)
    .constdata                               0x08005976   Section        8  system_stm32f1xx.o(.constdata)
    .constdata                               0x0800597e   Section       17  __printf_flags_wp.o(.constdata)
    maptable                                 0x0800597e   Data          17  __printf_flags_wp.o(.constdata)
    .constdata                               0x08005990   Section       64  logf.o(.constdata)
    logahi                                   0x08005990   Data          32  logf.o(.constdata)
    logalo                                   0x080059b0   Data          32  logf.o(.constdata)
    .constdata                               0x080059d0   Section      148  bigflt0.o(.constdata)
    tenpwrs_x                                0x080059d0   Data          60  bigflt0.o(.constdata)
    tenpwrs_i                                0x08005a0c   Data          64  bigflt0.o(.constdata)
    locale$$data                             0x08005a84   Section       28  lc_numeric_c.o(locale$$data)
    __lcnum_c_name                           0x08005a88   Data           2  lc_numeric_c.o(locale$$data)
    __lcnum_c_start                          0x08005a90   Data           0  lc_numeric_c.o(locale$$data)
    __lcnum_c_point                          0x08005a9c   Data           0  lc_numeric_c.o(locale$$data)
    __lcnum_c_thousands                      0x08005a9e   Data           0  lc_numeric_c.o(locale$$data)
    __lcnum_c_grouping                       0x08005a9f   Data           0  lc_numeric_c.o(locale$$data)
    __lcnum_c_end                            0x08005aa0   Data           0  lc_numeric_c.o(locale$$data)
    .data                                    0x20000000   Section       72  main.o(.data)
    .data                                    0x20000048   Section       12  stm32f1xx_hal.o(.data)
    .data                                    0x20000054   Section        4  system_stm32f1xx.o(.data)
    .bss                                     0x20000058   Section     1348  main.o(.bss)
    .bss                                     0x2000059c   Section      164  adc.o(.bss)
    .bss                                     0x20000640   Section      144  tim.o(.bss)
    .bss                                     0x200006d0   Section       72  usart.o(.bss)
    .bss                                     0x20000718   Section       96  libspace.o(.bss)
    HEAP                                     0x20000778   Section      512  startup_stm32f103xb.o(HEAP)
    Heap_Mem                                 0x20000778   Data         512  startup_stm32f103xb.o(HEAP)
    STACK                                    0x20000978   Section     1024  startup_stm32f103xb.o(STACK)
    Stack_Mem                                0x20000978   Data        1024  startup_stm32f103xb.o(STACK)
    __initial_sp                             0x20000d78   Data           0  startup_stm32f103xb.o(STACK)

    Global Symbols

    Symbol Name                              Value     Ov Type        Size  Object(Section)

    BuildAttributes$$THM_ISAv4$P$D$K$B$S$PE$A:L22UL41UL21$X:L11$S22US41US21$IEEE1$IW$USESV6$~STKCKD$USESV7$~SHL$OTIME$ROPI$IEEEX$EBA8$UX$STANDARDLIB$REQ8$PRES8$EABIv2 0x00000000   Number         0  anon$$obj.o ABSOLUTE
    __ARM_use_no_argv                        0x00000000   Number         0  main.o ABSOLUTE
    _printf_flags                            0x00000000   Number         0  printf_stubs.o ABSOLUTE
    _printf_return_value                     0x00000000   Number         0  printf_stubs.o ABSOLUTE
    _printf_sizespec                         0x00000000   Number         0  printf_stubs.o ABSOLUTE
    _printf_widthprec                        0x00000000   Number         0  printf_stubs.o ABSOLUTE
    __ARM_exceptions_init                     - Undefined Weak Reference
    __alloca_initialize                       - Undefined Weak Reference
    __arm_fini_                               - Undefined Weak Reference
    __arm_preinit_                            - Undefined Weak Reference
    __cpp_initialize__aeabi_                  - Undefined Weak Reference
    __cxa_finalize                            - Undefined Weak Reference
    __sigvec_lookup                           - Undefined Weak Reference
    _atexit_init                              - Undefined Weak Reference
    _call_atexit_fns                          - Undefined Weak Reference
    _clock_init                               - Undefined Weak Reference
    _fp_trap_init                             - Undefined Weak Reference
    _fp_trap_shutdown                         - Undefined Weak Reference
    _get_lc_collate                           - Undefined Weak Reference
    _get_lc_ctype                             - Undefined Weak Reference
    _get_lc_monetary                          - Undefined Weak Reference
    _get_lc_time                              - Undefined Weak Reference
    _getenv_init                              - Undefined Weak Reference
    _handle_redirection                       - Undefined Weak Reference
    _init_alloc                               - Undefined Weak Reference
    _init_user_alloc                          - Undefined Weak Reference
    _initio                                   - Undefined Weak Reference
    _rand_init                                - Undefined Weak Reference
    _signal_finish                            - Undefined Weak Reference
    _signal_init                              - Undefined Weak Reference
    _terminate_alloc                          - Undefined Weak Reference
    _terminate_user_alloc                     - Undefined Weak Reference
    _terminateio                              - Undefined Weak Reference
    __Vectors_Size                           0x000000ec   Number         0  startup_stm32f103xb.o ABSOLUTE
    __Vectors                                0x08000000   Data           4  startup_stm32f103xb.o(RESET)
    __Vectors_End                            0x080000ec   Data           0  startup_stm32f103xb.o(RESET)
    __main                                   0x080000ed   Thumb Code     8  __main.o(!!!main)
    __scatterload                            0x080000f5   Thumb Code     0  __scatter.o(!!!scatter)
    __scatterload_rt2                        0x080000f5   Thumb Code    44  __scatter.o(!!!scatter)
    __scatterload_rt2_thumb_only             0x080000f5   Thumb Code     0  __scatter.o(!!!scatter)
    __scatterload_null                       0x08000103   Thumb Code     0  __scatter.o(!!!scatter)
    __scatterload_copy                       0x08000129   Thumb Code    26  __scatter_copy.o(!!handler_copy)
    __scatterload_zeroinit                   0x08000145   Thumb Code    28  __scatter_zi.o(!!handler_zi)
    _printf_f                                0x08000161   Thumb Code     0  _printf_f.o(.ARM.Collect$$_printf_percent$$00000003)
    _printf_percent                          0x08000161   Thumb Code     0  _printf_percent.o(.ARM.Collect$$_printf_percent$$00000000)
    _printf_percent_end                      0x08000167   Thumb Code     0  _printf_percent_end.o(.ARM.Collect$$_printf_percent$$00000017)
    __rt_lib_init                            0x0800016b   Thumb Code     0  libinit.o(.ARM.Collect$$libinit$$00000000)
    __rt_lib_init_fp_1                       0x0800016d   Thumb Code     0  libinit2.o(.ARM.Collect$$libinit$$00000002)
    __rt_lib_init_heap_1                     0x0800016d   Thumb Code     0  libinit2.o(.ARM.Collect$$libinit$$0000000A)
    __rt_lib_init_lc_common                  0x0800016d   Thumb Code     0  libinit2.o(.ARM.Collect$$libinit$$0000000F)
    __rt_lib_init_preinit_1                  0x0800016d   Thumb Code     0  libinit2.o(.ARM.Collect$$libinit$$00000004)
    __rt_lib_init_rand_1                     0x0800016d   Thumb Code     0  libinit2.o(.ARM.Collect$$libinit$$0000000E)
    __rt_lib_init_user_alloc_1               0x0800016d   Thumb Code     0  libinit2.o(.ARM.Collect$$libinit$$0000000C)
    __rt_lib_init_lc_collate_1               0x08000173   Thumb Code     0  libinit2.o(.ARM.Collect$$libinit$$00000011)
    __rt_lib_init_lc_ctype_1                 0x08000173   Thumb Code     0  libinit2.o(.ARM.Collect$$libinit$$00000013)
    __rt_lib_init_lc_monetary_1              0x08000173   Thumb Code     0  libinit2.o(.ARM.Collect$$libinit$$00000015)
    __rt_lib_init_lc_numeric_2               0x08000173   Thumb Code     0  libinit2.o(.ARM.Collect$$libinit$$00000016)
    __rt_lib_init_alloca_1                   0x0800017d   Thumb Code     0  libinit2.o(.ARM.Collect$$libinit$$0000002E)
    __rt_lib_init_argv_1                     0x0800017d   Thumb Code     0  libinit2.o(.ARM.Collect$$libinit$$0000002C)
    __rt_lib_init_atexit_1                   0x0800017d   Thumb Code     0  libinit2.o(.ARM.Collect$$libinit$$0000001B)
    __rt_lib_init_clock_1                    0x0800017d   Thumb Code     0  libinit2.o(.ARM.Collect$$libinit$$00000021)
    __rt_lib_init_cpp_1                      0x0800017d   Thumb Code     0  libinit2.o(.ARM.Collect$$libinit$$00000032)
    __rt_lib_init_exceptions_1               0x0800017d   Thumb Code     0  libinit2.o(.ARM.Collect$$libinit$$00000030)
    __rt_lib_init_fp_trap_1                  0x0800017d   Thumb Code     0  libinit2.o(.ARM.Collect$$libinit$$0000001F)
    __rt_lib_init_getenv_1                   0x0800017d   Thumb Code     0  libinit2.o(.ARM.Collect$$libinit$$00000023)
    __rt_lib_init_lc_numeric_1               0x0800017d   Thumb Code     0  libinit2.o(.ARM.Collect$$libinit$$00000017)
    __rt_lib_init_lc_time_1                  0x0800017d   Thumb Code     0  libinit2.o(.ARM.Collect$$libinit$$00000019)
    __rt_lib_init_return                     0x0800017d   Thumb Code     0  libinit2.o(.ARM.Collect$$libinit$$00000033)
    __rt_lib_init_signal_1                   0x0800017d   Thumb Code     0  libinit2.o(.ARM.Collect$$libinit$$0000001D)
    __rt_lib_init_stdio_1                    0x0800017d   Thumb Code     0  libinit2.o(.ARM.Collect$$libinit$$00000025)
    __rt_lib_shutdown                        0x0800017f   Thumb Code     0  libshutdown.o(.ARM.Collect$$libshutdown$$00000000)
    __rt_lib_shutdown_cpp_1                  0x08000181   Thumb Code     0  libshutdown2.o(.ARM.Collect$$libshutdown$$00000004)
    __rt_lib_shutdown_fini_1                 0x08000181   Thumb Code     0  libshutdown2.o(.ARM.Collect$$libshutdown$$00000002)
    __rt_lib_shutdown_fp_trap_1              0x08000181   Thumb Code     0  libshutdown2.o(.ARM.Collect$$libshutdown$$00000009)
    __rt_lib_shutdown_heap_1                 0x08000181   Thumb Code     0  libshutdown2.o(.ARM.Collect$$libshutdown$$00000011)
    __rt_lib_shutdown_return                 0x08000181   Thumb Code     0  libshutdown2.o(.ARM.Collect$$libshutdown$$00000012)
    __rt_lib_shutdown_signal_1               0x08000181   Thumb Code     0  libshutdown2.o(.ARM.Collect$$libshutdown$$0000000C)
    __rt_lib_shutdown_stdio_1                0x08000181   Thumb Code     0  libshutdown2.o(.ARM.Collect$$libshutdown$$00000006)
    __rt_lib_shutdown_user_alloc_1           0x08000181   Thumb Code     0  libshutdown2.o(.ARM.Collect$$libshutdown$$0000000E)
    __rt_entry                               0x08000183   Thumb Code     0  __rtentry.o(.ARM.Collect$$rtentry$$00000000)
    __rt_entry_presh_1                       0x08000183   Thumb Code     0  __rtentry2.o(.ARM.Collect$$rtentry$$00000002)
    __rt_entry_sh                            0x08000183   Thumb Code     0  __rtentry4.o(.ARM.Collect$$rtentry$$00000004)
    __rt_entry_li                            0x08000189   Thumb Code     0  __rtentry2.o(.ARM.Collect$$rtentry$$0000000A)
    __rt_entry_postsh_1                      0x08000189   Thumb Code     0  __rtentry2.o(.ARM.Collect$$rtentry$$00000009)
    __rt_entry_main                          0x0800018d   Thumb Code     0  __rtentry2.o(.ARM.Collect$$rtentry$$0000000D)
    __rt_entry_postli_1                      0x0800018d   Thumb Code     0  __rtentry2.o(.ARM.Collect$$rtentry$$0000000C)
    __rt_exit                                0x08000195   Thumb Code     0  rtexit.o(.ARM.Collect$$rtexit$$00000000)
    __rt_exit_ls                             0x08000197   Thumb Code     0  rtexit2.o(.ARM.Collect$$rtexit$$00000003)
    __rt_exit_prels_1                        0x08000197   Thumb Code     0  rtexit2.o(.ARM.Collect$$rtexit$$00000002)
    __rt_exit_exit                           0x0800019b   Thumb Code     0  rtexit2.o(.ARM.Collect$$rtexit$$00000004)
    Reset_Handler                            0x080001a1   Thumb Code     8  startup_stm32f103xb.o(.text)
    CAN1_RX1_IRQHandler                      0x080001bb   Thumb Code     0  startup_stm32f103xb.o(.text)
    CAN1_SCE_IRQHandler                      0x080001bb   Thumb Code     0  startup_stm32f103xb.o(.text)
    DMA1_Channel2_IRQHandler                 0x080001bb   Thumb Code     0  startup_stm32f103xb.o(.text)
    DMA1_Channel3_IRQHandler                 0x080001bb   Thumb Code     0  startup_stm32f103xb.o(.text)
    DMA1_Channel4_IRQHandler                 0x080001bb   Thumb Code     0  startup_stm32f103xb.o(.text)
    DMA1_Channel5_IRQHandler                 0x080001bb   Thumb Code     0  startup_stm32f103xb.o(.text)
    DMA1_Channel6_IRQHandler                 0x080001bb   Thumb Code     0  startup_stm32f103xb.o(.text)
    DMA1_Channel7_IRQHandler                 0x080001bb   Thumb Code     0  startup_stm32f103xb.o(.text)
    EXTI0_IRQHandler                         0x080001bb   Thumb Code     0  startup_stm32f103xb.o(.text)
    EXTI15_10_IRQHandler                     0x080001bb   Thumb Code     0  startup_stm32f103xb.o(.text)
    EXTI1_IRQHandler                         0x080001bb   Thumb Code     0  startup_stm32f103xb.o(.text)
    EXTI2_IRQHandler                         0x080001bb   Thumb Code     0  startup_stm32f103xb.o(.text)
    EXTI3_IRQHandler                         0x080001bb   Thumb Code     0  startup_stm32f103xb.o(.text)
    EXTI4_IRQHandler                         0x080001bb   Thumb Code     0  startup_stm32f103xb.o(.text)
    EXTI9_5_IRQHandler                       0x080001bb   Thumb Code     0  startup_stm32f103xb.o(.text)
    FLASH_IRQHandler                         0x080001bb   Thumb Code     0  startup_stm32f103xb.o(.text)
    I2C1_ER_IRQHandler                       0x080001bb   Thumb Code     0  startup_stm32f103xb.o(.text)
    I2C1_EV_IRQHandler                       0x080001bb   Thumb Code     0  startup_stm32f103xb.o(.text)
    I2C2_ER_IRQHandler                       0x080001bb   Thumb Code     0  startup_stm32f103xb.o(.text)
    I2C2_EV_IRQHandler                       0x080001bb   Thumb Code     0  startup_stm32f103xb.o(.text)
    PVD_IRQHandler                           0x080001bb   Thumb Code     0  startup_stm32f103xb.o(.text)
    RCC_IRQHandler                           0x080001bb   Thumb Code     0  startup_stm32f103xb.o(.text)
    RTC_Alarm_IRQHandler                     0x080001bb   Thumb Code     0  startup_stm32f103xb.o(.text)
    RTC_IRQHandler                           0x080001bb   Thumb Code     0  startup_stm32f103xb.o(.text)
    SPI1_IRQHandler                          0x080001bb   Thumb Code     0  startup_stm32f103xb.o(.text)
    SPI2_IRQHandler                          0x080001bb   Thumb Code     0  startup_stm32f103xb.o(.text)
    TAMPER_IRQHandler                        0x080001bb   Thumb Code     0  startup_stm32f103xb.o(.text)
    TIM1_BRK_IRQHandler                      0x080001bb   Thumb Code     0  startup_stm32f103xb.o(.text)
    TIM1_CC_IRQHandler                       0x080001bb   Thumb Code     0  startup_stm32f103xb.o(.text)
    TIM1_TRG_COM_IRQHandler                  0x080001bb   Thumb Code     0  startup_stm32f103xb.o(.text)
    TIM1_UP_IRQHandler                       0x080001bb   Thumb Code     0  startup_stm32f103xb.o(.text)
    TIM3_IRQHandler                          0x080001bb   Thumb Code     0  startup_stm32f103xb.o(.text)
    TIM4_IRQHandler                          0x080001bb   Thumb Code     0  startup_stm32f103xb.o(.text)
    USART1_IRQHandler                        0x080001bb   Thumb Code     0  startup_stm32f103xb.o(.text)
    USART2_IRQHandler                        0x080001bb   Thumb Code     0  startup_stm32f103xb.o(.text)
    USART3_IRQHandler                        0x080001bb   Thumb Code     0  startup_stm32f103xb.o(.text)
    USBWakeUp_IRQHandler                     0x080001bb   Thumb Code     0  startup_stm32f103xb.o(.text)
    USB_HP_CAN1_TX_IRQHandler                0x080001bb   Thumb Code     0  startup_stm32f103xb.o(.text)
    USB_LP_CAN1_RX0_IRQHandler               0x080001bb   Thumb Code     0  startup_stm32f103xb.o(.text)
    WWDG_IRQHandler                          0x080001bb   Thumb Code     0  startup_stm32f103xb.o(.text)
    __user_initial_stackheap                 0x080001bd   Thumb Code     0  startup_stm32f103xb.o(.text)
    __2snprintf                              0x080001e1   Thumb Code    48  noretval__2snprintf.o(.text)
    _printf_pre_padding                      0x08000215   Thumb Code    44  _printf_pad.o(.text)
    _printf_post_padding                     0x08000241   Thumb Code    34  _printf_pad.o(.text)
    __printf                                 0x08000265   Thumb Code   308  __printf_flags_wp.o(.text)
    __aeabi_memclr4                          0x0800039d   Thumb Code     0  rt_memclr_w.o(.text)
    __aeabi_memclr8                          0x0800039d   Thumb Code     0  rt_memclr_w.o(.text)
    __rt_memclr_w                            0x0800039d   Thumb Code    78  rt_memclr_w.o(.text)
    _memset_w                                0x080003a1   Thumb Code     0  rt_memclr_w.o(.text)
    __use_two_region_memory                  0x080003eb   Thumb Code     2  heapauxi.o(.text)
    __rt_heap_escrow$2region                 0x080003ed   Thumb Code     2  heapauxi.o(.text)
    __rt_heap_expand$2region                 0x080003ef   Thumb Code     2  heapauxi.o(.text)
    __read_errno                             0x080003f1   Thumb Code    10  _rserrno.o(.text)
    __set_errno                              0x080003fb   Thumb Code    12  _rserrno.o(.text)
    __lib_sel_fp_printf                      0x08000407   Thumb Code     2  _printf_fp_dec.o(.text)
    _printf_fp_dec_real                      0x080005b9   Thumb Code   620  _printf_fp_dec.o(.text)
    _printf_char_common                      0x0800082f   Thumb Code    32  _printf_char_common.o(.text)
    _sputc                                   0x08000855   Thumb Code    10  _sputc.o(.text)
    _snputc                                  0x0800085f   Thumb Code    16  _snputc.o(.text)
    __rt_locale                              0x08000871   Thumb Code     8  rt_locale_intlibspace.o(.text)
    __aeabi_errno_addr                       0x08000879   Thumb Code     8  rt_errno_addr_intlibspace.o(.text)
    __errno$intlibspace                      0x08000879   Thumb Code     0  rt_errno_addr_intlibspace.o(.text)
    __rt_errno_addr$intlibspace              0x08000879   Thumb Code     0  rt_errno_addr_intlibspace.o(.text)
    _ll_udiv10                               0x08000881   Thumb Code   138  lludiv10.o(.text)
    _printf_fp_infnan                        0x0800090d   Thumb Code   112  _printf_fp_infnan.o(.text)
    _btod_etento                             0x0800098d   Thumb Code   224  bigflt0.o(.text)
    __user_libspace                          0x08000a71   Thumb Code     8  libspace.o(.text)
    __user_perproc_libspace                  0x08000a71   Thumb Code     0  libspace.o(.text)
    __user_perthread_libspace                0x08000a71   Thumb Code     0  libspace.o(.text)
    __user_setup_stackheap                   0x08000a79   Thumb Code    74  sys_stackheap_outer.o(.text)
    exit                                     0x08000ac3   Thumb Code    18  exit.o(.text)
    strcmp                                   0x08000ad5   Thumb Code   128  strcmpv7m.o(.text)
    _sys_exit                                0x08000b55   Thumb Code     8  sys_exit.o(.text)
    __I$use$semihosting                      0x08000b61   Thumb Code     0  use_no_semi.o(.text)
    __use_no_semihosting_swi                 0x08000b61   Thumb Code     2  use_no_semi.o(.text)
    __semihosting_library_function           0x08000b63   Thumb Code     0  indicate_semi.o(.text)
    _btod_d2e                                0x08000b63   Thumb Code    62  btod.o(CL$$btod_d2e)
    _d2e_denorm_low                          0x08000ba1   Thumb Code    70  btod.o(CL$$btod_d2e_denorm_low)
    _d2e_norm_op1                            0x08000be7   Thumb Code    96  btod.o(CL$$btod_d2e_norm_op1)
    __btod_div_common                        0x08000c47   Thumb Code   696  btod.o(CL$$btod_div_common)
    _e2e                                     0x08000f7f   Thumb Code   220  btod.o(CL$$btod_e2e)
    _btod_ediv                               0x0800105b   Thumb Code    42  btod.o(CL$$btod_ediv)
    _btod_emul                               0x08001085   Thumb Code    42  btod.o(CL$$btod_emul)
    __btod_mult_common                       0x080010af   Thumb Code   580  btod.o(CL$$btod_mult_common)
    ADC1_2_IRQHandler                        0x080012f5   Thumb Code    18  stm32f1xx_it.o(i.ADC1_2_IRQHandler)
    ADC_ConversionStop_Disable               0x08001311   Thumb Code    86  stm32f1xx_hal_adc.o(i.ADC_ConversionStop_Disable)
    ADC_DMAConvCplt                          0x08001367   Thumb Code    78  stm32f1xx_hal_adc.o(i.ADC_DMAConvCplt)
    ADC_DMAError                             0x080013b5   Thumb Code    26  stm32f1xx_hal_adc.o(i.ADC_DMAError)
    ADC_DMAHalfConvCplt                      0x080013cf   Thumb Code    10  stm32f1xx_hal_adc.o(i.ADC_DMAHalfConvCplt)
    ADC_Enable                               0x080013d9   Thumb Code   114  stm32f1xx_hal_adc.o(i.ADC_Enable)
    Apply_Filter                             0x08001455   Thumb Code    84  main.o(i.Apply_Filter)
    Apply_Filter_Float                       0x080014a9   Thumb Code   104  main.o(i.Apply_Filter_Float)
    BusFault_Handler                         0x08001511   Thumb Code     2  stm32f1xx_it.o(i.BusFault_Handler)
    Control_Loop_HAL                         0x08001515   Thumb Code   172  main.o(i.Control_Loop_HAL)
    DMA1_Channel1_IRQHandler                 0x080015ed   Thumb Code     6  stm32f1xx_it.o(i.DMA1_Channel1_IRQHandler)
    DebugMon_Handler                         0x08001623   Thumb Code     2  stm32f1xx_it.o(i.DebugMon_Handler)
    Error_Handler                            0x08001625   Thumb Code     4  main.o(i.Error_Handler)
    Filter_Float_Init                        0x08001629   Thumb Code    40  main.o(i.Filter_Float_Init)
    Filter_Init                              0x08001651   Thumb Code    40  main.o(i.Filter_Init)
    Get_Temperature                          0x08001679   Thumb Code   158  main.o(i.Get_Temperature)
    HAL_ADCEx_Calibration_Start              0x08001739   Thumb Code   210  stm32f1xx_hal_adc_ex.o(i.HAL_ADCEx_Calibration_Start)
    HAL_ADCEx_InjectedConvCpltCallback       0x08001811   Thumb Code     2  stm32f1xx_hal_adc_ex.o(i.HAL_ADCEx_InjectedConvCpltCallback)
    HAL_ADC_ConfigChannel                    0x08001815   Thumb Code   240  stm32f1xx_hal_adc.o(i.HAL_ADC_ConfigChannel)
    HAL_ADC_ConvCpltCallback                 0x08001911   Thumb Code    92  main.o(i.HAL_ADC_ConvCpltCallback)
    HAL_ADC_ConvHalfCpltCallback             0x0800197d   Thumb Code     2  stm32f1xx_hal_adc.o(i.HAL_ADC_ConvHalfCpltCallback)
    HAL_ADC_ErrorCallback                    0x0800197f   Thumb Code     2  stm32f1xx_hal_adc.o(i.HAL_ADC_ErrorCallback)
    HAL_ADC_GetValue                         0x08001981   Thumb Code     6  stm32f1xx_hal_adc.o(i.HAL_ADC_GetValue)
    HAL_ADC_IRQHandler                       0x08001987   Thumb Code   220  stm32f1xx_hal_adc.o(i.HAL_ADC_IRQHandler)
    HAL_ADC_Init                             0x08001a65   Thumb Code   272  stm32f1xx_hal_adc.o(i.HAL_ADC_Init)
    HAL_ADC_LevelOutOfWindowCallback         0x08001b81   Thumb Code     2  stm32f1xx_hal_adc.o(i.HAL_ADC_LevelOutOfWindowCallback)
    HAL_ADC_MspInit                          0x08001b85   Thumb Code   196  adc.o(i.HAL_ADC_MspInit)
    HAL_ADC_Start_DMA                        0x08001c61   Thumb Code   246  stm32f1xx_hal_adc.o(i.HAL_ADC_Start_DMA)
    HAL_ADC_Start_IT                         0x08001d6d   Thumb Code   194  stm32f1xx_hal_adc.o(i.HAL_ADC_Start_IT)
    HAL_DMA_IRQHandler                       0x08001e39   Thumb Code   316  stm32f1xx_hal_dma.o(i.HAL_DMA_IRQHandler)
    HAL_DMA_Init                             0x08001f8d   Thumb Code    84  stm32f1xx_hal_dma.o(i.HAL_DMA_Init)
    HAL_DMA_Start_IT                         0x08001fe9   Thumb Code   112  stm32f1xx_hal_dma.o(i.HAL_DMA_Start_IT)
    HAL_Delay                                0x08002059   Thumb Code    32  stm32f1xx_hal.o(i.HAL_Delay)
    HAL_GPIO_Init                            0x0800207d   Thumb Code   446  stm32f1xx_hal_gpio.o(i.HAL_GPIO_Init)
    HAL_GPIO_WritePin                        0x0800225d   Thumb Code    10  stm32f1xx_hal_gpio.o(i.HAL_GPIO_WritePin)
    HAL_GetTick                              0x08002269   Thumb Code     6  stm32f1xx_hal.o(i.HAL_GetTick)
    HAL_IncTick                              0x08002275   Thumb Code    12  stm32f1xx_hal.o(i.HAL_IncTick)
    HAL_Init                                 0x08002285   Thumb Code    32  stm32f1xx_hal.o(i.HAL_Init)
    HAL_InitTick                             0x080022a9   Thumb Code    54  stm32f1xx_hal.o(i.HAL_InitTick)
    HAL_MspInit                              0x080022e9   Thumb Code    52  stm32f1xx_hal_msp.o(i.HAL_MspInit)
    HAL_NVIC_EnableIRQ                       0x08002325   Thumb Code    26  stm32f1xx_hal_cortex.o(i.HAL_NVIC_EnableIRQ)
    HAL_NVIC_SetPriority                     0x08002341   Thumb Code    60  stm32f1xx_hal_cortex.o(i.HAL_NVIC_SetPriority)
    HAL_NVIC_SetPriorityGrouping             0x08002381   Thumb Code    26  stm32f1xx_hal_cortex.o(i.HAL_NVIC_SetPriorityGrouping)
    HAL_RCCEx_GetPeriphCLKFreq               0x080023a5   Thumb Code   148  stm32f1xx_hal_rcc_ex.o(i.HAL_RCCEx_GetPeriphCLKFreq)
    HAL_RCCEx_PeriphCLKConfig                0x08002449   Thumb Code   224  stm32f1xx_hal_rcc_ex.o(i.HAL_RCCEx_PeriphCLKConfig)
    HAL_RCC_ClockConfig                      0x08002535   Thumb Code   280  stm32f1xx_hal_rcc.o(i.HAL_RCC_ClockConfig)
    HAL_RCC_GetPCLK1Freq                     0x08002661   Thumb Code    20  stm32f1xx_hal_rcc.o(i.HAL_RCC_GetPCLK1Freq)
    HAL_RCC_GetPCLK2Freq                     0x08002681   Thumb Code    20  stm32f1xx_hal_rcc.o(i.HAL_RCC_GetPCLK2Freq)
    HAL_RCC_GetSysClockFreq                  0x080026a1   Thumb Code    58  stm32f1xx_hal_rcc.o(i.HAL_RCC_GetSysClockFreq)
    HAL_RCC_OscConfig                        0x080026ed   Thumb Code   778  stm32f1xx_hal_rcc.o(i.HAL_RCC_OscConfig)
    HAL_SYSTICK_Config                       0x08002a0d   Thumb Code    40  stm32f1xx_hal_cortex.o(i.HAL_SYSTICK_Config)
    HAL_TIMEx_BreakCallback                  0x08002a35   Thumb Code     2  stm32f1xx_hal_tim_ex.o(i.HAL_TIMEx_BreakCallback)
    HAL_TIMEx_CommutCallback                 0x08002a37   Thumb Code     2  stm32f1xx_hal_tim_ex.o(i.HAL_TIMEx_CommutCallback)
    HAL_TIMEx_ConfigBreakDeadTime            0x08002a39   Thumb Code    84  stm32f1xx_hal_tim_ex.o(i.HAL_TIMEx_ConfigBreakDeadTime)
    HAL_TIMEx_MasterConfigSynchronization    0x08002a8d   Thumb Code    92  stm32f1xx_hal_tim_ex.o(i.HAL_TIMEx_MasterConfigSynchronization)
    HAL_TIM_Base_Init                        0x08002af5   Thumb Code    90  stm32f1xx_hal_tim.o(i.HAL_TIM_Base_Init)
    HAL_TIM_Base_MspInit                     0x08002b51   Thumb Code    72  tim.o(i.HAL_TIM_Base_MspInit)
    HAL_TIM_Base_Start_IT                    0x08002ba1   Thumb Code    76  stm32f1xx_hal_tim.o(i.HAL_TIM_Base_Start_IT)
    HAL_TIM_ConfigClockSource                0x08002bf9   Thumb Code   220  stm32f1xx_hal_tim.o(i.HAL_TIM_ConfigClockSource)
    HAL_TIM_IC_CaptureCallback               0x08002cd5   Thumb Code     2  stm32f1xx_hal_tim.o(i.HAL_TIM_IC_CaptureCallback)
    HAL_TIM_IRQHandler                       0x08002cd7   Thumb Code   304  stm32f1xx_hal_tim.o(i.HAL_TIM_IRQHandler)
    HAL_TIM_MspPostInit                      0x08002e09   Thumb Code    88  tim.o(i.HAL_TIM_MspPostInit)
    HAL_TIM_OC_DelayElapsedCallback          0x08002e6d   Thumb Code     2  stm32f1xx_hal_tim.o(i.HAL_TIM_OC_DelayElapsedCallback)
    HAL_TIM_PWM_ConfigChannel                0x08002e6f   Thumb Code   204  stm32f1xx_hal_tim.o(i.HAL_TIM_PWM_ConfigChannel)
    HAL_TIM_PWM_Init                         0x08002f3b   Thumb Code    90  stm32f1xx_hal_tim.o(i.HAL_TIM_PWM_Init)
    HAL_TIM_PWM_MspInit                      0x08002f95   Thumb Code     2  stm32f1xx_hal_tim.o(i.HAL_TIM_PWM_MspInit)
    HAL_TIM_PWM_PulseFinishedCallback        0x08002f97   Thumb Code     2  stm32f1xx_hal_tim.o(i.HAL_TIM_PWM_PulseFinishedCallback)
    HAL_TIM_PWM_Start                        0x08002f99   Thumb Code   144  stm32f1xx_hal_tim.o(i.HAL_TIM_PWM_Start)
    HAL_TIM_PeriodElapsedCallback            0x08003035   Thumb Code    14  main.o(i.HAL_TIM_PeriodElapsedCallback)
    HAL_TIM_TriggerCallback                  0x08003043   Thumb Code     2  stm32f1xx_hal_tim.o(i.HAL_TIM_TriggerCallback)
    HAL_UART_Init                            0x08003045   Thumb Code   100  stm32f1xx_hal_uart.o(i.HAL_UART_Init)
    HAL_UART_MspInit                         0x080030a9   Thumb Code   100  usart.o(i.HAL_UART_MspInit)
    HAL_UART_Transmit                        0x08003119   Thumb Code   160  stm32f1xx_hal_uart.o(i.HAL_UART_Transmit)
    HardFault_Handler                        0x080031b9   Thumb Code     2  stm32f1xx_it.o(i.HardFault_Handler)
    MX_ADC1_Init                             0x0800325d   Thumb Code   136  adc.o(i.MX_ADC1_Init)
    MX_ADC2_Init                             0x080032ed   Thumb Code    72  adc.o(i.MX_ADC2_Init)
    MX_DMA_Init                              0x0800333d   Thumb Code    40  dma.o(i.MX_DMA_Init)
    MX_GPIO_Init                             0x08003369   Thumb Code   160  gpio.o(i.MX_GPIO_Init)
    MX_TIM1_Init                             0x08003415   Thumb Code   190  tim.o(i.MX_TIM1_Init)
    MX_TIM2_Init                             0x080034dd   Thumb Code   146  tim.o(i.MX_TIM2_Init)
    MX_USART3_UART_Init                      0x08003575   Thumb Code    48  usart.o(i.MX_USART3_UART_Init)
    MemManage_Handler                        0x080035ad   Thumb Code     2  stm32f1xx_it.o(i.MemManage_Handler)
    NMI_Handler                              0x080035af   Thumb Code     2  stm32f1xx_it.o(i.NMI_Handler)
    OLED_Clear                               0x080035b1   Thumb Code    60  oled.o(i.OLED_Clear)
    OLED_Init                                0x080035ed   Thumb Code   302  oled.o(i.OLED_Init)
    OLED_Set_Pos                             0x08003725   Thumb Code    40  oled.o(i.OLED_Set_Pos)
    OLED_ShowChar                            0x0800374d   Thumb Code   132  oled.o(i.OLED_ShowChar)
    OLED_ShowString                          0x080037d9   Thumb Code    54  oled.o(i.OLED_ShowString)
    PI_Init                                  0x0800386f   Thumb Code    16  main.o(i.PI_Init)
    PI_Update                                0x08003881   Thumb Code   124  main.o(i.PI_Update)
    PendSV_Handler                           0x08003901   Thumb Code     2  stm32f1xx_it.o(i.PendSV_Handler)
    SVC_Handler                              0x08003903   Thumb Code     2  stm32f1xx_it.o(i.SVC_Handler)
    SysTick_Handler                          0x08003905   Thumb Code     4  stm32f1xx_it.o(i.SysTick_Handler)
    SystemClock_Config                       0x08003909   Thumb Code   120  main.o(i.SystemClock_Config)
    SystemInit                               0x08003981   Thumb Code     2  system_stm32f1xx.o(i.SystemInit)
    TIM2_IRQHandler                          0x08003985   Thumb Code     6  stm32f1xx_it.o(i.TIM2_IRQHandler)
    TIM_Base_SetConfig                       0x08003991   Thumb Code   108  stm32f1xx_hal_tim.o(i.TIM_Base_SetConfig)
    TIM_CCxChannelCmd                        0x08003a09   Thumb Code    26  stm32f1xx_hal_tim.o(i.TIM_CCxChannelCmd)
    TIM_ETR_SetConfig                        0x08003a23   Thumb Code    20  stm32f1xx_hal_tim.o(i.TIM_ETR_SetConfig)
    TIM_OC2_SetConfig                        0x08003a99   Thumb Code    84  stm32f1xx_hal_tim.o(i.TIM_OC2_SetConfig)
    UsageFault_Handler                       0x08003d4b   Thumb Code     2  stm32f1xx_it.o(i.UsageFault_Handler)
    __ARM_fpclassify                         0x08003da1   Thumb Code    40  fpclassify.o(i.__ARM_fpclassify)
    __mathlib_flt_divzero                    0x08003de9   Thumb Code    10  funder.o(i.__mathlib_flt_divzero)
    __mathlib_flt_infnan                     0x08003df3   Thumb Code     6  funder.o(i.__mathlib_flt_infnan)
    __mathlib_flt_invalid                    0x08003df9   Thumb Code     8  funder.o(i.__mathlib_flt_invalid)
    _is_digit                                0x08003e01   Thumb Code    14  __printf_wp.o(i._is_digit)
    __mathlib_logf                           0x08003e11   Thumb Code     0  logf.o(i.logf)
    logf                                     0x08003e11   Thumb Code   362  logf.o(i.logf)
    main                                     0x08003fa1   Thumb Code   546  main.o(i.main)
    sqrtf                                    0x08004249   Thumb Code    44  sqrtf.o(i.sqrtf)
    _get_lc_numeric                          0x08004275   Thumb Code    44  lc_numeric_c.o(locale$$code)
    __fpl_dretinf                            0x080042a1   Thumb Code    12  dretinf.o(x$fpl$dretinf)
    __aeabi_f2d                              0x080042ad   Thumb Code     0  f2d.o(x$fpl$f2d)
    _f2d                                     0x080042ad   Thumb Code    86  f2d.o(x$fpl$f2d)
    __aeabi_fadd                             0x08004305   Thumb Code     0  faddsub_clz.o(x$fpl$fadd)
    _fadd                                    0x08004305   Thumb Code   196  faddsub_clz.o(x$fpl$fadd)
    __fpl_fcheck_NaN1                        0x080043c9   Thumb Code     6  fcheck1.o(x$fpl$fcheck1)
    __fpl_fcmp_Inf                           0x080043d5   Thumb Code    24  fcmpi.o(x$fpl$fcmpinf)
    __aeabi_fdiv                             0x080043ed   Thumb Code     0  fdiv.o(x$fpl$fdiv)
    _fdiv                                    0x080043ed   Thumb Code   384  fdiv.o(x$fpl$fdiv)
    __aeabi_f2uiz                            0x08004571   Thumb Code     0  ffixu.o(x$fpl$ffixu)
    _ffixu                                   0x08004571   Thumb Code    62  ffixu.o(x$fpl$ffixu)
    __aeabi_i2f                              0x080045b1   Thumb Code     0  fflt_clz.o(x$fpl$fflt)
    _fflt                                    0x080045b1   Thumb Code    48  fflt_clz.o(x$fpl$fflt)
    __aeabi_ul2f                             0x080045e1   Thumb Code     0  ffltll_clz.o(x$fpl$ffltll)
    _ll_uto_f                                0x080045e1   Thumb Code     6  ffltll_clz.o(x$fpl$ffltll)
    __aeabi_l2f                              0x080045e7   Thumb Code     0  ffltll_clz.o(x$fpl$ffltll)
    _ll_sto_f                                0x080045e7   Thumb Code    90  ffltll_clz.o(x$fpl$ffltll)
    __aeabi_ui2f                             0x08004641   Thumb Code     0  fflt_clz.o(x$fpl$ffltu)
    _ffltu                                   0x08004641   Thumb Code    38  fflt_clz.o(x$fpl$ffltu)
    __aeabi_cfcmple                          0x08004669   Thumb Code     0  fleqf.o(x$fpl$fleqf)
    _fcmple                                  0x08004669   Thumb Code   104  fleqf.o(x$fpl$fleqf)
    __fpl_fcmple_InfNaN                      0x080046bb   Thumb Code     0  fleqf.o(x$fpl$fleqf)
    __aeabi_fmul                             0x080046d1   Thumb Code     0  fmul.o(x$fpl$fmul)
    _fmul                                    0x080046d1   Thumb Code   258  fmul.o(x$fpl$fmul)
    __fpl_fnaninf                            0x080047d3   Thumb Code   140  fnaninf.o(x$fpl$fnaninf)
    __fpl_fretinf                            0x0800485f   Thumb Code    10  fretinf.o(x$fpl$fretinf)
    __aeabi_cfrcmple                         0x08004869   Thumb Code     0  frleqf.o(x$fpl$frleqf)
    _frcmple                                 0x08004869   Thumb Code    98  frleqf.o(x$fpl$frleqf)
    _fsqrt                                   0x080048cd   Thumb Code   272  fsqrt.o(x$fpl$fsqrt)
    __aeabi_fsub                             0x080049dd   Thumb Code     0  faddsub_clz.o(x$fpl$fsub)
    _fsub                                    0x080049dd   Thumb Code   234  faddsub_clz.o(x$fpl$fsub)
    _printf_fp_dec                           0x08004ac7   Thumb Code     4  printf1.o(x$fpl$printf1)
    __fpl_return_NaN                         0x08004acb   Thumb Code   100  retnan.o(x$fpl$retnan)
    __ARM_scalbnf                            0x08004b2f   Thumb Code    76  scalbnf.o(x$fpl$scalbnf)
    __fpl_cmpreturn                          0x08004b7b   Thumb Code    48  trapv.o(x$fpl$trapveneer)
    __I$use$fp                               0x08004baa   Number         0  usenofp.o(x$fpl$usenofp)
    AHBPrescTable                            0x08005966   Data          16  system_stm32f1xx.o(.constdata)
    APBPrescTable                            0x08005976   Data           8  system_stm32f1xx.o(.constdata)
    Region$$Table$$Base                      0x08005a64   Number         0  anon$$obj.o(Region$$Table)
    Region$$Table$$Limit                     0x08005a84   Number         0  anon$$obj.o(Region$$Table)
    rms_ready_flag                           0x20000000   Data           1  main.o(.data)
    pwm_duty                                 0x20000002   Data           2  main.o(.data)
    adc_sample_cnt                           0x20000004   Data           2  main.o(.data)
    adc_vac_raw                              0x20000006   Data           2  main.o(.data)
    adc_temp_flt                             0x20000008   Data           2  main.o(.data)
    adc_bat_flt                              0x2000000a   Data           2  main.o(.data)
    adc_current_flt                          0x2000000c   Data           2  main.o(.data)
    vac_sample_cnt                           0x2000000e   Data           2  main.o(.data)
    voltage_setpoint                         0x20000010   Data           4  main.o(.data)
    voltage_feedback                         0x20000014   Data           4  main.o(.data)
    adc_rms_voltage                          0x20000018   Data           4  main.o(.data)
    vac_sq_sum_buf                           0x2000001c   Data           4  main.o(.data)
    vac_rms_flt                              0x20000020   Data           4  main.o(.data)
    vac_rms_voltage                          0x20000024   Data           4  main.o(.data)
    vac_sq_sum                               0x20000028   Data           4  main.o(.data)
    adc_sq_sum                               0x20000030   Data           8  main.o(.data)
    adc_sq_sum_buf                           0x20000038   Data           8  main.o(.data)
    adc_dma_buffer                           0x20000040   Data           8  main.o(.data)
    uwTickFreq                               0x20000048   Data           1  stm32f1xx_hal.o(.data)
    uwTickPrio                               0x2000004c   Data           4  stm32f1xx_hal.o(.data)
    uwTick                                   0x20000050   Data           4  stm32f1xx_hal.o(.data)
    SystemCoreClock                          0x20000054   Data           4  system_stm32f1xx.o(.data)
    flt_temp                                 0x20000058   Data         268  main.o(.bss)
    flt_bat                                  0x20000164   Data         268  main.o(.bss)
    flt_current                              0x20000270   Data         268  main.o(.bss)
    flt_vac                                  0x2000037c   Data         524  main.o(.bss)
    voltage_pi                               0x20000588   Data          20  main.o(.bss)
    hadc1                                    0x2000059c   Data          48  adc.o(.bss)
    hadc2                                    0x200005cc   Data          48  adc.o(.bss)
    hdma_adc1                                0x200005fc   Data          68  adc.o(.bss)
    htim1                                    0x20000640   Data          72  tim.o(.bss)
    htim2                                    0x20000688   Data          72  tim.o(.bss)
    huart3                                   0x200006d0   Data          72  usart.o(.bss)
    __libspace_start                         0x20000718   Data          96  libspace.o(.bss)
    __temporary_stack_top$libspace           0x20000778   Data           0  libspace.o(.bss)



==============================================================================

Memory Map of the image

  Image Entry point : 0x080000ed

  Load Region LR_IROM1 (Base: 0x08000000, Size: 0x00005af8, Max: 0x00010000, ABSOLUTE)

    Execution Region ER_IROM1 (Exec base: 0x08000000, Load base: 0x08000000, Size: 0x00005aa0, Max: 0x00010000, ABSOLUTE)

    Exec Addr    Load Addr    Size         Type   Attr      Idx    E Section Name        Object

    0x08000000   0x08000000   0x000000ec   Data   RO            3    RESET               startup_stm32f103xb.o
    0x080000ec   0x080000ec   0x00000008   Code   RO         3368  * !!!main             c_w.l(__main.o)
    0x080000f4   0x080000f4   0x00000034   Code   RO         3671    !!!scatter          c_w.l(__scatter.o)
    0x08000128   0x08000128   0x0000001a   Code   RO         3673    !!handler_copy      c_w.l(__scatter_copy.o)
    0x08000142   0x08000142   0x00000002   PAD
    0x08000144   0x08000144   0x0000001c   Code   RO         3675    !!handler_zi        c_w.l(__scatter_zi.o)
    0x08000160   0x08000160   0x00000000   Code   RO         3363    .ARM.Collect$$_printf_percent$$00000000  c_w.l(_printf_percent.o)
    0x08000160   0x08000160   0x00000006   Code   RO         3362    .ARM.Collect$$_printf_percent$$00000003  c_w.l(_printf_f.o)
    0x08000166   0x08000166   0x00000004   Code   RO         3433    .ARM.Collect$$_printf_percent$$00000017  c_w.l(_printf_percent_end.o)
    0x0800016a   0x0800016a   0x00000002   Code   RO         3540    .ARM.Collect$$libinit$$00000000  c_w.l(libinit.o)
    0x0800016c   0x0800016c   0x00000000   Code   RO         3542    .ARM.Collect$$libinit$$00000002  c_w.l(libinit2.o)
    0x0800016c   0x0800016c   0x00000000   Code   RO         3544    .ARM.Collect$$libinit$$00000004  c_w.l(libinit2.o)
    0x0800016c   0x0800016c   0x00000000   Code   RO         3547    .ARM.Collect$$libinit$$0000000A  c_w.l(libinit2.o)
    0x0800016c   0x0800016c   0x00000000   Code   RO         3549    .ARM.Collect$$libinit$$0000000C  c_w.l(libinit2.o)
    0x0800016c   0x0800016c   0x00000000   Code   RO         3551    .ARM.Collect$$libinit$$0000000E  c_w.l(libinit2.o)
    0x0800016c   0x0800016c   0x00000006   Code   RO         3552    .ARM.Collect$$libinit$$0000000F  c_w.l(libinit2.o)
    0x08000172   0x08000172   0x00000000   Code   RO         3554    .ARM.Collect$$libinit$$00000011  c_w.l(libinit2.o)
    0x08000172   0x08000172   0x00000000   Code   RO         3556    .ARM.Collect$$libinit$$00000013  c_w.l(libinit2.o)
    0x08000172   0x08000172   0x00000000   Code   RO         3558    .ARM.Collect$$libinit$$00000015  c_w.l(libinit2.o)
    0x08000172   0x08000172   0x0000000a   Code   RO         3559    .ARM.Collect$$libinit$$00000016  c_w.l(libinit2.o)
    0x0800017c   0x0800017c   0x00000000   Code   RO         3560    .ARM.Collect$$libinit$$00000017  c_w.l(libinit2.o)
    0x0800017c   0x0800017c   0x00000000   Code   RO         3562    .ARM.Collect$$libinit$$00000019  c_w.l(libinit2.o)
    0x0800017c   0x0800017c   0x00000000   Code   RO         3564    .ARM.Collect$$libinit$$0000001B  c_w.l(libinit2.o)
    0x0800017c   0x0800017c   0x00000000   Code   RO         3566    .ARM.Collect$$libinit$$0000001D  c_w.l(libinit2.o)
    0x0800017c   0x0800017c   0x00000000   Code   RO         3568    .ARM.Collect$$libinit$$0000001F  c_w.l(libinit2.o)
    0x0800017c   0x0800017c   0x00000000   Code   RO         3570    .ARM.Collect$$libinit$$00000021  c_w.l(libinit2.o)
    0x0800017c   0x0800017c   0x00000000   Code   RO         3572    .ARM.Collect$$libinit$$00000023  c_w.l(libinit2.o)
    0x0800017c   0x0800017c   0x00000000   Code   RO         3574    .ARM.Collect$$libinit$$00000025  c_w.l(libinit2.o)
    0x0800017c   0x0800017c   0x00000000   Code   RO         3578    .ARM.Collect$$libinit$$0000002C  c_w.l(libinit2.o)
    0x0800017c   0x0800017c   0x00000000   Code   RO         3580    .ARM.Collect$$libinit$$0000002E  c_w.l(libinit2.o)
    0x0800017c   0x0800017c   0x00000000   Code   RO         3582    .ARM.Collect$$libinit$$00000030  c_w.l(libinit2.o)
    0x0800017c   0x0800017c   0x00000000   Code   RO         3584    .ARM.Collect$$libinit$$00000032  c_w.l(libinit2.o)
    0x0800017c   0x0800017c   0x00000002   Code   RO         3585    .ARM.Collect$$libinit$$00000033  c_w.l(libinit2.o)
    0x0800017e   0x0800017e   0x00000002   Code   RO         3617    .ARM.Collect$$libshutdown$$00000000  c_w.l(libshutdown.o)
    0x08000180   0x08000180   0x00000000   Code   RO         3628    .ARM.Collect$$libshutdown$$00000002  c_w.l(libshutdown2.o)
    0x08000180   0x08000180   0x00000000   Code   RO         3630    .ARM.Collect$$libshutdown$$00000004  c_w.l(libshutdown2.o)
    0x08000180   0x08000180   0x00000000   Code   RO         3632    .ARM.Collect$$libshutdown$$00000006  c_w.l(libshutdown2.o)
    0x08000180   0x08000180   0x00000000   Code   RO         3635    .ARM.Collect$$libshutdown$$00000009  c_w.l(libshutdown2.o)
    0x08000180   0x08000180   0x00000000   Code   RO         3638    .ARM.Collect$$libshutdown$$0000000C  c_w.l(libshutdown2.o)
    0x08000180   0x08000180   0x00000000   Code   RO         3640    .ARM.Collect$$libshutdown$$0000000E  c_w.l(libshutdown2.o)
    0x08000180   0x08000180   0x00000000   Code   RO         3643    .ARM.Collect$$libshutdown$$00000011  c_w.l(libshutdown2.o)
    0x08000180   0x08000180   0x00000002   Code   RO         3644    .ARM.Collect$$libshutdown$$00000012  c_w.l(libshutdown2.o)
    0x08000182   0x08000182   0x00000000   Code   RO         3422    .ARM.Collect$$rtentry$$00000000  c_w.l(__rtentry.o)
    0x08000182   0x08000182   0x00000000   Code   RO         3462    .ARM.Collect$$rtentry$$00000002  c_w.l(__rtentry2.o)
    0x08000182   0x08000182   0x00000006   Code   RO         3474    .ARM.Collect$$rtentry$$00000004  c_w.l(__rtentry4.o)
    0x08000188   0x08000188   0x00000000   Code   RO         3464    .ARM.Collect$$rtentry$$00000009  c_w.l(__rtentry2.o)
    0x08000188   0x08000188   0x00000004   Code   RO         3465    .ARM.Collect$$rtentry$$0000000A  c_w.l(__rtentry2.o)
    0x0800018c   0x0800018c   0x00000000   Code   RO         3467    .ARM.Collect$$rtentry$$0000000C  c_w.l(__rtentry2.o)
    0x0800018c   0x0800018c   0x00000008   Code   RO         3468    .ARM.Collect$$rtentry$$0000000D  c_w.l(__rtentry2.o)
    0x08000194   0x08000194   0x00000002   Code   RO         3588    .ARM.Collect$$rtexit$$00000000  c_w.l(rtexit.o)
    0x08000196   0x08000196   0x00000000   Code   RO         3595    .ARM.Collect$$rtexit$$00000002  c_w.l(rtexit2.o)
    0x08000196   0x08000196   0x00000004   Code   RO         3596    .ARM.Collect$$rtexit$$00000003  c_w.l(rtexit2.o)
    0x0800019a   0x0800019a   0x00000006   Code   RO         3597    .ARM.Collect$$rtexit$$00000004  c_w.l(rtexit2.o)
    0x080001a0   0x080001a0   0x00000040   Code   RO            4    .text               startup_stm32f103xb.o
    0x080001e0   0x080001e0   0x00000034   Code   RO         3336    .text               c_w.l(noretval__2snprintf.o)
    0x08000214   0x08000214   0x0000004e   Code   RO         3340    .text               c_w.l(_printf_pad.o)
    0x08000262   0x08000262   0x00000002   PAD
    0x08000264   0x08000264   0x00000138   Code   RO         3354    .text               c_w.l(__printf_flags_wp.o)
    0x0800039c   0x0800039c   0x0000004e   Code   RO         3364    .text               c_w.l(rt_memclr_w.o)
    0x080003ea   0x080003ea   0x00000006   Code   RO         3366    .text               c_w.l(heapauxi.o)
    0x080003f0   0x080003f0   0x00000016   Code   RO         3423    .text               c_w.l(_rserrno.o)
    0x08000406   0x08000406   0x0000041e   Code   RO         3425    .text               c_w.l(_printf_fp_dec.o)
    0x08000824   0x08000824   0x00000030   Code   RO         3427    .text               c_w.l(_printf_char_common.o)
    0x08000854   0x08000854   0x0000000a   Code   RO         3429    .text               c_w.l(_sputc.o)
    0x0800085e   0x0800085e   0x00000010   Code   RO         3431    .text               c_w.l(_snputc.o)
    0x0800086e   0x0800086e   0x00000002   PAD
    0x08000870   0x08000870   0x00000008   Code   RO         3479    .text               c_w.l(rt_locale_intlibspace.o)
    0x08000878   0x08000878   0x00000008   Code   RO         3484    .text               c_w.l(rt_errno_addr_intlibspace.o)
    0x08000880   0x08000880   0x0000008a   Code   RO         3486    .text               c_w.l(lludiv10.o)
    0x0800090a   0x0800090a   0x00000002   PAD
    0x0800090c   0x0800090c   0x00000080   Code   RO         3488    .text               c_w.l(_printf_fp_infnan.o)
    0x0800098c   0x0800098c   0x000000e4   Code   RO         3492    .text               c_w.l(bigflt0.o)
    0x08000a70   0x08000a70   0x00000008   Code   RO         3526    .text               c_w.l(libspace.o)
    0x08000a78   0x08000a78   0x0000004a   Code   RO         3529    .text               c_w.l(sys_stackheap_outer.o)
    0x08000ac2   0x08000ac2   0x00000012   Code   RO         3531    .text               c_w.l(exit.o)
    0x08000ad4   0x08000ad4   0x00000080   Code   RO         3533    .text               c_w.l(strcmpv7m.o)
    0x08000b54   0x08000b54   0x0000000c   Code   RO         3607    .text               c_w.l(sys_exit.o)
    0x08000b60   0x08000b60   0x00000002   Code   RO         3618    .text               c_w.l(use_no_semi.o)
    0x08000b62   0x08000b62   0x00000000   Code   RO         3620    .text               c_w.l(indicate_semi.o)
    0x08000b62   0x08000b62   0x0000003e   Code   RO         3495    CL$$btod_d2e        c_w.l(btod.o)
    0x08000ba0   0x08000ba0   0x00000046   Code   RO         3497    CL$$btod_d2e_denorm_low  c_w.l(btod.o)
    0x08000be6   0x08000be6   0x00000060   Code   RO         3496    CL$$btod_d2e_norm_op1  c_w.l(btod.o)
    0x08000c46   0x08000c46   0x00000338   Code   RO         3505    CL$$btod_div_common  c_w.l(btod.o)
    0x08000f7e   0x08000f7e   0x000000dc   Code   RO         3502    CL$$btod_e2e        c_w.l(btod.o)
    0x0800105a   0x0800105a   0x0000002a   Code   RO         3499    CL$$btod_ediv       c_w.l(btod.o)
    0x08001084   0x08001084   0x0000002a   Code   RO         3498    CL$$btod_emul       c_w.l(btod.o)
    0x080010ae   0x080010ae   0x00000244   Code   RO         3504    CL$$btod_mult_common  c_w.l(btod.o)
    0x080012f2   0x080012f2   0x00000002   PAD
    0x080012f4   0x080012f4   0x0000001c   Code   RO          552    i.ADC1_2_IRQHandler  stm32f1xx_it.o
    0x08001310   0x08001310   0x00000056   Code   RO          706    i.ADC_ConversionStop_Disable  stm32f1xx_hal_adc.o
    0x08001366   0x08001366   0x0000004e   Code   RO          707    i.ADC_DMAConvCplt   stm32f1xx_hal_adc.o
    0x080013b4   0x080013b4   0x0000001a   Code   RO          708    i.ADC_DMAError      stm32f1xx_hal_adc.o
    0x080013ce   0x080013ce   0x0000000a   Code   RO          709    i.ADC_DMAHalfConvCplt  stm32f1xx_hal_adc.o
    0x080013d8   0x080013d8   0x0000007c   Code   RO          710    i.ADC_Enable        stm32f1xx_hal_adc.o
    0x08001454   0x08001454   0x00000054   Code   RO          230    i.Apply_Filter      main.o
    0x080014a8   0x080014a8   0x00000068   Code   RO          231    i.Apply_Filter_Float  main.o
    0x08001510   0x08001510   0x00000002   Code   RO          553    i.BusFault_Handler  stm32f1xx_it.o
    0x08001512   0x08001512   0x00000002   PAD
    0x08001514   0x08001514   0x000000d8   Code   RO          232    i.Control_Loop_HAL  main.o
    0x080015ec   0x080015ec   0x0000000c   Code   RO          554    i.DMA1_Channel1_IRQHandler  stm32f1xx_it.o
    0x080015f8   0x080015f8   0x0000002a   Code   RO         1362    i.DMA_SetConfig     stm32f1xx_hal_dma.o
    0x08001622   0x08001622   0x00000002   Code   RO          555    i.DebugMon_Handler  stm32f1xx_it.o
    0x08001624   0x08001624   0x00000004   Code   RO          233    i.Error_Handler     main.o
    0x08001628   0x08001628   0x00000028   Code   RO          234    i.Filter_Float_Init  main.o
    0x08001650   0x08001650   0x00000028   Code   RO          235    i.Filter_Init       main.o
    0x08001678   0x08001678   0x000000c0   Code   RO          236    i.Get_Temperature   main.o
    0x08001738   0x08001738   0x000000d8   Code   RO          886    i.HAL_ADCEx_Calibration_Start  stm32f1xx_hal_adc_ex.o
    0x08001810   0x08001810   0x00000002   Code   RO          888    i.HAL_ADCEx_InjectedConvCpltCallback  stm32f1xx_hal_adc_ex.o
    0x08001812   0x08001812   0x00000002   PAD
    0x08001814   0x08001814   0x000000fc   Code   RO          712    i.HAL_ADC_ConfigChannel  stm32f1xx_hal_adc.o
    0x08001910   0x08001910   0x0000006c   Code   RO          237    i.HAL_ADC_ConvCpltCallback  main.o
    0x0800197c   0x0800197c   0x00000002   Code   RO          714    i.HAL_ADC_ConvHalfCpltCallback  stm32f1xx_hal_adc.o
    0x0800197e   0x0800197e   0x00000002   Code   RO          716    i.HAL_ADC_ErrorCallback  stm32f1xx_hal_adc.o
    0x08001980   0x08001980   0x00000006   Code   RO          719    i.HAL_ADC_GetValue  stm32f1xx_hal_adc.o
    0x08001986   0x08001986   0x000000dc   Code   RO          720    i.HAL_ADC_IRQHandler  stm32f1xx_hal_adc.o
    0x08001a62   0x08001a62   0x00000002   PAD
    0x08001a64   0x08001a64   0x0000011c   Code   RO          721    i.HAL_ADC_Init      stm32f1xx_hal_adc.o
    0x08001b80   0x08001b80   0x00000002   Code   RO          722    i.HAL_ADC_LevelOutOfWindowCallback  stm32f1xx_hal_adc.o
    0x08001b82   0x08001b82   0x00000002   PAD
    0x08001b84   0x08001b84   0x000000dc   Code   RO          385    i.HAL_ADC_MspInit   adc.o
    0x08001c60   0x08001c60   0x0000010c   Code   RO          728    i.HAL_ADC_Start_DMA  stm32f1xx_hal_adc.o
    0x08001d6c   0x08001d6c   0x000000cc   Code   RO          729    i.HAL_ADC_Start_IT  stm32f1xx_hal_adc.o
    0x08001e38   0x08001e38   0x00000154   Code   RO         1368    i.HAL_DMA_IRQHandler  stm32f1xx_hal_dma.o
    0x08001f8c   0x08001f8c   0x0000005c   Code   RO         1369    i.HAL_DMA_Init      stm32f1xx_hal_dma.o
    0x08001fe8   0x08001fe8   0x00000070   Code   RO         1373    i.HAL_DMA_Start_IT  stm32f1xx_hal_dma.o
    0x08002058   0x08002058   0x00000024   Code   RO          989    i.HAL_Delay         stm32f1xx_hal.o
    0x0800207c   0x0800207c   0x000001e0   Code   RO         1299    i.HAL_GPIO_Init     stm32f1xx_hal_gpio.o
    0x0800225c   0x0800225c   0x0000000a   Code   RO         1303    i.HAL_GPIO_WritePin  stm32f1xx_hal_gpio.o
    0x08002266   0x08002266   0x00000002   PAD
    0x08002268   0x08002268   0x0000000c   Code   RO          993    i.HAL_GetTick       stm32f1xx_hal.o
    0x08002274   0x08002274   0x00000010   Code   RO          999    i.HAL_IncTick       stm32f1xx_hal.o
    0x08002284   0x08002284   0x00000024   Code   RO         1000    i.HAL_Init          stm32f1xx_hal.o
    0x080022a8   0x080022a8   0x00000040   Code   RO         1001    i.HAL_InitTick      stm32f1xx_hal.o
    0x080022e8   0x080022e8   0x0000003c   Code   RO          646    i.HAL_MspInit       stm32f1xx_hal_msp.o
    0x08002324   0x08002324   0x0000001a   Code   RO         1459    i.HAL_NVIC_EnableIRQ  stm32f1xx_hal_cortex.o
    0x0800233e   0x0800233e   0x00000002   PAD
    0x08002340   0x08002340   0x00000040   Code   RO         1465    i.HAL_NVIC_SetPriority  stm32f1xx_hal_cortex.o
    0x08002380   0x08002380   0x00000024   Code   RO         1466    i.HAL_NVIC_SetPriorityGrouping  stm32f1xx_hal_cortex.o
    0x080023a4   0x080023a4   0x000000a4   Code   RO         1260    i.HAL_RCCEx_GetPeriphCLKFreq  stm32f1xx_hal_rcc_ex.o
    0x08002448   0x08002448   0x000000ec   Code   RO         1261    i.HAL_RCCEx_PeriphCLKConfig  stm32f1xx_hal_rcc_ex.o
    0x08002534   0x08002534   0x0000012c   Code   RO         1157    i.HAL_RCC_ClockConfig  stm32f1xx_hal_rcc.o
    0x08002660   0x08002660   0x00000020   Code   RO         1164    i.HAL_RCC_GetPCLK1Freq  stm32f1xx_hal_rcc.o
    0x08002680   0x08002680   0x00000020   Code   RO         1165    i.HAL_RCC_GetPCLK2Freq  stm32f1xx_hal_rcc.o
    0x080026a0   0x080026a0   0x0000004c   Code   RO         1166    i.HAL_RCC_GetSysClockFreq  stm32f1xx_hal_rcc.o
    0x080026ec   0x080026ec   0x00000320   Code   RO         1169    i.HAL_RCC_OscConfig  stm32f1xx_hal_rcc.o
    0x08002a0c   0x08002a0c   0x00000028   Code   RO         1470    i.HAL_SYSTICK_Config  stm32f1xx_hal_cortex.o
    0x08002a34   0x08002a34   0x00000002   Code   RO         2665    i.HAL_TIMEx_BreakCallback  stm32f1xx_hal_tim_ex.o
    0x08002a36   0x08002a36   0x00000002   Code   RO         2666    i.HAL_TIMEx_CommutCallback  stm32f1xx_hal_tim_ex.o
    0x08002a38   0x08002a38   0x00000054   Code   RO         2668    i.HAL_TIMEx_ConfigBreakDeadTime  stm32f1xx_hal_tim_ex.o
    0x08002a8c   0x08002a8c   0x00000068   Code   RO         2684    i.HAL_TIMEx_MasterConfigSynchronization  stm32f1xx_hal_tim_ex.o
    0x08002af4   0x08002af4   0x0000005a   Code   RO         1961    i.HAL_TIM_Base_Init  stm32f1xx_hal_tim.o
    0x08002b4e   0x08002b4e   0x00000002   PAD
    0x08002b50   0x08002b50   0x00000050   Code   RO          457    i.HAL_TIM_Base_MspInit  tim.o
    0x08002ba0   0x08002ba0   0x00000058   Code   RO         1966    i.HAL_TIM_Base_Start_IT  stm32f1xx_hal_tim.o
    0x08002bf8   0x08002bf8   0x000000dc   Code   RO         1970    i.HAL_TIM_ConfigClockSource  stm32f1xx_hal_tim.o
    0x08002cd4   0x08002cd4   0x00000002   Code   RO         1995    i.HAL_TIM_IC_CaptureCallback  stm32f1xx_hal_tim.o
    0x08002cd6   0x08002cd6   0x00000130   Code   RO         2009    i.HAL_TIM_IRQHandler  stm32f1xx_hal_tim.o
    0x08002e06   0x08002e06   0x00000002   PAD
    0x08002e08   0x08002e08   0x00000064   Code   RO          458    i.HAL_TIM_MspPostInit  tim.o
    0x08002e6c   0x08002e6c   0x00000002   Code   RO         2012    i.HAL_TIM_OC_DelayElapsedCallback  stm32f1xx_hal_tim.o
    0x08002e6e   0x08002e6e   0x000000cc   Code   RO         2033    i.HAL_TIM_PWM_ConfigChannel  stm32f1xx_hal_tim.o
    0x08002f3a   0x08002f3a   0x0000005a   Code   RO         2036    i.HAL_TIM_PWM_Init  stm32f1xx_hal_tim.o
    0x08002f94   0x08002f94   0x00000002   Code   RO         2038    i.HAL_TIM_PWM_MspInit  stm32f1xx_hal_tim.o
    0x08002f96   0x08002f96   0x00000002   Code   RO         2039    i.HAL_TIM_PWM_PulseFinishedCallback  stm32f1xx_hal_tim.o
    0x08002f98   0x08002f98   0x0000009c   Code   RO         2041    i.HAL_TIM_PWM_Start  stm32f1xx_hal_tim.o
    0x08003034   0x08003034   0x0000000e   Code   RO          238    i.HAL_TIM_PeriodElapsedCallback  main.o
    0x08003042   0x08003042   0x00000002   Code   RO         2052    i.HAL_TIM_TriggerCallback  stm32f1xx_hal_tim.o
    0x08003044   0x08003044   0x00000064   Code   RO         2962    i.HAL_UART_Init     stm32f1xx_hal_uart.o
    0x080030a8   0x080030a8   0x00000070   Code   RO          511    i.HAL_UART_MspInit  usart.o
    0x08003118   0x08003118   0x000000a0   Code   RO         2970    i.HAL_UART_Transmit  stm32f1xx_hal_uart.o
    0x080031b8   0x080031b8   0x00000002   Code   RO          556    i.HardFault_Handler  stm32f1xx_it.o
    0x080031ba   0x080031ba   0x00000002   PAD
    0x080031bc   0x080031bc   0x00000040   Code   RO           13    i.IIC_Start         oled.o
    0x080031fc   0x080031fc   0x00000034   Code   RO           14    i.IIC_Stop          oled.o
    0x08003230   0x08003230   0x0000002c   Code   RO           15    i.IIC_Wait_Ack      oled.o
    0x0800325c   0x0800325c   0x00000090   Code   RO          386    i.MX_ADC1_Init      adc.o
    0x080032ec   0x080032ec   0x00000050   Code   RO          387    i.MX_ADC2_Init      adc.o
    0x0800333c   0x0800333c   0x0000002c   Code   RO          432    i.MX_DMA_Init       dma.o
    0x08003368   0x08003368   0x000000ac   Code   RO          360    i.MX_GPIO_Init      gpio.o
    0x08003414   0x08003414   0x000000c8   Code   RO          459    i.MX_TIM1_Init      tim.o
    0x080034dc   0x080034dc   0x00000098   Code   RO          460    i.MX_TIM2_Init      tim.o
    0x08003574   0x08003574   0x00000038   Code   RO          512    i.MX_USART3_UART_Init  usart.o
    0x080035ac   0x080035ac   0x00000002   Code   RO          557    i.MemManage_Handler  stm32f1xx_it.o
    0x080035ae   0x080035ae   0x00000002   Code   RO          558    i.NMI_Handler       stm32f1xx_it.o
    0x080035b0   0x080035b0   0x0000003c   Code   RO           16    i.OLED_Clear        oled.o
    0x080035ec   0x080035ec   0x00000138   Code   RO           20    i.OLED_Init         oled.o
    0x08003724   0x08003724   0x00000028   Code   RO           21    i.OLED_Set_Pos      oled.o
    0x0800374c   0x0800374c   0x0000008c   Code   RO           23    i.OLED_ShowChar     oled.o
    0x080037d8   0x080037d8   0x00000036   Code   RO           25    i.OLED_ShowString   oled.o
    0x0800380e   0x0800380e   0x00000044   Code   RO           26    i.OLED_WR_Byte      oled.o
    0x08003852   0x08003852   0x0000001c   Code   RO           27    i.OledDelay         oled.o
    0x0800386e   0x0800386e   0x00000010   Code   RO          239    i.PI_Init           main.o
    0x0800387e   0x0800387e   0x00000002   PAD
    0x08003880   0x08003880   0x00000080   Code   RO          240    i.PI_Update         main.o
    0x08003900   0x08003900   0x00000002   Code   RO          559    i.PendSV_Handler    stm32f1xx_it.o
    0x08003902   0x08003902   0x00000002   Code   RO          560    i.SVC_Handler       stm32f1xx_it.o
    0x08003904   0x08003904   0x00000004   Code   RO          561    i.SysTick_Handler   stm32f1xx_it.o
    0x08003908   0x08003908   0x00000078   Code   RO          241    i.SystemClock_Config  main.o
    0x08003980   0x08003980   0x00000002   Code   RO         3296    i.SystemInit        system_stm32f1xx.o
    0x08003982   0x08003982   0x00000002   PAD
    0x08003984   0x08003984   0x0000000c   Code   RO          562    i.TIM2_IRQHandler   stm32f1xx_it.o
    0x08003990   0x08003990   0x00000078   Code   RO         2054    i.TIM_Base_SetConfig  stm32f1xx_hal_tim.o
    0x08003a08   0x08003a08   0x0000001a   Code   RO         2055    i.TIM_CCxChannelCmd  stm32f1xx_hal_tim.o
    0x08003a22   0x08003a22   0x00000014   Code   RO         2065    i.TIM_ETR_SetConfig  stm32f1xx_hal_tim.o
    0x08003a36   0x08003a36   0x00000010   Code   RO         2066    i.TIM_ITRx_SetConfig  stm32f1xx_hal_tim.o
    0x08003a46   0x08003a46   0x00000002   PAD
    0x08003a48   0x08003a48   0x00000050   Code   RO         2067    i.TIM_OC1_SetConfig  stm32f1xx_hal_tim.o
    0x08003a98   0x08003a98   0x00000058   Code   RO         2068    i.TIM_OC2_SetConfig  stm32f1xx_hal_tim.o
    0x08003af0   0x08003af0   0x00000058   Code   RO         2069    i.TIM_OC3_SetConfig  stm32f1xx_hal_tim.o
    0x08003b48   0x08003b48   0x00000044   Code   RO         2070    i.TIM_OC4_SetConfig  stm32f1xx_hal_tim.o
    0x08003b8c   0x08003b8c   0x00000022   Code   RO         2072    i.TIM_TI1_ConfigInputStage  stm32f1xx_hal_tim.o
    0x08003bae   0x08003bae   0x00000024   Code   RO         2074    i.TIM_TI2_ConfigInputStage  stm32f1xx_hal_tim.o
    0x08003bd2   0x08003bd2   0x0000004e   Code   RO         2985    i.UART_EndRxTransfer  stm32f1xx_hal_uart.o
    0x08003c20   0x08003c20   0x000000b8   Code   RO         2988    i.UART_SetConfig    stm32f1xx_hal_uart.o
    0x08003cd8   0x08003cd8   0x00000072   Code   RO         2991    i.UART_WaitOnFlagUntilTimeout  stm32f1xx_hal_uart.o
    0x08003d4a   0x08003d4a   0x00000002   Code   RO          563    i.UsageFault_Handler  stm32f1xx_it.o
    0x08003d4c   0x08003d4c   0x00000054   Code   RO           28    i.Write_IIC_Byte    oled.o
    0x08003da0   0x08003da0   0x00000028   Code   RO         3524    i.__ARM_fpclassify  m_ws.l(fpclassify.o)
    0x08003dc8   0x08003dc8   0x00000020   Code   RO         1472    i.__NVIC_SetPriority  stm32f1xx_hal_cortex.o
    0x08003de8   0x08003de8   0x0000000a   Code   RO         3447    i.__mathlib_flt_divzero  m_ws.l(funder.o)
    0x08003df2   0x08003df2   0x00000006   Code   RO         3448    i.__mathlib_flt_infnan  m_ws.l(funder.o)
    0x08003df8   0x08003df8   0x00000008   Code   RO         3450    i.__mathlib_flt_invalid  m_ws.l(funder.o)
    0x08003e00   0x08003e00   0x0000000e   Code   RO         3352    i._is_digit         c_w.l(__printf_wp.o)
    0x08003e0e   0x08003e0e   0x00000002   PAD
    0x08003e10   0x08003e10   0x00000190   Code   RO         3405    i.logf              m_ws.l(logf.o)
    0x08003fa0   0x08003fa0   0x000002a8   Code   RO          242    i.main              main.o
    0x08004248   0x08004248   0x0000002c   Code   RO         3415    i.sqrtf             m_ws.l(sqrtf.o)
    0x08004274   0x08004274   0x0000002c   Code   RO         3518    locale$$code        c_w.l(lc_numeric_c.o)
    0x080042a0   0x080042a0   0x0000000c   Code   RO         3434    x$fpl$dretinf       fz_ws.l(dretinf.o)
    0x080042ac   0x080042ac   0x00000056   Code   RO         3370    x$fpl$f2d           fz_ws.l(f2d.o)
    0x08004302   0x08004302   0x00000002   PAD
    0x08004304   0x08004304   0x000000c4   Code   RO         3372    x$fpl$fadd          fz_ws.l(faddsub_clz.o)
    0x080043c8   0x080043c8   0x0000000c   Code   RO         3436    x$fpl$fcheck1       fz_ws.l(fcheck1.o)
    0x080043d4   0x080043d4   0x00000018   Code   RO         3438    x$fpl$fcmpinf       fz_ws.l(fcmpi.o)
    0x080043ec   0x080043ec   0x00000184   Code   RO         3379    x$fpl$fdiv          fz_ws.l(fdiv.o)
    0x08004570   0x08004570   0x0000003e   Code   RO         3382    x$fpl$ffixu         fz_ws.l(ffixu.o)
    0x080045ae   0x080045ae   0x00000002   PAD
    0x080045b0   0x080045b0   0x00000030   Code   RO         3387    x$fpl$fflt          fz_ws.l(fflt_clz.o)
    0x080045e0   0x080045e0   0x00000060   Code   RO         3392    x$fpl$ffltll        fz_ws.l(ffltll_clz.o)
    0x08004640   0x08004640   0x00000026   Code   RO         3386    x$fpl$ffltu         fz_ws.l(fflt_clz.o)
    0x08004666   0x08004666   0x00000002   PAD
    0x08004668   0x08004668   0x00000068   Code   RO         3394    x$fpl$fleqf         fz_ws.l(fleqf.o)
    0x080046d0   0x080046d0   0x00000102   Code   RO         3396    x$fpl$fmul          fz_ws.l(fmul.o)
    0x080047d2   0x080047d2   0x0000008c   Code   RO         3440    x$fpl$fnaninf       fz_ws.l(fnaninf.o)
    0x0800485e   0x0800485e   0x0000000a   Code   RO         3442    x$fpl$fretinf       fz_ws.l(fretinf.o)
    0x08004868   0x08004868   0x00000062   Code   RO         3398    x$fpl$frleqf        fz_ws.l(frleqf.o)
    0x080048ca   0x080048ca   0x00000002   PAD
    0x080048cc   0x080048cc   0x00000110   Code   RO         3444    x$fpl$fsqrt         fz_ws.l(fsqrt.o)
    0x080049dc   0x080049dc   0x000000ea   Code   RO         3374    x$fpl$fsub          fz_ws.l(faddsub_clz.o)
    0x08004ac6   0x08004ac6   0x00000004   Code   RO         3400    x$fpl$printf1       fz_ws.l(printf1.o)
    0x08004aca   0x08004aca   0x00000064   Code   RO         3522    x$fpl$retnan        fz_ws.l(retnan.o)
    0x08004b2e   0x08004b2e   0x0000004c   Code   RO         3402    x$fpl$scalbnf       fz_ws.l(scalbnf.o)
    0x08004b7a   0x08004b7a   0x00000030   Code   RO         3586    x$fpl$trapveneer    fz_ws.l(trapv.o)
    0x08004baa   0x08004baa   0x00000000   Code   RO         3446    x$fpl$usenofp       fz_ws.l(usenofp.o)
    0x08004baa   0x08004baa   0x00000d98   Data   RO           29    .constdata          oled.o
    0x08005942   0x08005942   0x00000012   Data   RO         1170    .constdata          stm32f1xx_hal_rcc.o
    0x08005954   0x08005954   0x00000012   Data   RO         1262    .constdata          stm32f1xx_hal_rcc_ex.o
    0x08005966   0x08005966   0x00000010   Data   RO         3297    .constdata          system_stm32f1xx.o
    0x08005976   0x08005976   0x00000008   Data   RO         3298    .constdata          system_stm32f1xx.o
    0x0800597e   0x0800597e   0x00000011   Data   RO         3355    .constdata          c_w.l(__printf_flags_wp.o)
    0x0800598f   0x0800598f   0x00000001   PAD
    0x08005990   0x08005990   0x00000040   Data   RO         3406    .constdata          m_ws.l(logf.o)
    0x080059d0   0x080059d0   0x00000094   Data   RO         3493    .constdata          c_w.l(bigflt0.o)
    0x08005a64   0x08005a64   0x00000020   Data   RO         3669    Region$$Table       anon$$obj.o
    0x08005a84   0x08005a84   0x0000001c   Data   RO         3517    locale$$data        c_w.l(lc_numeric_c.o)


    Execution Region RW_IRAM1 (Exec base: 0x20000000, Load base: 0x08005aa0, Size: 0x00000d78, Max: 0x00005000, ABSOLUTE)

    Exec Addr    Load Addr    Size         Type   Attr      Idx    E Section Name        Object

    0x20000000   0x08005aa0   0x00000048   Data   RW          244    .data               main.o
    0x20000048   0x08005ae8   0x0000000c   Data   RW         1007    .data               stm32f1xx_hal.o
    0x20000054   0x08005af4   0x00000004   Data   RW         3299    .data               system_stm32f1xx.o
    0x20000058        -       0x00000544   Zero   RW          243    .bss                main.o
    0x2000059c        -       0x000000a4   Zero   RW          388    .bss                adc.o
    0x20000640        -       0x00000090   Zero   RW          461    .bss                tim.o
    0x200006d0        -       0x00000048   Zero   RW          513    .bss                usart.o
    0x20000718        -       0x00000060   Zero   RW         3527    .bss                c_w.l(libspace.o)
    0x20000778        -       0x00000200   Zero   RW            2    HEAP                startup_stm32f103xb.o
    0x20000978        -       0x00000400   Zero   RW            1    STACK               startup_stm32f103xb.o


==============================================================================

Image component sizes


      Code (inc. data)   RO Data    RW Data    ZI Data      Debug   Object Name

       444         40          0          0        164       2424   adc.o
        44          4          0          0          0        734   dma.o
       172         12          0          0          0        943   gpio.o
      1746        232          0         72       1348      11380   main.o
       946         38       3480          0          0     454130   oled.o
        64         26        236          0       1536        800   startup_stm32f103xb.o
       164         28          0         12          0       5805   stm32f1xx_hal.o
      1564         66          0          0          0      10585   stm32f1xx_hal_adc.o
       218          6          0          0          0       1939   stm32f1xx_hal_adc_ex.o
       198         14          0          0          0      28863   stm32f1xx_hal_cortex.o
       586         32          0          0          0       3535   stm32f1xx_hal_dma.o
       490         34          0          0          0       2856   stm32f1xx_hal_gpio.o
        60          8          0          0          0        850   stm32f1xx_hal_msp.o
      1240         84         18          0          0       5040   stm32f1xx_hal_rcc.o
       400         28         18          0          0       2429   stm32f1xx_hal_rcc_ex.o
      1738         56          0          0          0      15850   stm32f1xx_hal_tim.o
       192         12          0          0          0       3129   stm32f1xx_hal_tim_ex.o
       636          6          0          0          0       4560   stm32f1xx_hal_uart.o
        72         22          0          0          0       5079   stm32f1xx_it.o
         2          0         24          4          0       1083   system_stm32f1xx.o
       532         36          0          0        144       3109   tim.o
       168         20          0          0         72       1630   usart.o

    ----------------------------------------------------------------------
     11700        804       3808         88       3264     566753   Object Totals
         0          0         32          0          0          0   (incl. Generated)
        24          0          0          0          0          0   (incl. Padding)

    ----------------------------------------------------------------------

      Code (inc. data)   RO Data    RW Data    ZI Data      Debug   Library Member Name

         8          0          0          0          0         68   __main.o
       312          4         17          0          0         92   __printf_flags_wp.o
        14          0          0          0          0         68   __printf_wp.o
         0          0          0          0          0          0   __rtentry.o
        12          0          0          0          0          0   __rtentry2.o
         6          0          0          0          0          0   __rtentry4.o
        52          8          0          0          0          0   __scatter.o
        26          0          0          0          0          0   __scatter_copy.o
        28          0          0          0          0          0   __scatter_zi.o
        48          6          0          0          0         96   _printf_char_common.o
         6          0          0          0          0          0   _printf_f.o
      1054          0          0          0          0        216   _printf_fp_dec.o
       128         16          0          0          0         84   _printf_fp_infnan.o
        78          0          0          0          0        108   _printf_pad.o
         0          0          0          0          0          0   _printf_percent.o
         4          0          0          0          0          0   _printf_percent_end.o
        22          0          0          0          0        100   _rserrno.o
        16          0          0          0          0         68   _snputc.o
        10          0          0          0          0         68   _sputc.o
       228          4        148          0          0         96   bigflt0.o
      1936        128          0          0          0        672   btod.o
        18          0          0          0          0         80   exit.o
         6          0          0          0          0        152   heapauxi.o
         0          0          0          0          0          0   indicate_semi.o
        44         10         28          0          0         76   lc_numeric_c.o
         2          0          0          0          0          0   libinit.o
        18          0          0          0          0          0   libinit2.o
         2          0          0          0          0          0   libshutdown.o
         2          0          0          0          0          0   libshutdown2.o
         8          4          0          0         96         68   libspace.o
       138          0          0          0          0         80   lludiv10.o
        52          4          0          0          0         84   noretval__2snprintf.o
         8          4          0          0          0         68   rt_errno_addr_intlibspace.o
         8          4          0          0          0         68   rt_locale_intlibspace.o
        78          0          0          0          0         80   rt_memclr_w.o
         2          0          0          0          0          0   rtexit.o
        10          0          0          0          0          0   rtexit2.o
       128          0          0          0          0         68   strcmpv7m.o
        12          4          0          0          0         68   sys_exit.o
        74          0          0          0          0         80   sys_stackheap_outer.o
         2          0          0          0          0         68   use_no_semi.o
        12          0          0          0          0         68   dretinf.o
        86          4          0          0          0         84   f2d.o
       430          8          0          0          0        168   faddsub_clz.o
        12          4          0          0          0         68   fcheck1.o
        24          0          0          0          0         68   fcmpi.o
       388         76          0          0          0         96   fdiv.o
        62          4          0          0          0         84   ffixu.o
        86          0          0          0          0        136   fflt_clz.o
        96          0          0          0          0         84   ffltll_clz.o
       104          4          0          0          0         84   fleqf.o
       258          4          0          0          0         84   fmul.o
       140          4          0          0          0         84   fnaninf.o
        10          0          0          0          0         68   fretinf.o
        98          0          0          0          0         68   frleqf.o
       272        100          0          0          0         88   fsqrt.o
         4          0          0          0          0         68   printf1.o
       100          0          0          0          0         68   retnan.o
        76          0          0          0          0         68   scalbnf.o
        48          0          0          0          0         68   trapv.o
         0          0          0          0          0          0   usenofp.o
        40          0          0          0          0         68   fpclassify.o
        24          0          0          0          0        204   funder.o
       400         38         64          0          0        132   logf.o
        44          0          0          0          0         80   sqrtf.o

    ----------------------------------------------------------------------
      7434        442        258          0         96       4864   Library Totals
        20          0          1          0          0          0   (incl. Padding)

    ----------------------------------------------------------------------

      Code (inc. data)   RO Data    RW Data    ZI Data      Debug   Library Name

      4600        196        193          0         96       2776   c_w.l
      2306        208          0          0          0       1604   fz_ws.l
       508         38         64          0          0        484   m_ws.l

    ----------------------------------------------------------------------
      7434        442        258          0         96       4864   Library Totals

    ----------------------------------------------------------------------

==============================================================================


      Code (inc. data)   RO Data    RW Data    ZI Data      Debug   

     19134       1246       4066         88       3360     562773   Grand Totals
     19134       1246       4066         88       3360     562773   ELF Image Totals
     19134       1246       4066         88          0          0   ROM Totals

==============================================================================

    Total RO  Size (Code + RO Data)                23200 (  22.66kB)
    Total RW  Size (RW Data + ZI Data)              3448 (   3.37kB)
    Total ROM Size (Code + RO Data + RW Data)      23288 (  22.74kB)

==============================================================================

